******************************************************************************
             TMS320C2000 Linker PC v15.12.1                    
******************************************************************************
>> Linked Tue Jul 26 13:20:01 2016

OUTPUT FILE NAME:   <proj_lab10a.out>
ENTRY POINT SYMBOL: "_c_int00"  address: 003f3819


MEMORY CONFIGURATION

         name            origin    length      used     unused   attr    fill
----------------------  --------  ---------  --------  --------  ----  --------
PAGE 0:
  P_RAML0               00008000   00000800  00000769  00000097  RWIX
  OTP                   003d7800   00000400  00000000  00000400  RWIX
  FLASHB_D              003f0000   00006000  00003bf5  0000240b  RWIX
  CSM_RSVD              003f7f80   00000076  00000000  00000076  RWIX
  BEGIN                 003f7ff6   00000002  00000002  00000000  RWIX
  CSM_PWL_P0            003f7ff8   00000008  00000000  00000008  RWIX
  IQTABLES              003fe000   00000b50  00000000  00000b50  RWIX
  IQTABLES2             003feb50   0000008c  00000000  0000008c  RWIX
  IQTABLES3             003febdc   000000aa  00000000  000000aa  RWIX
  ROM                   003ff27c   00000d44  00000000  00000d44  RWIX
  RESET                 003fffc0   00000002  00000000  00000002  RWIX
  VECTORS               003fffc2   0000003e  00000000  0000003e  RWIX

PAGE 1:
  RAMM0_M1              00000000   00000600  0000058c  00000074  RWIX
  D_RAML0               00008800   00000800  000000f5  0000070b  RWIX
  D_FLASHA              003f6000   00001f80  0000008a  00001ef6  RWIX


SECTION ALLOCATION MAP

 output                                  attributes/
section   page    origin      length       input sections
--------  ----  ----------  ----------   ----------------
ramfuncs   0    003f0000    00000769     RUN ADDR = 00008000
                  003f0000    00000513     ctrl.obj (ramfuncs)
                  003f0513    00000202     proj_lab10a.obj (ramfuncs:retain)
                  003f0715    00000032     flash.obj (ramfuncs)
                  003f0747    0000001e     hal.obj (ramfuncs)
                  003f0765    00000004     usDelay.obj (ramfuncs)

.text      0    003f0769    000033d3     
                  003f0769    00000e94     fast_public.lib : ctrl_priv.obj (.text)
                  003f15fd    000008ab     hal.obj (.text)
                  003f1ea8    0000045d     ctrl.obj (.text)
                  003f2305    0000045b     user.obj (.text)
                  003f2760    0000039d     proj_lab10a.obj (.text)
                  003f2afd    000002f6     pwm.obj (.text)
                  003f2df3    000002d1     drv8301.obj (.text)
                  003f30c4    000001f5     adc.obj (.text)
                  003f32b9    00000154     gpio.obj (.text)
                  003f340d    0000012b     clk.obj (.text)
                  003f3538    000000ff     pie.obj (.text)
                  003f3637    000000a9     spi.obj (.text)
                  003f36e0    00000073     rts2800_ml.lib : e_sqrtf.obj (.text)
                  003f3753    0000006b                    : s_ceilf.obj (.text)
                  003f37be    0000005b     pll.obj (.text)
                  003f3819    00000054     rts2800_ml.lib : boot.obj (.text)
                  003f386d    00000047     offset.obj (.text)
                  003f38b4    00000046     rts2800_ml.lib : cpy_tbl.obj (.text)
                  003f38fa    00000046     wdog.obj (.text)
                  003f3940    00000044     pwr.obj (.text)
                  003f3984    00000032     timer.obj (.text)
                  003f39b6    0000002d     osc.obj (.text)
                  003f39e3    0000002a     rts2800_ml.lib : l_div.obj (.text)
                  003f3a0d    00000029                    : exit.obj (.text)
                  003f3a36    00000025     cpu.obj (.text)
                  003f3a5b    00000021     filter_fo.obj (.text)
                  003f3a7c    00000021     rts2800_ml.lib : fs_toul.obj (.text)
                  003f3a9d    00000020     flash.obj (.text)
                  003f3abd    0000001d     rts2800_ml.lib : fs_tou.obj (.text)
                  003f3ada    0000001a                    : cpy_utils.obj (.text)
                  003f3af4    00000019                    : args_main.obj (.text)
                  003f3b0d    00000010     memCopy.obj (.text)
                  003f3b1d    00000009     rts2800_ml.lib : _lock.obj (.text)
                  003f3b26    00000008     CodeStartBranch.obj (.text)
                  003f3b2e    00000006     svgen_current.obj (.text)
                  003f3b34    00000005     pie.obj (.text:retain)
                  003f3b39    00000002     rts2800_ml.lib : pre_init.obj (.text)
                  003f3b3b    00000001                    : startup.obj (.text)

.cinit     0    003f3b3c    000000b9     
                  003f3b3c    0000009b     proj_lab10a.obj (.cinit)
                  003f3bd7    0000000e     rts2800_ml.lib : exit.obj (.cinit)
                  003f3be5    00000005                    : _lock.obj (.cinit:__lock)
                  003f3bea    00000005                    : _lock.obj (.cinit:__unlock)
                  003f3bef    00000004     drv8301.obj (.cinit)
                  003f3bf3    00000002     --HOLE-- [fill = 0]

.pinit     0    003f0000    00000000     UNINITIALIZED

codestart 
*          0    003f7ff6    00000002     
                  003f7ff6    00000002     CodeStartBranch.obj (codestart)

rom_accessed_data 
*          1    00000000    00000302     UNINITIALIZED
                  00000000    00000208     proj_lab10a.obj (rom_accessed_data)
                  00000208    00000038     --HOLE--
                  00000240    000000c2     hal.obj (rom_accessed_data)

.switch    1    00000000    00000000     UNINITIALIZED

.stack     1    00000302    00000200     UNINITIALIZED
                  00000302    00000200     --HOLE--

.ebss      1    00008800    000000f5     UNINITIALIZED
                  00008800    000000e8     proj_lab10a.obj (.ebss)
                  000088e8    00000006     rts2800_ml.lib : exit.obj (.ebss)
                  000088ee    00000002                    : _lock.obj (.ebss:__lock)
                  000088f0    00000002                    : _lock.obj (.ebss:__unlock)
                  000088f2    00000002     drv8301.obj (.ebss)
                  000088f4    00000001     cpu.obj (.ebss)

.econst    1    003f6000    0000008a     RUN ADDR = 00000502
                  003f6000    0000005c     fast_public.lib : ctrl_priv.obj (.econst)
                  003f605c    00000008     user.obj (.econst)
                  003f6064    00000004     ctrl.obj (.econst:_$P$T0$1)
                  003f6068    00000004     ctrl.obj (.econst:_$P$T1$2)
                  003f606c    00000004     ctrl.obj (.econst:_$P$T2$3)
                  003f6070    00000004     ctrl.obj (.econst:_$P$T3$4)
                  003f6074    00000004     ctrl.obj (.econst:_$P$T4$5)
                  003f6078    00000004     ctrl.obj (.econst:_$P$T5$6)
                  003f607c    00000004     ctrl.obj (.econst)
                  003f6080    00000004     hal.obj (.econst)
                  003f6084    00000004     rts2800_ml.lib : e_sqrtf.obj (.econst)
                  003f6088    00000002                    : s_ceilf.obj (.econst)

.reset     0    003fffc0    00000002     DSECT
                  003fffc0    00000002     rts2800_ml.lib : boot.obj (.reset)

vectors    0    003fffc2    00000000     DSECT

MODULE SUMMARY

       Module                code    ro data   rw data
       ------                ----    -------   -------
    .\
       ctrl.obj              3715    0         56     
       proj_lab10a.obj       1953    0         907    
       hal.obj               2279    0         202    
       user.obj              1115    0         16     
       pwm.obj               758     0         0      
       drv8301.obj           721     0         6      
       adc.obj               501     0         0      
       gpio.obj              340     0         0      
       clk.obj               299     0         0      
       pie.obj               260     0         0      
       spi.obj               169     0         0      
       flash.obj             132     0         0      
       pll.obj               91      0         0      
       offset.obj            71      0         0      
       wdog.obj              70      0         0      
       pwr.obj               68      0         0      
       timer.obj             50      0         0      
       osc.obj               45      0         0      
       cpu.obj               37      0         1      
       filter_fo.obj         33      0         0      
       memCopy.obj           16      0         0      
       CodeStartBranch.obj   10      0         0      
       usDelay.obj           8       0         0      
       svgen_current.obj     6       0         0      
    +--+---------------------+-------+---------+---------+
       Total:                12747   0         1188   
                                                      
    C:/ti/ccsv6/tools/compiler/ti-cgt-c2000_15.12.1.LTS/lib/rts2800_ml.lib
       e_sqrtf.obj           115     0         8      
       s_ceilf.obj           107     0         4      
       boot.obj              84      0         0      
       cpy_tbl.obj           70      0         0      
       exit.obj              41      0         20     
       l_div.obj             42      0         0      
       fs_toul.obj           33      0         0      
       fs_tou.obj            29      0         0      
       cpy_utils.obj         26      0         0      
       args_main.obj         25      0         0      
       _lock.obj             9       0         14     
       pre_init.obj          2       0         0      
       startup.obj           1       0         0      
    +--+---------------------+-------+---------+---------+
       Total:                584     0         46     
                                                      
    C:/ti/motorware/motorware_1_01_00_16/sw/modules/fast/lib/32b/f28x/f2802x/fast_public.lib
       ctrl_priv.obj         3732    0         184    
    +--+---------------------+-------+---------+---------+
       Total:                3732    0         184    
                                                      
       Stack:                0       0         512    
    +--+---------------------+-------+---------+---------+
       Grand Total:          17063   0         1930   


GLOBAL DATA SYMBOLS: SORTED BY DATA PAGE

address     data page           name
--------    ----------------    ----
00000000       0 (00000000)     _halHandle

00000040       1 (00000040)     _gUserParams

00000100       4 (00000100)     _ctrl

00000240       9 (00000240)     _hal

00000302       c (00000300)     __stack

00008800     220 (00008800)     _Flag_Latch_softwareUpdate
00008801     220 (00008800)     _gCounter_updateGlobals
00008802     220 (00008800)     _gCmpOffset
00008803     220 (00008800)     _gIavg_shift
00008804     220 (00008800)     _gLEDcnt
00008806     220 (00008800)     _gMaxCurrentSlope
00008808     220 (00008800)     _ctrlHandle
0000880a     220 (00008800)     _contador_voltas
0000880c     220 (00008800)     _angle_pu
0000880e     220 (00008800)     _gFlux_pu_to_Wb_sf
00008810     220 (00008800)     _svgencurrent
00008812     220 (00008800)     _gTorque_Ls_Id_Iq_pu_to_Nm_sf
00008814     220 (00008800)     _gTorque_Flux_Iq_pu_to_Nm_sf
00008816     220 (00008800)     _svgencurrentHandle
00008818     220 (00008800)     _gFlux_pu_to_VpHz_sf
0000881a     220 (00008800)     _phasor
0000881e     220 (00008800)     _gIavg
00008824     220 (00008800)     _gPwmData
0000882a     220 (00008800)     _gAdcData

00008840     221 (00008840)     _gDrvSpi8301Vars

00008880     222 (00008880)     _gMotorVars

000088e8     223 (000088c0)     ___TI_enable_exit_profile_output
000088ea     223 (000088c0)     ___TI_cleanup_ptr
000088ec     223 (000088c0)     ___TI_dtors_ptr
000088ee     223 (000088c0)     __lock
000088f0     223 (000088c0)     __unlock
000088f4     223 (000088c0)     _cpu


GLOBAL SYMBOLS: SORTED ALPHABETICALLY BY Name 

page  address   name                                             
----  -------   ----                                             
0     003f0769  .text                                            
0     003f3a0d  C$$EXIT                                          
abs   003fdc5e  FD$$MPY                                          
abs   003fdf7b  FD$$TOL                                          
abs   003fdeb8  FS$$ADD                                          
abs   003fdf2b  FS$$CMP                                          
abs   003fdce1  FS$$DIV                                          
abs   003fdde7  FS$$MPY                                          
abs   003fff4d  FS$$NEG                                          
abs   003fdfb7  FS$$TOFD                                         
abs   003fff0e  FS$$TOI                                          
0     003f3abd  FS$$TOU                                          
0     003f3a7c  FS$$TOUL                                         
abs   003fff33  I$$TOFS                                          
0     003f39e3  L$$DIV                                           
0     003f39f2  L$$MOD                                           
abs   003ff8bd  U$$TOFS                                          
0     003f3a00  UL$$DIV                                          
0     003f3a07  UL$$MOD                                          
abs   003ff8aa  UL$$TOFS                                         
0     003f32af  _ADC_disable                                     
0     003f32a5  _ADC_disableBandGap                              
0     003f328e  _ADC_disableInt                                  
0     003f3284  _ADC_disableNoOverlapMode                        
0     003f327a  _ADC_disableRefBuffers                           
0     003f3270  _ADC_disableVoltRefLoConv                        
0     003f3266  _ADC_enable                                      
0     003f325c  _ADC_enableBandGap                               
0     003f3246  _ADC_enableInt                                   
0     003f323c  _ADC_enableNoOverlapMode                         
0     003f3232  _ADC_enableRefBuffers                            
0     003f3228  _ADC_enableVoltRefLoConv                         
0     003f3221  _ADC_getDivideSelect                             
0     003f3219  _ADC_init                                        
0     003f320f  _ADC_powerDown                                   
0     003f3205  _ADC_powerUp                                     
0     003f31fb  _ADC_reset                                       
0     003f31ea  _ADC_setDivideSelect                             
0     003f31c9  _ADC_setIntMode                                  
0     003f31b8  _ADC_setIntPulseGenMode                          
0     003f3197  _ADC_setIntSrc                                   
0     003f318d  _ADC_setOffTrim                                  
0     003f3176  _ADC_setSampleMode                               
0     003f3163  _ADC_setSampleOverlapMode                        
0     003f314f  _ADC_setSocChanNumber                            
0     003f3142  _ADC_setSocFrc                                   
0     003f3138  _ADC_setSocFrcWord                               
0     003f3124  _ADC_setSocSampleDelay                           
0     003f3110  _ADC_setSocTrigSrc                               
0     003f30ff  _ADC_setTempSensorSrc                            
0     003f30ee  _ADC_setVoltRefSrc                               
0     003f30c4  _ADC_setupSocTrigSrc                             
0     003f3531  _CLK_disableAdcClock                             
0     003f352b  _CLK_disableClkIn                                
0     003f3527  _CLK_disableCompClock                            
0     003f3520  _CLK_disableCpuTimerClock                        
0     003f351a  _CLK_disableCrystalOsc                           
0     003f3513  _CLK_disableEcap1Clock                           
0     003f350c  _CLK_disableGpioInputClock                       
0     003f3505  _CLK_disableHrPwmClock                           
0     003f34fe  _CLK_disableI2cClock                             
0     003f34f8  _CLK_disableOsc1                                 
0     003f34f2  _CLK_disableOsc1HaltMode                         
0     003f34ec  _CLK_disableOsc2                                 
0     003f34e6  _CLK_disableOsc2HaltMode                         
0     003f34dc  _CLK_disablePwmClock                             
0     003f34d5  _CLK_disableSciaClock                            
0     003f34ce  _CLK_disableSpiaClock                            
0     003f34c7  _CLK_disableTbClockSync                          
0     003f34c1  _CLK_disableWatchDogHaltMode                     
0     003f34ba  _CLK_enableAdcClock                              
0     003f34b4  _CLK_enableClkIn                                 
0     003f34ae  _CLK_enableCompClock                             
0     003f34a8  _CLK_enableCpuTimerClock                         
0     003f34a2  _CLK_enableCrystalOsc                            
0     003f349b  _CLK_enableEcap1Clock                            
0     003f3494  _CLK_enableGpioInputClock                        
0     003f348d  _CLK_enableHrPwmClock                            
0     003f3486  _CLK_enableI2cClock                              
0     003f3480  _CLK_enableOsc1                                  
0     003f347a  _CLK_enableOsc1HaltMode                          
0     003f3474  _CLK_enableOsc2                                  
0     003f346e  _CLK_enableOsc2HaltMode                          
0     003f3465  _CLK_enablePwmClock                              
0     003f345e  _CLK_enableSciaClock                             
0     003f3457  _CLK_enableSpiaClock                             
0     003f3450  _CLK_enableTbClockSync                           
0     003f344a  _CLK_enableWatchDogHaltMode                      
0     003f3444  _CLK_init                                        
0     003f343d  _CLK_setClkOutPreScaler                          
0     003f3437  _CLK_setLowSpdPreScaler                          
0     003f3430  _CLK_setOsc2Src                                  
0     003f3429  _CLK_setOscSrc                                   
0     003f3422  _CLK_setTimer2PreScale                           
0     003f341b  _CLK_setTimer2Src                                
0     003f3414  _CLK_setWatchDogSrc                              
0     003f340d  _CLK_setXClkInSrc                                
0     003f3a58  _CPU_clearIntFlags                               
0     003f3a55  _CPU_disableDebugInt                             
0     003f3a52  _CPU_disableGlobalInts                           
0     003f3a4d  _CPU_disableInt                                  
0     003f3a4a  _CPU_disableInts                                 
0     003f3a47  _CPU_disableProtectedRegisterWrite               
0     003f3a44  _CPU_enableDebugInt                              
0     003f3a41  _CPU_enableGlobalInts                            
0     003f3a3d  _CPU_enableInt                                   
0     003f3a3a  _CPU_enableProtectedRegisterWrite                
0     003f3a36  _CPU_init                                        
0     003f22c9  _CTRL_getGains                                   
0     003f22c2  _CTRL_getIab_filt_pu                             
0     003f22bb  _CTRL_getIab_in_pu                               
0     003f22b4  _CTRL_getIdq_in_pu                               
0     003f22ad  _CTRL_getIdq_ref_pu                              
0     003f2302  _CTRL_getMagCurrent_pu                           
0     003f22ff  _CTRL_getMaximumSpeed_pu                         
0     003f22a6  _CTRL_getVab_in_pu                               
0     003f229f  _CTRL_getVab_out_pu                              
0     003f2298  _CTRL_getVdq_out_pu                              
0     003f15f3  _CTRL_getVersion                                 
0     003f228f  _CTRL_getWaitTimes                               
abs   003fd88b  _CTRL_initCtrl                                   
0     0000800a  _CTRL_run                                        
0     003f1527  _CTRL_runTraj                                    
0     003f0dc1  _CTRL_setEstParams                               
0     003f200f  _CTRL_setGains                                   
0     003f22f9  _CTRL_setMagCurrent_pu                           
0     003f22fc  _CTRL_setMaximumSpeed_pu                         
0     003f2037  _CTRL_setParams                                  
0     003f1ffc  _CTRL_setSpd_ref_krpm                            
0     003f1ff9  _CTRL_setSpd_ref_pu                              
0     003f0c8e  _CTRL_setUserMotorParams                         
0     003f1ff0  _CTRL_setWaitTimes                               
0     00008000  _CTRL_setup                                      
0     003f1fd4  _CTRL_setupClarke_I                              
0     003f1fbe  _CTRL_setupClarke_V                              
0     003f0aa6  _CTRL_setupCtrl                                  
0     003f0908  _CTRL_setupEstIdleState                          
0     003f08cd  _CTRL_setupEstOnLineState                        
0     003f0769  _CTRL_setupTraj                                  
0     003f1f5b  _CTRL_setup_user                                 
0     003f1ea8  _CTRL_updateState                                
0     003f30a2  _DRV8301_enable                                  
0     003f3090  _DRV8301_getDcCalMode                            
0     003f3075  _DRV8301_getFaultType                            
0     003f306f  _DRV8301_getId                                   
0     003f3068  _DRV8301_getOcLevel                              
0     003f3061  _DRV8301_getOcMode                               
0     003f305a  _DRV8301_getOcOffTimeMode                        
0     003f3053  _DRV8301_getOcTwMode                             
0     003f304c  _DRV8301_getPeakCurrent                          
0     003f3045  _DRV8301_getPwmMode                              
0     003f303e  _DRV8301_getShuntAmpGain                         
0     003f3035  _DRV8301_init                                    
0     003f302f  _DRV8301_isFault                                 
0     003f3028  _DRV8301_isReset                                 
0     003f2fb2  _DRV8301_readData                                
0     003f2e33  _DRV8301_readSpi                                 
0     003f2fa3  _DRV8301_reset                                   
0     003f2f84  _DRV8301_setDcCalMode                            
0     003f2f82  _DRV8301_setGpioHandle                           
0     003f2f80  _DRV8301_setGpioNumber                           
0     003f2f6c  _DRV8301_setOcLevel                              
0     003f2f58  _DRV8301_setOcMode                               
0     003f2f44  _DRV8301_setOcOffTimeMode                        
0     003f2f30  _DRV8301_setOcTwMode                             
0     003f2f1c  _DRV8301_setPeakCurrent                          
0     003f2f08  _DRV8301_setPwmMode                              
0     003f2ef4  _DRV8301_setShuntAmpGain                         
0     003f2ef2  _DRV8301_setSpiHandle                            
0     003f2e6b  _DRV8301_setupSpi                                
0     003f2e0a  _DRV8301_writeData                               
0     003f2df3  _DRV8301_writeSpi                                
abs   003fd9e5  _EST_Angle_setParams                             
abs   003fd922  _EST_Dir_setParams                               
abs   003fd1e8  _EST_EPL_setParams                               
abs   003fd9b0  _EST_Flux_ab_setParams                           
abs   003fd514  _EST_Flux_computeOneOverFlux_qFmt                
abs   003fda3b  _EST_Flux_dq_setParams                           
abs   003fd49c  _EST_Flux_getRatedFlux_pu                        
abs   003fd42e  _EST_Flux_setParams                              
abs   003fd41e  _EST_Flux_setWaitTimes                           
abs   003fd95c  _EST_Freq_setParams                              
abs   003fd1be  _EST_I_setParams                                 
abs   003fd9cc  _EST_Iab_setParams                               
abs   003fda1e  _EST_Idq_setParams                               
abs   003fd3a8  _EST_Ls_getLs_d                                  
abs   003fd2b6  _EST_Ls_setLs_d                                  
abs   003fd284  _EST_Ls_setLs_q                                  
abs   003fd247  _EST_Ls_setParams                                
abs   003fd237  _EST_Ls_setWaitTimes                             
abs   003fda0d  _EST_OneOverDcBus_setParams                      
abs   003fd7e9  _EST_Rr_setParams                                
abs   003fd788  _EST_Rr_setRr                                    
abs   003fd57d  _EST_RsOnLine_setFilterParams                    
abs   003fd54d  _EST_RsOnLine_setParams                          
abs   003fd767  _EST_Rs_getRs                                    
abs   003fd725  _EST_Rs_setParams                                
abs   003fd6c3  _EST_Rs_setRs                                    
abs   003fd6b3  _EST_Rs_setWaitTimes                             
abs   003fd1af  _EST_TRAJ_setParams                              
abs   003fda53  _EST_Vab_setParams                               
abs   003fda47  _EST_Vback_ab_setParams                          
abs   003fda5e  _EST_Vback_dq_setParams                          
abs   003fd9fb  _EST_Vdq_setParams                               
abs   003fc092  _EST_computeDirection_qFmt                       
abs   003fd16d  _EST_computeL                                    
abs   003fd14d  _EST_computeR                                    
abs   003fd145  _EST_doCurrentCtrl                               
abs   003fd13d  _EST_doSpeedCtrl                                 
abs   003fc5f2  _EST_getAngle_pu                                 
abs   003fd0a3  _EST_getFlux_VpHz                                
abs   003fd090  _EST_getFlux_pu                                  
abs   003fd073  _EST_getFm_pu                                    
abs   003fc062  _EST_getFullScaleCurrent                         
abs   003fd043  _EST_getFullScaleFlux                            
abs   003fcc5c  _EST_getFullScaleFreq                            
abs   003fc4d1  _EST_getFullScaleInductance                      
abs   003fc08e  _EST_getFullScaleVoltage                         
abs   003fd017  _EST_getIdRated                                  
abs   003fcfe4  _EST_getLs_coarse_max_pu                         
abs   003fcfda  _EST_getLs_d_H                                   
abs   003fcfd5  _EST_getLs_d_pu                                  
abs   003fcfb3  _EST_getLs_q_H                                   
abs   003fcfae  _EST_getLs_q_pu                                  
abs   003fcfa2  _EST_getMaxCurrentSlope_pu                       
abs   003fcf98  _EST_getOneOverDcBus_pu                          
abs   003fcf92  _EST_getRr_Ohm                                   
abs   003fcef8  _EST_getRs_Ohm                                   
abs   003fceab  _EST_getSpeed_krpm                               
abs   003fc000  _EST_getState                                    
abs   003fce3d  _EST_get_krpm_to_pu_sf                           
abs   003fce38  _EST_get_pu_to_krpm_sf                           
abs   003fcd72  _EST_isError                                     
abs   003fcd6b  _EST_isIdle                                      
abs   003fcd64  _EST_isLockRotor                                 
abs   003fc05e  _EST_isMotorIdentified                           
abs   003fcd5d  _EST_isOnLine                                    
abs   003fc5ed  _EST_resetCounter_ctrl                           
abs   003fc05a  _EST_resetCounter_state                          
abs   003fcc60  _EST_run                                         
abs   003fc5c5  _EST_setFlag_enableFluxControl                   
abs   003fc5c0  _EST_setFlag_enableForceAngle                    
abs   003fc5bc  _EST_setFlag_enableRsOnLine                      
abs   003fc5b8  _EST_setFlag_enableRsRecalc                      
abs   003fc5b4  _EST_setFlag_estComplete                         
abs   003fc5b0  _EST_setFlag_updateRs                            
abs   003fc594  _EST_setFullScaleCurrent                         
abs   003fc58b  _EST_setFullScaleFreq                            
abs   003fc573  _EST_setFullScaleResistance                      
abs   003fc56f  _EST_setFullScaleVoltage                         
abs   003fc569  _EST_setIdRated_pu                               
abs   003fc565  _EST_setId_ref_pu                                
abs   003fc55f  _EST_setIdle                                     
abs   003fc54c  _EST_setIdle_all                                 
abs   003fc548  _EST_setIq_ref_pu                                
abs   003fc52a  _EST_setLs_d_pu                                  
abs   003fc4d6  _EST_setLs_qFmt                                  
abs   003fc4cc  _EST_setLs_q_pu                                  
abs   003fc4c0  _EST_setMaxCurrentSlope_pu                       
abs   003fc4bb  _EST_setMotorParams                              
abs   003fc3fd  _EST_setRs_pu                                    
abs   003fc3e2  _EST_setWaitTimes                                
abs   003fc3da  _EST_updateId_ref_pu                             
abs   003fc0f8  _EST_updateState                                 
abs   003fc002  _EST_useZeroIq_ref                               
0     003f3a79  _FILTER_FO_getDenCoeffs                          
0     003f3a72  _FILTER_FO_getInitialConditions                  
0     003f3a6c  _FILTER_FO_getNumCoeffs                          
0     003f3a66  _FILTER_FO_init                                  
0     003f3a64  _FILTER_FO_setDenCoeffs                          
0     003f3a5f  _FILTER_FO_setInitialConditions                  
0     003f3a5b  _FILTER_FO_setNumCoeffs                          
0     003f3ab7  _FLASH_clear3VStatus                             
0     00008741  _FLASH_disablePipelineMode                       
0     0000873b  _FLASH_enablePipelineMode                        
0     003f3ab4  _FLASH_get3VStatus                               
0     003f3ab1  _FLASH_getActiveWaitCount                        
0     003f3aad  _FLASH_getActiveWaitStatus                       
0     003f3aaa  _FLASH_getPowerMode                              
0     003f3aa7  _FLASH_getStandbyWaitCount                       
0     003f3aa3  _FLASH_getStandbyWaitStatus                      
0     003f3a9d  _FLASH_init                                      
0     00008736  _FLASH_setActiveWaitCount                        
0     0000872f  _FLASH_setNumPagedReadWaitStates                 
0     00008728  _FLASH_setNumRandomReadWaitStates                
0     00008721  _FLASH_setOtpWaitStates                          
0     0000871a  _FLASH_setPowerMode                              
0     00008715  _FLASH_setStandbyWaitCount                       
1     00008800  _Flag_Latch_softwareUpdate                       
0     003f33ff  _GPIO_getData                                    
0     003f33f4  _GPIO_getPortData                                
0     003f33ee  _GPIO_init                                       
0     003f33e4  _GPIO_lpmSelect                                  
0     003f33c5  _GPIO_read                                       
0     003f33ab  _GPIO_setDirection                               
0     003f33a0  _GPIO_setExtInt                                  
0     003f3390  _GPIO_setHigh                                    
0     003f3380  _GPIO_setLow                                     
0     003f3351  _GPIO_setMode                                    
0     003f3344  _GPIO_setPortData                                
0     003f332a  _GPIO_setPullUp                                  
0     003f32f4  _GPIO_setQualification                           
0     003f32c9  _GPIO_setQualificationPeriod                     
0     003f32b9  _GPIO_toggle                                     
0     003f19b9  _HAL_AdcCalChanSelect                            
0     003f1a10  _HAL_AdcCalConversion                            
0     003f1b72  _HAL_AdcOffsetSelfCal                            
0     003f1c34  _HAL_OscTempComp                                 
0     003f1c8d  _HAL_cal                                         
0     003f1ea4  _HAL_disableGlobalInts                           
0     003f1dbd  _HAL_disableWdog                                 
0     003f1e92  _HAL_enableAdcInts                               
0     003f1e8e  _HAL_enableDebugInt                              
0     003f1e89  _HAL_enableDrv                                   
0     003f1e85  _HAL_enableGlobalInts                            
0     003f1e74  _HAL_enablePwmInt                                
0     003f1ba1  _HAL_getOscTrimValue                             
0     003f1dc2  _HAL_init                                        
0     003f1bb4  _HAL_osc1Comp                                    
0     003f1bf4  _HAL_osc2Comp                                    
0     003f1db8  _HAL_readDrvData                                 
0     003f1ca4  _HAL_setParams                                   
0     003f1907  _HAL_setupAdcs                                   
0     003f18eb  _HAL_setupClks                                   
0     003f18e6  _HAL_setupDrvSpi                                 
0     003f18c8  _HAL_setupFaults                                 
0     00008747  _HAL_setupFlash                                  
0     003f18b3  _HAL_setupGate                                   
0     003f1814  _HAL_setupGpios                                  
0     003f17ee  _HAL_setupLaunchPadGpio0and1                     
0     003f17b9  _HAL_setupPeripheralClks                         
0     003f179d  _HAL_setupPie                                    
0     003f175e  _HAL_setupPll                                    
0     003f1686  _HAL_setupPwms                                   
0     003f1650  _HAL_setupSpiA                                   
0     003f1602  _HAL_setupTimers                                 
0     003f15fd  _HAL_writeDrvData                                
0     003f38a5  _OFFSET_getBeta                                  
0     003f3894  _OFFSET_init                                     
0     003f387e  _OFFSET_setBeta                                  
0     003f386f  _OFFSET_setInitCond                              
0     003f386d  _OFFSET_setOffset                                
0     003f39dd  _OSC_init                                        
0     003f39d0  _OSC_setCoarseTrim                               
0     003f39bf  _OSC_setFineTrim                                 
0     003f39b6  _OSC_setTrim                                     
0     003f3630  _PIE_clearAllFlags                               
0     003f362d  _PIE_clearAllInts                                
0     003f362a  _PIE_disable                                     
0     003f3623  _PIE_disableAllInts                              
0     003f361f  _PIE_disableCaptureInt                           
0     003f3616  _PIE_disableExtInt                               
0     003f360c  _PIE_disableInt                                  
0     003f3609  _PIE_enable                                      
0     003f35ed  _PIE_enableAdcInt                                
0     003f35e9  _PIE_enableCaptureInt                            
0     003f35cd  _PIE_enableExtInt                                
0     003f35c4  _PIE_enableInt                                   
0     003f35bf  _PIE_enablePwmInt                                
0     003f35ba  _PIE_enablePwmTzInt                              
0     003f35b7  _PIE_enableTimer0Int                             
0     003f35ae  _PIE_forceInt                                    
0     003f35a6  _PIE_getExtIntCount                              
0     003f359f  _PIE_getIntEnables                               
0     003f3598  _PIE_getIntFlags                                 
0     003f3b34  _PIE_illegalIsr                                  
0     003f3590  _PIE_init                                        
0     003f357f  _PIE_registerPieIntHandler                       
0     003f3574  _PIE_registerSystemIntHandler                    
0     003f3569  _PIE_setDefaultIntVectorTable                    
0     003f3558  _PIE_setExtIntPolarity                           
0     003f3545  _PIE_unregisterPieIntHandler                     
0     003f3538  _PIE_unregisterSystemIntHandler                  
0     003f3813  _PLL_disable                                     
0     003f380d  _PLL_disableClkDetect                            
0     003f3807  _PLL_disableNormRdy                              
0     003f3801  _PLL_disableOsc                                  
0     003f37fb  _PLL_enable                                      
0     003f37f5  _PLL_enableClkDetect                             
0     003f37ef  _PLL_enableNormRdy                               
0     003f37e9  _PLL_enableOsc                                   
0     003f37e5  _PLL_getClkFreq                                  
0     003f37e2  _PLL_getClkStatus                                
0     003f37df  _PLL_getDivideSelect                             
0     003f37dc  _PLL_getLockStatus                               
0     003f37d6  _PLL_init                                        
0     003f37d0  _PLL_resetClkDetect                              
0     003f37ca  _PLL_setClkFreq                                  
0     003f37c3  _PLL_setDivideSelect                             
0     003f37be  _PLL_setLockPeriod                               
0     003f2ded  _PWM_clearTripZone                               
0     003f2dea  _PWM_decrementDeadBandFallingEdgeDelay           
0     003f2de7  _PWM_decrementDeadBandRisingEdgeDelay            
0     003f2de0  _PWM_disableAutoConvert                          
0     003f2ddc  _PWM_disableChopping                             
0     003f2dd9  _PWM_disableCounterLoad                          
0     003f2dd6  _PWM_disableDeadBand                             
0     003f2dd2  _PWM_disableDeadBandHalfCycle                    
0     003f2dcb  _PWM_disableDigitalCompareBlankingWindow         
0     003f2dc4  _PWM_disableDigitalCompareBlankingWindowInversion
0     003f2dbd  _PWM_disableHrPeriod                             
0     003f2db6  _PWM_disableHrPhaseSync                          
0     003f2db2  _PWM_disableInt                                  
0     003f2dae  _PWM_disableSocAPulse                            
0     003f2daa  _PWM_disableSocBPulse                            
0     003f2da3  _PWM_disableTripZoneInt                          
0     003f2d9c  _PWM_disableTripZoneSrc                          
0     003f2d96  _PWM_disableTripZones                            
0     003f2d8f  _PWM_enableAutoConvert                           
0     003f2d8b  _PWM_enableChopping                              
0     003f2d88  _PWM_enableCounterLoad                           
0     003f2d84  _PWM_enableDeadBandHalfCycle                     
0     003f2d7d  _PWM_enableDigitalCompareBlankingWindow          
0     003f2d76  _PWM_enableDigitalCompareBlankingWindowInversion 
0     003f2d6f  _PWM_enableHrPeriod                              
0     003f2d68  _PWM_enableHrPhaseSync                           
0     003f2d64  _PWM_enableInt                                   
0     003f2d60  _PWM_enableSocAPulse                             
0     003f2d5c  _PWM_enableSocBPulse                             
0     003f2d56  _PWM_enableTripZoneInt                           
0     003f2d50  _PWM_enableTripZoneSrc                           
0     003f2d4d  _PWM_getDeadBandFallingEdgeDelay                 
0     003f2d4a  _PWM_getDeadBandRisingEdgeDelay                  
0     003f2d46  _PWM_getIntCount                                 
0     003f2d42  _PWM_getShadowStatus_CmpA                        
0     003f2d3e  _PWM_getShadowStatus_CmpB                        
0     003f2d39  _PWM_getSocACount                                
0     003f2d34  _PWM_getSocBCount                                
0     003f2d31  _PWM_incrementDeadBandFallingEdgeDelay           
0     003f2d2e  _PWM_incrementDeadBandRisingEdgeDelay            
0     003f2d28  _PWM_init                                        
0     003f2d21  _PWM_setActionQualContSWForce_PwmA               
0     003f2d18  _PWM_setActionQualContSWForce_PwmB               
0     003f2d0f  _PWM_setActionQual_CntDown_CmpA_PwmA             
0     003f2d06  _PWM_setActionQual_CntDown_CmpA_PwmB             
0     003f2cfd  _PWM_setActionQual_CntDown_CmpB_PwmA             
0     003f2cf4  _PWM_setActionQual_CntDown_CmpB_PwmB             
0     003f2ceb  _PWM_setActionQual_CntUp_CmpA_PwmA               
0     003f2ce2  _PWM_setActionQual_CntUp_CmpA_PwmB               
0     003f2cd9  _PWM_setActionQual_CntUp_CmpB_PwmA               
0     003f2cd0  _PWM_setActionQual_CntUp_CmpB_PwmB               
0     003f2cc7  _PWM_setActionQual_Period_PwmA                   
0     003f2cbe  _PWM_setActionQual_Period_PwmB                   
0     003f2cb7  _PWM_setActionQual_Zero_PwmA                     
0     003f2cb0  _PWM_setActionQual_Zero_PwmB                     
0     003f2ca9  _PWM_setChoppingClkFreq                          
0     003f2ca2  _PWM_setChoppingDutyCycle                        
0     003f2c9b  _PWM_setChoppingPulseWidth                       
0     003f2c97  _PWM_setClkDiv                                   
0     003f2c95  _PWM_setCount                                    
0     003f2c91  _PWM_setCounterMode                              
0     003f2c8e  _PWM_setDeadBandFallingEdgeDelay                 
0     003f2c87  _PWM_setDeadBandInputMode                        
0     003f2c80  _PWM_setDeadBandOutputMode                       
0     003f2c79  _PWM_setDeadBandPolarity                         
0     003f2c76  _PWM_setDeadBandRisingEdgeDelay                  
0     003f2c5c  _PWM_setDigitalCompareAEvent1                    
0     003f2c4c  _PWM_setDigitalCompareAEvent2                    
0     003f2c32  _PWM_setDigitalCompareBEvent1                    
0     003f2c22  _PWM_setDigitalCompareBEvent2                    
0     003f2c16  _PWM_setDigitalCompareBlankingPulse              
0     003f2c13  _PWM_setDigitalCompareFilterOffset               
0     003f2c09  _PWM_setDigitalCompareFilterSource               
0     003f2c06  _PWM_setDigitalCompareFilterWindow               
0     003f2bf7  _PWM_setDigitalCompareInput                      
0     003f2bf3  _PWM_setHighSpeedClkDiv                          
0     003f2be9  _PWM_setHrControlMode                            
0     003f2bdf  _PWM_setHrEdgeMode                               
0     003f2bd5  _PWM_setHrShadowMode                             
0     003f2bce  _PWM_setIntMode                                  
0     003f2bc7  _PWM_setIntPeriod                                
0     003f2bc3  _PWM_setLoadMode_CmpA                            
0     003f2bbd  _PWM_setLoadMode_CmpB                            
0     003f2bbb  _PWM_setPeriod                                   
0     003f2bb6  _PWM_setPeriodHr                                 
0     003f2bb2  _PWM_setPeriodLoad                               
0     003f2bb0  _PWM_setPhase                                    
0     003f2bac  _PWM_setPhaseDir                                 
0     003f2ba8  _PWM_setRunMode                                  
0     003f2ba2  _PWM_setShadowMode_CmpA                          
0     003f2b9c  _PWM_setShadowMode_CmpB                          
0     003f2b93  _PWM_setSocAPeriod                               
0     003f2b8a  _PWM_setSocAPulseSrc                             
0     003f2b81  _PWM_setSocBPeriod                               
0     003f2b78  _PWM_setSocBPulseSrc                             
0     003f2b75  _PWM_setSwSync                                   
0     003f2b71  _PWM_setSyncMode                                 
0     003f2b67  _PWM_setTripZoneDCEventSelect_DCAEVT1            
0     003f2b5b  _PWM_setTripZoneDCEventSelect_DCAEVT2            
0     003f2b4f  _PWM_setTripZoneDCEventSelect_DCBEVT1            
0     003f2b43  _PWM_setTripZoneDCEventSelect_DCBEVT2            
0     003f2b37  _PWM_setTripZoneState_DCAEVT1                    
0     003f2b2b  _PWM_setTripZoneState_DCAEVT2                    
0     003f2b1f  _PWM_setTripZoneState_DCBEVT1                    
0     003f2b13  _PWM_setTripZoneState_DCBEVT2                    
0     003f2b09  _PWM_setTripZoneState_TZA                        
0     003f2afd  _PWM_setTripZoneState_TZB                        
0     003f3981  _PWR_disableBrownOutReset                        
0     003f3977  _PWR_disableWatchDogInt                          
0     003f3974  _PWR_enableBrownOutReset                         
0     003f396a  _PWR_enableWatchDogInt                           
0     003f3962  _PWR_init                                        
0     003f3951  _PWR_setLowPowerMode                             
0     003f3940  _PWR_setNumStandByClocks                         
0     003f0769  _RamfuncsLoadEnd                                 
0     003f0000  _RamfuncsLoadStart                               
0     00008000  _RamfuncsRunStart                                
0     003f36dc  _SPI_clearRxFifoInt                              
0     003f36d8  _SPI_clearRxFifoOvf                              
0     003f36d4  _SPI_clearTxFifoInt                              
0     003f36d1  _SPI_disableInt                                  
0     003f36ce  _SPI_disableLoopBack                             
0     003f36cb  _SPI_disableOverRunInt                           
0     003f36c7  _SPI_disableRxFifoInt                            
0     003f36c4  _SPI_disableTx                                   
0     003f36c0  _SPI_disableTxFifoEnh                            
0     003f36bc  _SPI_disableTxFifoInt                            
0     003f36b9  _SPI_enable                                      
0     003f36b5  _SPI_enableChannels                              
0     003f36b2  _SPI_enableInt                                   
0     003f36af  _SPI_enableLoopBack                              
0     003f36ac  _SPI_enableOverRunInt                            
0     003f36a8  _SPI_enableRxFifo                                
0     003f36a4  _SPI_enableRxFifoInt                             
0     003f36a1  _SPI_enableTx                                    
0     003f369d  _SPI_enableTxFifo                                
0     003f3699  _SPI_enableTxFifoEnh                             
0     003f3695  _SPI_enableTxFifoInt                             
0     003f3692  _SPI_getIntFlagStatus                            
0     003f368e  _SPI_getRxFifoStatus                             
0     003f368b  _SPI_getTxBufferStatus                           
0     003f3687  _SPI_getTxFifoStatus                             
0     003f3681  _SPI_init                                        
0     003f367e  _SPI_reset                                       
0     003f367a  _SPI_resetChannels                               
0     003f3676  _SPI_resetRxFifo                                 
0     003f3672  _SPI_resetTxFifo                                 
0     003f3670  _SPI_setBaudRate                                 
0     003f366c  _SPI_setCharLength                               
0     003f366a  _SPI_setClkPhase                                 
0     003f3666  _SPI_setClkPolarity                              
0     003f3664  _SPI_setMode                                     
0     003f365d  _SPI_setPriority                                 
0     003f3656  _SPI_setRxFifoIntLevel                           
0     003f364f  _SPI_setSteInv                                   
0     003f3648  _SPI_setSuspend                                  
0     003f3641  _SPI_setTriWire                                  
0     003f363e  _SPI_setTxDelay                                  
0     003f3637  _SPI_setTxFifoIntLevel                           
0     003f3b2e  _SVGENCURRENT_init                               
0     003f39b3  _TIMER_clearFlag                                 
0     003f39b0  _TIMER_disableInt                                
0     003f39ad  _TIMER_enableInt                                 
0     003f39aa  _TIMER_getStatus                                 
0     003f39a4  _TIMER_init                                      
0     003f3996  _TIMER_setDecimationFactor                       
0     003f3992  _TIMER_setEmulationMode                          
0     003f3984  _TIMER_setPreScaler                              
0     003f269f  _USER_calcPIgains                                
0     003f269b  _USER_checkForErrors                             
0     003f268d  _USER_computeFlux                                
0     003f2651  _USER_computeFlux_pu_to_VpHz_sf                  
0     003f2615  _USER_computeFlux_pu_to_Wb_sf                    
0     003f25d9  _USER_computeTorque_Flux_Iq_pu_to_Nm_sf          
0     003f259f  _USER_computeTorque_Ls_Id_Iq_pu_to_Nm_sf         
0     003f2552  _USER_computeTorque_Nm                           
0     003f24fa  _USER_computeTorque_lbin                         
0     003f24f7  _USER_getErrorCode                               
0     003f24f4  _USER_setErrorCode                               
0     003f2388  _USER_setParams                                  
0     003f2305  _USER_softwareUpdate1p6                          
0     003f3938  _WDOG_clearCounter                               
0     003f3930  _WDOG_disable                                    
0     003f392a  _WDOG_disableInt                                 
0     003f3924  _WDOG_disableOverRide                            
0     003f391b  _WDOG_enable                                     
0     003f3915  _WDOG_enableInt                                  
0     003f390f  _WDOG_enableOverRide                             
0     003f390c  _WDOG_getIntStatus                               
0     003f3906  _WDOG_init                                       
0     003f3904  _WDOG_setCount                                   
0     003f38fa  _WDOG_setPreScaler                               
abs   003ff854  __IQ24cosPU                                      
abs   003fff8f  __IQ24rmpy                                       
abs   003ff82b  __IQ24sinPU                                      
abs   003ff2aa  __IQ24sqrt                                       
abs   003ff87b  __IQ29rsmpy                                      
abs   003fff52  __IQ30rsmpy                                      
abs   003fff7b  __IQ30toF                                        
1     00000502  __STACK_END                                      
abs   00000200  __STACK_SIZE                                     
1     000088ea  ___TI_cleanup_ptr                                
1     000088ec  ___TI_dtors_ptr                                  
1     000088e8  ___TI_enable_exit_profile_output                 
abs   ffffffff  ___TI_pprof_out_hndl                             
abs   ffffffff  ___TI_prof_data_size                             
abs   ffffffff  ___TI_prof_data_start                            
abs   ffffffff  ___binit__                                       
abs   ffffffff  ___c_args__                                      
0     003f3b3c  ___cinit__                                       
0     003f3b3c  ___etext__                                       
abs   ffffffff  ___pinit__                                       
0     003f0769  ___text__                                        
0     003f3af4  __args_main                                      
1     000088ee  __lock                                           
0     003f3b25  __nop                                            
0     003f3b21  __register_lock                                  
0     003f3b1d  __register_unlock                                
1     00000302  __stack                                          
0     003f3b3b  __system_post_cinit                              
0     003f3b39  __system_pre_init                                
1     000088f0  __unlock                                         
0     003f3a0d  _abort                                           
1     0000880c  _angle_pu                                        
0     003f3819  _c_int00                                         
0     003f3753  _ceil                                            
0     003f3753  _ceilf                                           
1     0000880a  _contador_voltas                                 
0     003f38b4  _copy_in                                         
1     000088f4  _cpu                                             
1     00000100  _ctrl                                            
1     00008808  _ctrlHandle                                      
0     003f3ada  _ddcopy                                          
0     003f3ada  _dpcopy                                          
1     003f608a  _econst_end                                      
1     00000502  _econst_ram_load                                 
1     003f6000  _econst_start                                    
abs   000007fc  _errno                                           
0     003f3a0f  _exit                                            
1     0000882a  _gAdcData                                        
1     00008802  _gCmpOffset                                      
1     00008801  _gCounter_updateGlobals                          
1     00008840  _gDrvSpi8301Vars                                 
1     00008818  _gFlux_pu_to_VpHz_sf                             
1     0000880e  _gFlux_pu_to_Wb_sf                               
1     0000881e  _gIavg                                           
1     00008803  _gIavg_shift                                     
1     00008804  _gLEDcnt                                         
1     00008806  _gMaxCurrentSlope                                
1     00008880  _gMotorVars                                      
1     00008824  _gPwmData                                        
1     00008814  _gTorque_Flux_Iq_pu_to_Nm_sf                     
1     00008812  _gTorque_Ls_Id_Iq_pu_to_Nm_sf                    
1     00000040  _gUserParams                                     
1     00000240  _hal                                             
1     00000000  _halHandle                                       
abs   003fda88  _log                                             
0     003f283f  _main                                            
0     00008513  _mainISR                                         
0     003f3b0d  _memCopy                                         
0     003f3ada  _pdcopy                                          
1     0000881a  _phasor                                          
abs   003fdd64  _pow                                             
0     003f3ada  _ppcopy                                          
0     003f36e0  _sqrt                                            
0     003f36e0  _sqrtf                                           
1     00008810  _svgencurrent                                    
1     00008816  _svgencurrentHandle                              
1     00000000  _switch_end                                      
1     00000000  _switch_ram_load                                 
1     00000000  _switch_start                                    
0     003f2782  _updateGlobalVariables_motor                     
0     003f2760  _updateKpKiGains                                 
0     00008765  _usDelay                                         
abs   ffffffff  binit                                            
0     003f3b3c  cinit                                            
0     003f7ff6  code_start                                       
0     003f3b3c  etext                                            
abs   ffffffff  pinit                                            


GLOBAL SYMBOLS: SORTED BY Symbol Address 

page  address   name                                             
----  -------   ----                                             
0     00008000  _CTRL_setup                                      
0     00008000  _RamfuncsRunStart                                
0     0000800a  _CTRL_run                                        
0     00008513  _mainISR                                         
0     00008715  _FLASH_setStandbyWaitCount                       
0     0000871a  _FLASH_setPowerMode                              
0     00008721  _FLASH_setOtpWaitStates                          
0     00008728  _FLASH_setNumRandomReadWaitStates                
0     0000872f  _FLASH_setNumPagedReadWaitStates                 
0     00008736  _FLASH_setActiveWaitCount                        
0     0000873b  _FLASH_enablePipelineMode                        
0     00008741  _FLASH_disablePipelineMode                       
0     00008747  _HAL_setupFlash                                  
0     00008765  _usDelay                                         
0     003f0000  _RamfuncsLoadStart                               
0     003f0769  .text                                            
0     003f0769  _CTRL_setupTraj                                  
0     003f0769  _RamfuncsLoadEnd                                 
0     003f0769  ___text__                                        
0     003f08cd  _CTRL_setupEstOnLineState                        
0     003f0908  _CTRL_setupEstIdleState                          
0     003f0aa6  _CTRL_setupCtrl                                  
0     003f0c8e  _CTRL_setUserMotorParams                         
0     003f0dc1  _CTRL_setEstParams                               
0     003f1527  _CTRL_runTraj                                    
0     003f15f3  _CTRL_getVersion                                 
0     003f15fd  _HAL_writeDrvData                                
0     003f1602  _HAL_setupTimers                                 
0     003f1650  _HAL_setupSpiA                                   
0     003f1686  _HAL_setupPwms                                   
0     003f175e  _HAL_setupPll                                    
0     003f179d  _HAL_setupPie                                    
0     003f17b9  _HAL_setupPeripheralClks                         
0     003f17ee  _HAL_setupLaunchPadGpio0and1                     
0     003f1814  _HAL_setupGpios                                  
0     003f18b3  _HAL_setupGate                                   
0     003f18c8  _HAL_setupFaults                                 
0     003f18e6  _HAL_setupDrvSpi                                 
0     003f18eb  _HAL_setupClks                                   
0     003f1907  _HAL_setupAdcs                                   
0     003f19b9  _HAL_AdcCalChanSelect                            
0     003f1a10  _HAL_AdcCalConversion                            
0     003f1b72  _HAL_AdcOffsetSelfCal                            
0     003f1ba1  _HAL_getOscTrimValue                             
0     003f1bb4  _HAL_osc1Comp                                    
0     003f1bf4  _HAL_osc2Comp                                    
0     003f1c34  _HAL_OscTempComp                                 
0     003f1c8d  _HAL_cal                                         
0     003f1ca4  _HAL_setParams                                   
0     003f1db8  _HAL_readDrvData                                 
0     003f1dbd  _HAL_disableWdog                                 
0     003f1dc2  _HAL_init                                        
0     003f1e74  _HAL_enablePwmInt                                
0     003f1e85  _HAL_enableGlobalInts                            
0     003f1e89  _HAL_enableDrv                                   
0     003f1e8e  _HAL_enableDebugInt                              
0     003f1e92  _HAL_enableAdcInts                               
0     003f1ea4  _HAL_disableGlobalInts                           
0     003f1ea8  _CTRL_updateState                                
0     003f1f5b  _CTRL_setup_user                                 
0     003f1fbe  _CTRL_setupClarke_V                              
0     003f1fd4  _CTRL_setupClarke_I                              
0     003f1ff0  _CTRL_setWaitTimes                               
0     003f1ff9  _CTRL_setSpd_ref_pu                              
0     003f1ffc  _CTRL_setSpd_ref_krpm                            
0     003f200f  _CTRL_setGains                                   
0     003f2037  _CTRL_setParams                                  
0     003f228f  _CTRL_getWaitTimes                               
0     003f2298  _CTRL_getVdq_out_pu                              
0     003f229f  _CTRL_getVab_out_pu                              
0     003f22a6  _CTRL_getVab_in_pu                               
0     003f22ad  _CTRL_getIdq_ref_pu                              
0     003f22b4  _CTRL_getIdq_in_pu                               
0     003f22bb  _CTRL_getIab_in_pu                               
0     003f22c2  _CTRL_getIab_filt_pu                             
0     003f22c9  _CTRL_getGains                                   
0     003f22f9  _CTRL_setMagCurrent_pu                           
0     003f22fc  _CTRL_setMaximumSpeed_pu                         
0     003f22ff  _CTRL_getMaximumSpeed_pu                         
0     003f2302  _CTRL_getMagCurrent_pu                           
0     003f2305  _USER_softwareUpdate1p6                          
0     003f2388  _USER_setParams                                  
0     003f24f4  _USER_setErrorCode                               
0     003f24f7  _USER_getErrorCode                               
0     003f24fa  _USER_computeTorque_lbin                         
0     003f2552  _USER_computeTorque_Nm                           
0     003f259f  _USER_computeTorque_Ls_Id_Iq_pu_to_Nm_sf         
0     003f25d9  _USER_computeTorque_Flux_Iq_pu_to_Nm_sf          
0     003f2615  _USER_computeFlux_pu_to_Wb_sf                    
0     003f2651  _USER_computeFlux_pu_to_VpHz_sf                  
0     003f268d  _USER_computeFlux                                
0     003f269b  _USER_checkForErrors                             
0     003f269f  _USER_calcPIgains                                
0     003f2760  _updateKpKiGains                                 
0     003f2782  _updateGlobalVariables_motor                     
0     003f283f  _main                                            
0     003f2afd  _PWM_setTripZoneState_TZB                        
0     003f2b09  _PWM_setTripZoneState_TZA                        
0     003f2b13  _PWM_setTripZoneState_DCBEVT2                    
0     003f2b1f  _PWM_setTripZoneState_DCBEVT1                    
0     003f2b2b  _PWM_setTripZoneState_DCAEVT2                    
0     003f2b37  _PWM_setTripZoneState_DCAEVT1                    
0     003f2b43  _PWM_setTripZoneDCEventSelect_DCBEVT2            
0     003f2b4f  _PWM_setTripZoneDCEventSelect_DCBEVT1            
0     003f2b5b  _PWM_setTripZoneDCEventSelect_DCAEVT2            
0     003f2b67  _PWM_setTripZoneDCEventSelect_DCAEVT1            
0     003f2b71  _PWM_setSyncMode                                 
0     003f2b75  _PWM_setSwSync                                   
0     003f2b78  _PWM_setSocBPulseSrc                             
0     003f2b81  _PWM_setSocBPeriod                               
0     003f2b8a  _PWM_setSocAPulseSrc                             
0     003f2b93  _PWM_setSocAPeriod                               
0     003f2b9c  _PWM_setShadowMode_CmpB                          
0     003f2ba2  _PWM_setShadowMode_CmpA                          
0     003f2ba8  _PWM_setRunMode                                  
0     003f2bac  _PWM_setPhaseDir                                 
0     003f2bb0  _PWM_setPhase                                    
0     003f2bb2  _PWM_setPeriodLoad                               
0     003f2bb6  _PWM_setPeriodHr                                 
0     003f2bbb  _PWM_setPeriod                                   
0     003f2bbd  _PWM_setLoadMode_CmpB                            
0     003f2bc3  _PWM_setLoadMode_CmpA                            
0     003f2bc7  _PWM_setIntPeriod                                
0     003f2bce  _PWM_setIntMode                                  
0     003f2bd5  _PWM_setHrShadowMode                             
0     003f2bdf  _PWM_setHrEdgeMode                               
0     003f2be9  _PWM_setHrControlMode                            
0     003f2bf3  _PWM_setHighSpeedClkDiv                          
0     003f2bf7  _PWM_setDigitalCompareInput                      
0     003f2c06  _PWM_setDigitalCompareFilterWindow               
0     003f2c09  _PWM_setDigitalCompareFilterSource               
0     003f2c13  _PWM_setDigitalCompareFilterOffset               
0     003f2c16  _PWM_setDigitalCompareBlankingPulse              
0     003f2c22  _PWM_setDigitalCompareBEvent2                    
0     003f2c32  _PWM_setDigitalCompareBEvent1                    
0     003f2c4c  _PWM_setDigitalCompareAEvent2                    
0     003f2c5c  _PWM_setDigitalCompareAEvent1                    
0     003f2c76  _PWM_setDeadBandRisingEdgeDelay                  
0     003f2c79  _PWM_setDeadBandPolarity                         
0     003f2c80  _PWM_setDeadBandOutputMode                       
0     003f2c87  _PWM_setDeadBandInputMode                        
0     003f2c8e  _PWM_setDeadBandFallingEdgeDelay                 
0     003f2c91  _PWM_setCounterMode                              
0     003f2c95  _PWM_setCount                                    
0     003f2c97  _PWM_setClkDiv                                   
0     003f2c9b  _PWM_setChoppingPulseWidth                       
0     003f2ca2  _PWM_setChoppingDutyCycle                        
0     003f2ca9  _PWM_setChoppingClkFreq                          
0     003f2cb0  _PWM_setActionQual_Zero_PwmB                     
0     003f2cb7  _PWM_setActionQual_Zero_PwmA                     
0     003f2cbe  _PWM_setActionQual_Period_PwmB                   
0     003f2cc7  _PWM_setActionQual_Period_PwmA                   
0     003f2cd0  _PWM_setActionQual_CntUp_CmpB_PwmB               
0     003f2cd9  _PWM_setActionQual_CntUp_CmpB_PwmA               
0     003f2ce2  _PWM_setActionQual_CntUp_CmpA_PwmB               
0     003f2ceb  _PWM_setActionQual_CntUp_CmpA_PwmA               
0     003f2cf4  _PWM_setActionQual_CntDown_CmpB_PwmB             
0     003f2cfd  _PWM_setActionQual_CntDown_CmpB_PwmA             
0     003f2d06  _PWM_setActionQual_CntDown_CmpA_PwmB             
0     003f2d0f  _PWM_setActionQual_CntDown_CmpA_PwmA             
0     003f2d18  _PWM_setActionQualContSWForce_PwmB               
0     003f2d21  _PWM_setActionQualContSWForce_PwmA               
0     003f2d28  _PWM_init                                        
0     003f2d2e  _PWM_incrementDeadBandRisingEdgeDelay            
0     003f2d31  _PWM_incrementDeadBandFallingEdgeDelay           
0     003f2d34  _PWM_getSocBCount                                
0     003f2d39  _PWM_getSocACount                                
0     003f2d3e  _PWM_getShadowStatus_CmpB                        
0     003f2d42  _PWM_getShadowStatus_CmpA                        
0     003f2d46  _PWM_getIntCount                                 
0     003f2d4a  _PWM_getDeadBandRisingEdgeDelay                  
0     003f2d4d  _PWM_getDeadBandFallingEdgeDelay                 
0     003f2d50  _PWM_enableTripZoneSrc                           
0     003f2d56  _PWM_enableTripZoneInt                           
0     003f2d5c  _PWM_enableSocBPulse                             
0     003f2d60  _PWM_enableSocAPulse                             
0     003f2d64  _PWM_enableInt                                   
0     003f2d68  _PWM_enableHrPhaseSync                           
0     003f2d6f  _PWM_enableHrPeriod                              
0     003f2d76  _PWM_enableDigitalCompareBlankingWindowInversion 
0     003f2d7d  _PWM_enableDigitalCompareBlankingWindow          
0     003f2d84  _PWM_enableDeadBandHalfCycle                     
0     003f2d88  _PWM_enableCounterLoad                           
0     003f2d8b  _PWM_enableChopping                              
0     003f2d8f  _PWM_enableAutoConvert                           
0     003f2d96  _PWM_disableTripZones                            
0     003f2d9c  _PWM_disableTripZoneSrc                          
0     003f2da3  _PWM_disableTripZoneInt                          
0     003f2daa  _PWM_disableSocBPulse                            
0     003f2dae  _PWM_disableSocAPulse                            
0     003f2db2  _PWM_disableInt                                  
0     003f2db6  _PWM_disableHrPhaseSync                          
0     003f2dbd  _PWM_disableHrPeriod                             
0     003f2dc4  _PWM_disableDigitalCompareBlankingWindowInversion
0     003f2dcb  _PWM_disableDigitalCompareBlankingWindow         
0     003f2dd2  _PWM_disableDeadBandHalfCycle                    
0     003f2dd6  _PWM_disableDeadBand                             
0     003f2dd9  _PWM_disableCounterLoad                          
0     003f2ddc  _PWM_disableChopping                             
0     003f2de0  _PWM_disableAutoConvert                          
0     003f2de7  _PWM_decrementDeadBandRisingEdgeDelay            
0     003f2dea  _PWM_decrementDeadBandFallingEdgeDelay           
0     003f2ded  _PWM_clearTripZone                               
0     003f2df3  _DRV8301_writeSpi                                
0     003f2e0a  _DRV8301_writeData                               
0     003f2e33  _DRV8301_readSpi                                 
0     003f2e6b  _DRV8301_setupSpi                                
0     003f2ef2  _DRV8301_setSpiHandle                            
0     003f2ef4  _DRV8301_setShuntAmpGain                         
0     003f2f08  _DRV8301_setPwmMode                              
0     003f2f1c  _DRV8301_setPeakCurrent                          
0     003f2f30  _DRV8301_setOcTwMode                             
0     003f2f44  _DRV8301_setOcOffTimeMode                        
0     003f2f58  _DRV8301_setOcMode                               
0     003f2f6c  _DRV8301_setOcLevel                              
0     003f2f80  _DRV8301_setGpioNumber                           
0     003f2f82  _DRV8301_setGpioHandle                           
0     003f2f84  _DRV8301_setDcCalMode                            
0     003f2fa3  _DRV8301_reset                                   
0     003f2fb2  _DRV8301_readData                                
0     003f3028  _DRV8301_isReset                                 
0     003f302f  _DRV8301_isFault                                 
0     003f3035  _DRV8301_init                                    
0     003f303e  _DRV8301_getShuntAmpGain                         
0     003f3045  _DRV8301_getPwmMode                              
0     003f304c  _DRV8301_getPeakCurrent                          
0     003f3053  _DRV8301_getOcTwMode                             
0     003f305a  _DRV8301_getOcOffTimeMode                        
0     003f3061  _DRV8301_getOcMode                               
0     003f3068  _DRV8301_getOcLevel                              
0     003f306f  _DRV8301_getId                                   
0     003f3075  _DRV8301_getFaultType                            
0     003f3090  _DRV8301_getDcCalMode                            
0     003f30a2  _DRV8301_enable                                  
0     003f30c4  _ADC_setupSocTrigSrc                             
0     003f30ee  _ADC_setVoltRefSrc                               
0     003f30ff  _ADC_setTempSensorSrc                            
0     003f3110  _ADC_setSocTrigSrc                               
0     003f3124  _ADC_setSocSampleDelay                           
0     003f3138  _ADC_setSocFrcWord                               
0     003f3142  _ADC_setSocFrc                                   
0     003f314f  _ADC_setSocChanNumber                            
0     003f3163  _ADC_setSampleOverlapMode                        
0     003f3176  _ADC_setSampleMode                               
0     003f318d  _ADC_setOffTrim                                  
0     003f3197  _ADC_setIntSrc                                   
0     003f31b8  _ADC_setIntPulseGenMode                          
0     003f31c9  _ADC_setIntMode                                  
0     003f31ea  _ADC_setDivideSelect                             
0     003f31fb  _ADC_reset                                       
0     003f3205  _ADC_powerUp                                     
0     003f320f  _ADC_powerDown                                   
0     003f3219  _ADC_init                                        
0     003f3221  _ADC_getDivideSelect                             
0     003f3228  _ADC_enableVoltRefLoConv                         
0     003f3232  _ADC_enableRefBuffers                            
0     003f323c  _ADC_enableNoOverlapMode                         
0     003f3246  _ADC_enableInt                                   
0     003f325c  _ADC_enableBandGap                               
0     003f3266  _ADC_enable                                      
0     003f3270  _ADC_disableVoltRefLoConv                        
0     003f327a  _ADC_disableRefBuffers                           
0     003f3284  _ADC_disableNoOverlapMode                        
0     003f328e  _ADC_disableInt                                  
0     003f32a5  _ADC_disableBandGap                              
0     003f32af  _ADC_disable                                     
0     003f32b9  _GPIO_toggle                                     
0     003f32c9  _GPIO_setQualificationPeriod                     
0     003f32f4  _GPIO_setQualification                           
0     003f332a  _GPIO_setPullUp                                  
0     003f3344  _GPIO_setPortData                                
0     003f3351  _GPIO_setMode                                    
0     003f3380  _GPIO_setLow                                     
0     003f3390  _GPIO_setHigh                                    
0     003f33a0  _GPIO_setExtInt                                  
0     003f33ab  _GPIO_setDirection                               
0     003f33c5  _GPIO_read                                       
0     003f33e4  _GPIO_lpmSelect                                  
0     003f33ee  _GPIO_init                                       
0     003f33f4  _GPIO_getPortData                                
0     003f33ff  _GPIO_getData                                    
0     003f340d  _CLK_setXClkInSrc                                
0     003f3414  _CLK_setWatchDogSrc                              
0     003f341b  _CLK_setTimer2Src                                
0     003f3422  _CLK_setTimer2PreScale                           
0     003f3429  _CLK_setOscSrc                                   
0     003f3430  _CLK_setOsc2Src                                  
0     003f3437  _CLK_setLowSpdPreScaler                          
0     003f343d  _CLK_setClkOutPreScaler                          
0     003f3444  _CLK_init                                        
0     003f344a  _CLK_enableWatchDogHaltMode                      
0     003f3450  _CLK_enableTbClockSync                           
0     003f3457  _CLK_enableSpiaClock                             
0     003f345e  _CLK_enableSciaClock                             
0     003f3465  _CLK_enablePwmClock                              
0     003f346e  _CLK_enableOsc2HaltMode                          
0     003f3474  _CLK_enableOsc2                                  
0     003f347a  _CLK_enableOsc1HaltMode                          
0     003f3480  _CLK_enableOsc1                                  
0     003f3486  _CLK_enableI2cClock                              
0     003f348d  _CLK_enableHrPwmClock                            
0     003f3494  _CLK_enableGpioInputClock                        
0     003f349b  _CLK_enableEcap1Clock                            
0     003f34a2  _CLK_enableCrystalOsc                            
0     003f34a8  _CLK_enableCpuTimerClock                         
0     003f34ae  _CLK_enableCompClock                             
0     003f34b4  _CLK_enableClkIn                                 
0     003f34ba  _CLK_enableAdcClock                              
0     003f34c1  _CLK_disableWatchDogHaltMode                     
0     003f34c7  _CLK_disableTbClockSync                          
0     003f34ce  _CLK_disableSpiaClock                            
0     003f34d5  _CLK_disableSciaClock                            
0     003f34dc  _CLK_disablePwmClock                             
0     003f34e6  _CLK_disableOsc2HaltMode                         
0     003f34ec  _CLK_disableOsc2                                 
0     003f34f2  _CLK_disableOsc1HaltMode                         
0     003f34f8  _CLK_disableOsc1                                 
0     003f34fe  _CLK_disableI2cClock                             
0     003f3505  _CLK_disableHrPwmClock                           
0     003f350c  _CLK_disableGpioInputClock                       
0     003f3513  _CLK_disableEcap1Clock                           
0     003f351a  _CLK_disableCrystalOsc                           
0     003f3520  _CLK_disableCpuTimerClock                        
0     003f3527  _CLK_disableCompClock                            
0     003f352b  _CLK_disableClkIn                                
0     003f3531  _CLK_disableAdcClock                             
0     003f3538  _PIE_unregisterSystemIntHandler                  
0     003f3545  _PIE_unregisterPieIntHandler                     
0     003f3558  _PIE_setExtIntPolarity                           
0     003f3569  _PIE_setDefaultIntVectorTable                    
0     003f3574  _PIE_registerSystemIntHandler                    
0     003f357f  _PIE_registerPieIntHandler                       
0     003f3590  _PIE_init                                        
0     003f3598  _PIE_getIntFlags                                 
0     003f359f  _PIE_getIntEnables                               
0     003f35a6  _PIE_getExtIntCount                              
0     003f35ae  _PIE_forceInt                                    
0     003f35b7  _PIE_enableTimer0Int                             
0     003f35ba  _PIE_enablePwmTzInt                              
0     003f35bf  _PIE_enablePwmInt                                
0     003f35c4  _PIE_enableInt                                   
0     003f35cd  _PIE_enableExtInt                                
0     003f35e9  _PIE_enableCaptureInt                            
0     003f35ed  _PIE_enableAdcInt                                
0     003f3609  _PIE_enable                                      
0     003f360c  _PIE_disableInt                                  
0     003f3616  _PIE_disableExtInt                               
0     003f361f  _PIE_disableCaptureInt                           
0     003f3623  _PIE_disableAllInts                              
0     003f362a  _PIE_disable                                     
0     003f362d  _PIE_clearAllInts                                
0     003f3630  _PIE_clearAllFlags                               
[...]
0     003f367e  _SPI_reset                                       
0     003f3681  _SPI_init                                        
0     003f3687  _SPI_getTxFifoStatus                             
0     003f368b  _SPI_getTxBufferStatus                           
0     003f368e  _SPI_getRxFifoStatus                             
0     003f3692  _SPI_getIntFlagStatus                            
0     003f3695  _SPI_enableTxFifoInt                             
0     003f3699  _SPI_enableTxFifoEnh                             
0     003f369d  _SPI_enableTxFifo                                
0     003f36a1  _SPI_enableTx                                    
0     003f36a4  _SPI_enableRxFifoInt                             
0     003f36a8  _SPI_enableRxFifo                                
0     003f36ac  _SPI_enableOverRunInt                            
0     003f36af  _SPI_enableLoopBack                              
0     003f36b2  _SPI_enableInt                                   
0     003f36b5  _SPI_enableChannels                              
0     003f36b9  _SPI_enable                                      
0     003f36bc  _SPI_disableTxFifoInt                            
0     003f36c0  _SPI_disableTxFifoEnh                            
0     003f36c4  _SPI_disableTx                                   
0     003f36c7  _SPI_disableRxFifoInt                            
0     003f36cb  _SPI_disableOverRunInt                           
0     003f36ce  _SPI_disableLoopBack                             
0     003f36d1  _SPI_disableInt                                  
0     003f36d4  _SPI_clearTxFifoInt                              
0     003f36d8  _SPI_clearRxFifoOvf                              
0     003f36dc  _SPI_clearRxFifoInt                              
0     003f36e0  _sqrt                                            
0     003f36e0  _sqrtf                                           
0     003f3753  _ceil                                            
0     003f3753  _ceilf                                           
0     003f37be  _PLL_setLockPeriod                               
0     003f37c3  _PLL_setDivideSelect                             
0     003f37ca  _PLL_setClkFreq                                  
0     003f37d0  _PLL_resetClkDetect                              
0     003f37d6  _PLL_init                                        
0     003f37dc  _PLL_getLockStatus                               
0     003f37df  _PLL_getDivideSelect                             
0     003f37e2  _PLL_getClkStatus                                
0     003f37e5  _PLL_getClkFreq                                  
0     003f37e9  _PLL_enableOsc                                   
0     003f37ef  _PLL_enableNormRdy                               
0     003f37f5  _PLL_enableClkDetect                             
0     003f37fb  _PLL_enable                                      
0     003f3801  _PLL_disableOsc                                  
0     003f3807  _PLL_disableNormRdy                              
0     003f380d  _PLL_disableClkDetect                            
0     003f3813  _PLL_disable                                     
0     003f3819  _c_int00                                         
0     003f386d  _OFFSET_setOffset                                
0     003f386f  _OFFSET_setInitCond                              
0     003f387e  _OFFSET_setBeta                                  
0     003f3894  _OFFSET_init                                     
0     003f38a5  _OFFSET_getBeta                                  
0     003f38b4  _copy_in                                         
0     003f38fa  _WDOG_setPreScaler                               
0     003f3904  _WDOG_setCount                                   
0     003f3906  _WDOG_init                                       
0     003f390c  _WDOG_getIntStatus                               
0     003f390f  _WDOG_enableOverRide                             
0     003f3915  _WDOG_enableInt                                  
0     003f391b  _WDOG_enable                                     
0     003f3924  _WDOG_disableOverRide                            
0     003f392a  _WDOG_disableInt                                 
0     003f3930  _WDOG_disable                                    
0     003f3938  _WDOG_clearCounter                               
0     003f3940  _PWR_setNumStandByClocks                         
0     003f3951  _PWR_setLowPowerMode                             
0     003f3962  _PWR_init                                        
0     003f396a  _PWR_enableWatchDogInt                           
0     003f3974  _PWR_enableBrownOutReset                         
0     003f3977  _PWR_disableWatchDogInt                          
0     003f3981  _PWR_disableBrownOutReset                        
0     003f3984  _TIMER_setPreScaler                              
0     003f3992  _TIMER_setEmulationMode                          
0     003f3996  _TIMER_setDecimationFactor                       
0     003f39a4  _TIMER_init                                      
0     003f39aa  _TIMER_getStatus                                 
0     003f39ad  _TIMER_enableInt                                 
0     003f39b0  _TIMER_disableInt                                
0     003f39b3  _TIMER_clearFlag                                 
0     003f39b6  _OSC_setTrim                                     
0     003f39bf  _OSC_setFineTrim                                 
0     003f39d0  _OSC_setCoarseTrim                               
0     003f39dd  _OSC_init                                        
0     003f39e3  L$$DIV                                           
0     003f39f2  L$$MOD                                           
0     003f3a00  UL$$DIV                                          
0     003f3a07  UL$$MOD                                          
0     003f3a0d  C$$EXIT                                          
0     003f3a0d  _abort                                           
0     003f3a0f  _exit                                            
0     003f3a36  _CPU_init                                        
0     003f3a3a  _CPU_enableProtectedRegisterWrite                
0     003f3a3d  _CPU_enableInt                                   
0     003f3a41  _CPU_enableGlobalInts                            
0     003f3a44  _CPU_enableDebugInt                              
0     003f3a47  _CPU_disableProtectedRegisterWrite               
0     003f3a4a  _CPU_disableInts                                 
0     003f3a4d  _CPU_disableInt                                  
0     003f3a52  _CPU_disableGlobalInts                           
0     003f3a55  _CPU_disableDebugInt                             
0     003f3a58  _CPU_clearIntFlags                               
0     003f3a5b  _FILTER_FO_setNumCoeffs                          
0     003f3a5f  _FILTER_FO_setInitialConditions                  
0     003f3a64  _FILTER_FO_setDenCoeffs                          
0     003f3a66  _FILTER_FO_init                                  
0     003f3a6c  _FILTER_FO_getNumCoeffs                          
0     003f3a72  _FILTER_FO_getInitialConditions                  
0     003f3a79  _FILTER_FO_getDenCoeffs                          
0     003f3a7c  FS$$TOUL                                         
0     003f3a9d  _FLASH_init                                      
0     003f3aa3  _FLASH_getStandbyWaitStatus                      
0     003f3aa7  _FLASH_getStandbyWaitCount                       
0     003f3aaa  _FLASH_getPowerMode                              
0     003f3aad  _FLASH_getActiveWaitStatus                       
0     003f3ab1  _FLASH_getActiveWaitCount                        
0     003f3ab4  _FLASH_get3VStatus                               
0     003f3ab7  _FLASH_clear3VStatus                             
0     003f3abd  FS$$TOU                                          
0     003f3ada  _ddcopy                                          
0     003f3ada  _dpcopy                                          
0     003f3ada  _pdcopy                                          
0     003f3ada  _ppcopy                                          
0     003f3af4  __args_main                                      
0     003f3b0d  _memCopy                                         
0     003f3b1d  __register_unlock                                
0     003f3b21  __register_lock                                  
0     003f3b25  __nop                                            
0     003f3b2e  _SVGENCURRENT_init                               
0     003f3b34  _PIE_illegalIsr                                  
0     003f3b39  __system_pre_init                                
0     003f3b3b  __system_post_cinit                              
0     003f3b3c  ___cinit__                                       
0     003f3b3c  ___etext__                                       
0     003f3b3c  cinit                                            
0     003f3b3c  etext                                            
0     003f7ff6  code_start                                       
1     00000000  _halHandle                                       
1     00000000  _switch_end                                      
1     00000000  _switch_ram_load                                 
1     00000000  _switch_start                                    
1     00000040  _gUserParams                                     
1     00000100  _ctrl                                            
1     00000240  _hal                                             
1     00000302  __stack                                          
1     00000502  __STACK_END                                      
1     00000502  _econst_ram_load                                 
1     00008800  _Flag_Latch_softwareUpdate                       
1     00008801  _gCounter_updateGlobals                          
1     00008802  _gCmpOffset                                      
1     00008803  _gIavg_shift                                     
1     00008804  _gLEDcnt                                         
1     00008806  _gMaxCurrentSlope                                
1     00008808  _ctrlHandle                                      
1     0000880a  _contador_voltas                                 
1     0000880c  _angle_pu                                        
1     0000880e  _gFlux_pu_to_Wb_sf                               
1     00008810  _svgencurrent                                    
1     00008812  _gTorque_Ls_Id_Iq_pu_to_Nm_sf                    
1     00008814  _gTorque_Flux_Iq_pu_to_Nm_sf                     
1     00008816  _svgencurrentHandle                              
1     00008818  _gFlux_pu_to_VpHz_sf                             
1     0000881a  _phasor                                          
1     0000881e  _gIavg                                           
1     00008824  _gPwmData                                        
1     0000882a  _gAdcData                                        
1     00008840  _gDrvSpi8301Vars                                 
1     00008880  _gMotorVars                                      
1     000088e8  ___TI_enable_exit_profile_output                 
1     000088ea  ___TI_cleanup_ptr                                
1     000088ec  ___TI_dtors_ptr                                  
1     000088ee  __lock                                           
1     000088f0  __unlock                                         
1     000088f4  _cpu                                             
1     003f6000  _econst_start                                    
1     003f608a  _econst_end                                      
abs   00000200  __STACK_SIZE                                     
abs   000007fc  _errno                                           
abs   003fc000  _EST_getState                                    
abs   003fc002  _EST_useZeroIq_ref                               
abs   003fc05a  _EST_resetCounter_state                          
abs   003fc05e  _EST_isMotorIdentified                           
abs   003fc062  _EST_getFullScaleCurrent                         
abs   003fc08e  _EST_getFullScaleVoltage                         
abs   003fc092  _EST_computeDirection_qFmt                       
abs   003fc0f8  _EST_updateState                                 
abs   003fc3da  _EST_updateId_ref_pu                             
abs   003fc3e2  _EST_setWaitTimes                                
abs   003fc3fd  _EST_setRs_pu                                    
abs   003fc4bb  _EST_setMotorParams                              
abs   003fc4c0  _EST_setMaxCurrentSlope_pu                       
abs   003fc4cc  _EST_setLs_q_pu                                  
abs   003fc4d1  _EST_getFullScaleInductance                      
abs   003fc4d6  _EST_setLs_qFmt                                  
abs   003fc52a  _EST_setLs_d_pu                                  
abs   003fc548  _EST_setIq_ref_pu                                
abs   003fc54c  _EST_setIdle_all                                 
abs   003fc55f  _EST_setIdle                                     
abs   003fc565  _EST_setId_ref_pu                                
abs   003fc569  _EST_setIdRated_pu                               
abs   003fc56f  _EST_setFullScaleVoltage                         
abs   003fc573  _EST_setFullScaleResistance                      
abs   003fc58b  _EST_setFullScaleFreq                            
abs   003fc594  _EST_setFullScaleCurrent                         
abs   003fc5b0  _EST_setFlag_updateRs                            
abs   003fc5b4  _EST_setFlag_estComplete                         
abs   003fc5b8  _EST_setFlag_enableRsRecalc                      
abs   003fc5bc  _EST_setFlag_enableRsOnLine                      
abs   003fc5c0  _EST_setFlag_enableForceAngle                    
abs   003fc5c5  _EST_setFlag_enableFluxControl                   
abs   003fc5ed  _EST_resetCounter_ctrl                           
abs   003fc5f2  _EST_getAngle_pu                                 
abs   003fcc5c  _EST_getFullScaleFreq                            
abs   003fcc60  _EST_run                                         
abs   003fcd5d  _EST_isOnLine                                    
abs   003fcd64  _EST_isLockRotor                                 
abs   003fcd6b  _EST_isIdle                                      
abs   003fcd72  _EST_isError                                     
abs   003fce38  _EST_get_pu_to_krpm_sf                           
abs   003fce3d  _EST_get_krpm_to_pu_sf                           
abs   003fceab  _EST_getSpeed_krpm                               
abs   003fcef8  _EST_getRs_Ohm                                   
abs   003fcf92  _EST_getRr_Ohm                                   
abs   003fcf98  _EST_getOneOverDcBus_pu                          
abs   003fcfa2  _EST_getMaxCurrentSlope_pu                       
abs   003fcfae  _EST_getLs_q_pu                                  
abs   003fcfb3  _EST_getLs_q_H                                   
abs   003fcfd5  _EST_getLs_d_pu                                  
abs   003fcfda  _EST_getLs_d_H                                   
abs   003fcfe4  _EST_getLs_coarse_max_pu                         
abs   003fd017  _EST_getIdRated                                  
abs   003fd043  _EST_getFullScaleFlux                            
abs   003fd073  _EST_getFm_pu                                    
abs   003fd090  _EST_getFlux_pu                                  
abs   003fd0a3  _EST_getFlux_VpHz                                
abs   003fd13d  _EST_doSpeedCtrl                                 
abs   003fd145  _EST_doCurrentCtrl                               
abs   003fd14d  _EST_computeR                                    
abs   003fd16d  _EST_computeL                                    
abs   003fd1af  _EST_TRAJ_setParams                              
abs   003fd1be  _EST_I_setParams                                 
abs   003fd1e8  _EST_EPL_setParams                               
abs   003fd237  _EST_Ls_setWaitTimes                             
abs   003fd247  _EST_Ls_setParams                                
abs   003fd284  _EST_Ls_setLs_q                                  
abs   003fd2b6  _EST_Ls_setLs_d                                  
abs   003fd3a8  _EST_Ls_getLs_d                                  
abs   003fd41e  _EST_Flux_setWaitTimes                           
abs   003fd42e  _EST_Flux_setParams                              
abs   003fd49c  _EST_Flux_getRatedFlux_pu                        
abs   003fd514  _EST_Flux_computeOneOverFlux_qFmt                
abs   003fd54d  _EST_RsOnLine_setParams                          
abs   003fd57d  _EST_RsOnLine_setFilterParams                    
abs   003fd6b3  _EST_Rs_setWaitTimes                             
abs   003fd6c3  _EST_Rs_setRs                                    
abs   003fd725  _EST_Rs_setParams                                
abs   003fd767  _EST_Rs_getRs                                    
abs   003fd788  _EST_Rr_setRr                                    
abs   003fd7e9  _EST_Rr_setParams                                
abs   003fd88b  _CTRL_initCtrl                                   
abs   003fd922  _EST_Dir_setParams                               
abs   003fd95c  _EST_Freq_setParams                              
abs   003fd9b0  _EST_Flux_ab_setParams                           
abs   003fd9cc  _EST_Iab_setParams                               
abs   003fd9e5  _EST_Angle_setParams                             
abs   003fd9fb  _EST_Vdq_setParams                               
abs   003fda0d  _EST_OneOverDcBus_setParams                      
abs   003fda1e  _EST_Idq_setParams                               
abs   003fda3b  _EST_Flux_dq_setParams                           
abs   003fda47  _EST_Vback_ab_setParams                          
abs   003fda53  _EST_Vab_setParams                               
abs   003fda5e  _EST_Vback_dq_setParams                          
abs   003fda88  _log                                             
abs   003fdc5e  FD$$MPY                                          
abs   003fdce1  FS$$DIV                                          
abs   003fdd64  _pow                                             
abs   003fdde7  FS$$MPY                                          
abs   003fdeb8  FS$$ADD                                          
abs   003fdf2b  FS$$CMP                                          
abs   003fdf7b  FD$$TOL                                          
abs   003fdfb7  FS$$TOFD                                         
abs   003ff2aa  __IQ24sqrt                                       
abs   003ff82b  __IQ24sinPU                                      
abs   003ff854  __IQ24cosPU                                      
abs   003ff87b  __IQ29rsmpy                                      
abs   003ff8aa  UL$$TOFS                                         
abs   003ff8bd  U$$TOFS                                          
abs   003fff0e  FS$$TOI                                          
abs   003fff33  I$$TOFS                                          
abs   003fff4d  FS$$NEG                                          
abs   003fff52  __IQ30rsmpy                                      
abs   003fff7b  __IQ30toF                                        
abs   003fff8f  __IQ24rmpy                                       
abs   ffffffff  ___TI_pprof_out_hndl                             
abs   ffffffff  ___TI_prof_data_size                             
abs   ffffffff  ___TI_prof_data_start                            
abs   ffffffff  ___binit__                                       
abs   ffffffff  ___c_args__                                      
abs   ffffffff  ___pinit__                                       
abs   ffffffff  binit                                            
abs   ffffffff  pinit                                            

[669 symbols]
