******************************************************************************
             TMS320C2000 Linker PC v15.12.3                    
******************************************************************************
>> Linked Thu Mar 02 13:47:58 2017

OUTPUT FILE NAME:   <proj_ITS.out>
ENTRY POINT SYMBOL: "_c_int00"  address: 003f3a4d


MEMORY CONFIGURATION

         name            origin    length      used     unused   attr    fill
----------------------  --------  ---------  --------  --------  ----  --------
PAGE 0:
  P_RAML0               00008000   00000800  00000771  0000008f  RWIX
  OTP                   003d7800   00000400  00000000  00000400  RWIX
  FLASHB_D              003f0000   00006000  00003ea6  0000215a  RWIX
  CSM_RSVD              003f7f80   00000076  00000000  00000076  RWIX
  BEGIN                 003f7ff6   00000002  00000002  00000000  RWIX
  CSM_PWL_P0            003f7ff8   00000008  00000000  00000008  RWIX
  IQTABLES              003fe000   00000b50  00000000  00000b50  RWIX
  IQTABLES2             003feb50   0000008c  00000000  0000008c  RWIX
  IQTABLES3             003febdc   000000aa  00000000  000000aa  RWIX
  ROM                   003ff27c   00000d44  00000000  00000d44  RWIX
  RESET                 003fffc0   00000002  00000000  00000002  RWIX
  VECTORS               003fffc2   0000003e  00000000  0000003e  RWIX

PAGE 1:
  RAMM0_M1              00000000   00000600  0000058c  00000074  RWIX
  D_RAML0               00008800   00000800  000000f5  0000070b  RWIX
  D_FLASHA              003f6000   00001f80  0000008a  00001ef6  RWIX


SECTION ALLOCATION MAP

 output                                  attributes/
section   page    origin      length       input sections
--------  ----  ----------  ----------   ----------------
ramfuncs   0    003f0000    00000771     RUN ADDR = 00008000
                  003f0000    00000513     ctrl.obj (ramfuncs)
                  003f0513    0000020a     proj_its.obj (ramfuncs:retain)
                  003f071d    00000032     flash.obj (ramfuncs)
                  003f074f    0000001e     hal.obj (ramfuncs)
                  003f076d    00000004     usDelay.obj (ramfuncs)

.text      0    003f0771    00003626     
                  003f0771    00000e94     fast_public.lib : ctrl_priv.obj (.text)
                  003f1605    000008f1     hal.obj (.text)
                  003f1ef6    00000581     proj_its.obj (.text)
                  003f2477    0000045d     ctrl.obj (.text)
                  003f28d4    0000045d     user.obj (.text)
                  003f2d31    000002f6     pwm.obj (.text)
                  003f3027    000002d1     drv8301.obj (.text)
                  003f32f8    000001f5     adc.obj (.text)
                  003f34ed    00000154     gpio.obj (.text)
                  003f3641    0000012b     clk.obj (.text)
                  003f376c    000000ff     pie.obj (.text)
                  003f386b    000000a9     spi.obj (.text)
                  003f3914    00000073     rts2800_ml.lib : e_sqrtf.obj (.text)
                  003f3987    0000006b                    : s_ceilf.obj (.text)
                  003f39f2    0000005b     pll.obj (.text)
                  003f3a4d    00000054     rts2800_ml.lib : boot.obj (.text)
                  003f3aa1    00000047     offset.obj (.text)
                  003f3ae8    00000046     rts2800_ml.lib : cpy_tbl.obj (.text)
                  003f3b2e    00000046     wdog.obj (.text)
                  003f3b74    00000044     pwr.obj (.text)
                  003f3bb8    00000032     timer.obj (.text)
                  003f3bea    0000002d     osc.obj (.text)
                  003f3c17    0000002a     rts2800_ml.lib : l_div.obj (.text)
                  003f3c41    00000029                    : exit.obj (.text)
                  003f3c6a    00000027     proj_its.obj (.text:retain)
                  003f3c91    00000025     cpu.obj (.text)
                  003f3cb6    00000021     filter_fo.obj (.text)
                  003f3cd7    00000021     rts2800_ml.lib : fs_toul.obj (.text)
                  003f3cf8    00000020     flash.obj (.text)
                  003f3d18    0000001d     rts2800_ml.lib : fs_tou.obj (.text)
                  003f3d35    0000001a                    : cpy_utils.obj (.text)
                  003f3d4f    00000019                    : args_main.obj (.text)
                  003f3d68    00000010     memCopy.obj (.text)
                  003f3d78    00000009     rts2800_ml.lib : _lock.obj (.text)
                  003f3d81    00000008     CodeStartBranch.obj (.text)
                  003f3d89    00000006     svgen_current.obj (.text)
                  003f3d8f    00000005     pie.obj (.text:retain)
                  003f3d94    00000002     rts2800_ml.lib : pre_init.obj (.text)
                  003f3d96    00000001                    : startup.obj (.text)

.cinit     0    003f3d97    00000104     
                  003f3d97    000000e6     proj_its.obj (.cinit)
                  003f3e7d    0000000e     rts2800_ml.lib : exit.obj (.cinit)
                  003f3e8b    00000005                    : _lock.obj (.cinit:__lock)
                  003f3e90    00000005                    : _lock.obj (.cinit:__unlock)
                  003f3e95    00000004     drv8301.obj (.cinit)
                  003f3e99    00000002     --HOLE-- [fill = 0]

.pinit     0    003f0000    00000000     UNINITIALIZED

IQmath     0    003f3e9b    0000000b     
                  003f3e9b    0000000b     IQmath.lib : IQ24frac.obj (IQmath)

codestart 
*          0    003f7ff6    00000002     
                  003f7ff6    00000002     CodeStartBranch.obj (codestart)

rom_accessed_data 
*          1    00000000    00000302     UNINITIALIZED
                  00000000    00000208     proj_its.obj (rom_accessed_data)
                  00000208    00000038     --HOLE--
                  00000240    000000c2     hal.obj (rom_accessed_data)

.switch    1    00000000    00000000     UNINITIALIZED

.stack     1    00000302    00000200     UNINITIALIZED
                  00000302    00000200     --HOLE--

.ebss      1    00008800    000000f5     UNINITIALIZED
                  00008800    000000e8     proj_its.obj (.ebss)
                  000088e8    00000006     rts2800_ml.lib : exit.obj (.ebss)
                  000088ee    00000002                    : _lock.obj (.ebss:__lock)
                  000088f0    00000002                    : _lock.obj (.ebss:__unlock)
                  000088f2    00000002     drv8301.obj (.ebss)
                  000088f4    00000001     cpu.obj (.ebss)

.econst    1    003f6000    0000008a     RUN ADDR = 00000502
                  003f6000    0000005c     fast_public.lib : ctrl_priv.obj (.econst)
                  003f605c    00000008     user.obj (.econst)
                  003f6064    00000004     ctrl.obj (.econst:_$P$T0$1)
                  003f6068    00000004     ctrl.obj (.econst:_$P$T1$2)
                  003f606c    00000004     ctrl.obj (.econst:_$P$T2$3)
                  003f6070    00000004     ctrl.obj (.econst:_$P$T3$4)
                  003f6074    00000004     ctrl.obj (.econst:_$P$T4$5)
                  003f6078    00000004     ctrl.obj (.econst:_$P$T5$6)
                  003f607c    00000004     ctrl.obj (.econst)
                  003f6080    00000004     hal.obj (.econst)
                  003f6084    00000004     rts2800_ml.lib : e_sqrtf.obj (.econst)
                  003f6088    00000002                    : s_ceilf.obj (.econst)

.reset     0    003fffc0    00000002     DSECT
                  003fffc0    00000002     rts2800_ml.lib : boot.obj (.reset)

vectors    0    003fffc2    00000000     DSECT

MODULE SUMMARY

       Module                code    ro data   rw data
       ------                ----    -------   -------
    .\
       ctrl.obj              3715    0         56     
       proj_its.obj          2492    0         982    
       hal.obj               2349    0         202    
       user.obj              1117    0         16     
       pwm.obj               758     0         0      
       drv8301.obj           721     0         6      
       adc.obj               501     0         0      
       gpio.obj              340     0         0      
       clk.obj               299     0         0      
       pie.obj               260     0         0      
       spi.obj               169     0         0      
       flash.obj             132     0         0      
       pll.obj               91      0         0      
       offset.obj            71      0         0      
       wdog.obj              70      0         0      
       pwr.obj               68      0         0      
       timer.obj             50      0         0      
       osc.obj               45      0         0      
       cpu.obj               37      0         1      
       filter_fo.obj         33      0         0      
       memCopy.obj           16      0         0      
       CodeStartBranch.obj   10      0         0      
       usDelay.obj           8       0         0      
       svgen_current.obj     6       0         0      
    +--+---------------------+-------+---------+---------+
       Total:                13358   0         1263   
                                                      
    C:/ti/ccsv6/tools/compiler/c2000_15.12.3.LTS/lib/rts2800_ml.lib
       e_sqrtf.obj           115     0         8      
       s_ceilf.obj           107     0         4      
       boot.obj              84      0         0      
       cpy_tbl.obj           70      0         0      
       exit.obj              41      0         20     
       l_div.obj             42      0         0      
       fs_toul.obj           33      0         0      
       fs_tou.obj            29      0         0      
       cpy_utils.obj         26      0         0      
       args_main.obj         25      0         0      
       _lock.obj             9       0         14     
       pre_init.obj          2       0         0      
       startup.obj           1       0         0      
    +--+---------------------+-------+---------+---------+
       Total:                584     0         46     
                                                      
    C:/ti/motorware/motorware_1_01_00_16/sw/modules/fast/lib/32b/f28x/f2802x/fast_public.lib
       ctrl_priv.obj         3732    0         184    
    +--+---------------------+-------+---------+---------+
       Total:                3732    0         184    
                                                      
    C:/ti/motorware/motorware_1_01_00_16/sw/modules/iqmath/lib/f28x/32b/IQmath.lib
       IQ24frac.obj          0       0         11     
    +--+---------------------+-------+---------+---------+
       Total:                0       0         11     
                                                      
       Stack:                0       0         512    
    +--+---------------------+-------+---------+---------+
       Grand Total:          17674   0         2016   


GLOBAL DATA SYMBOLS: SORTED BY DATA PAGE

address     data page           name
--------    ----------------    ----
00000000       0 (00000000)     _halHandle

00000040       1 (00000040)     _gUserParams

00000100       4 (00000100)     _ctrl

00000240       9 (00000240)     _hal

00000302       c (00000300)     __stack

00008800     220 (00008800)     _gCounter_updateGlobals
00008801     220 (00008800)     _Flag_Latch_softwareUpdate
00008802     220 (00008800)     _gIavg_shift
00008803     220 (00008800)     _gLEDcnt
00008804     220 (00008800)     _mainState
00008805     220 (00008800)     _delayReadADC
00008806     220 (00008800)     _gCmpOffset
00008808     220 (00008800)     _incAccel
0000880a     220 (00008800)     _setTimerToggle
0000880c     220 (00008800)     _globalMachineCycles
0000880e     220 (00008800)     _ctrlHandle
00008810     220 (00008800)     _auxCalcTimer
00008812     220 (00008800)     _resAccel
00008814     220 (00008800)     _gMaxCurrentSlope
00008816     220 (00008800)     _angle_pu
00008818     220 (00008800)     _gFlux_pu_to_Wb_sf
0000881a     220 (00008800)     _ActualSpeedRef
0000881c     220 (00008800)     _stepHallADC
0000881e     220 (00008800)     _cursoHall
00008820     220 (00008800)     _gTorque_Flux_Iq_pu_to_Nm_sf
00008822     220 (00008800)     _gTorque_Ls_Id_Iq_pu_to_Nm_sf
00008824     220 (00008800)     _errorSpeed
00008826     220 (00008800)     _gFlux_pu_to_VpHz_sf
00008828     220 (00008800)     _resSpeed
0000882a     220 (00008800)     _svgencurrent
0000882c     220 (00008800)     _svgencurrentHandle
0000882e     220 (00008800)     _incSpeed
00008830     220 (00008800)     _stepAccel
00008832     220 (00008800)     _speedRefOld
00008834     220 (00008800)     _phasor
00008838     220 (00008800)     _gPwmData

00008840     221 (00008840)     _gIavg
00008846     221 (00008840)     _STriggers
00008850     221 (00008840)     _gAdcData
0000885e     221 (00008840)     _gDrvSpi8301Vars

00008880     222 (00008880)     _gMotorVars

000088e8     223 (000088c0)     ___TI_enable_exit_profile_output
000088ea     223 (000088c0)     ___TI_cleanup_ptr
000088ec     223 (000088c0)     ___TI_dtors_ptr
000088ee     223 (000088c0)     __lock
000088f0     223 (000088c0)     __unlock
000088f4     223 (000088c0)     _cpu

003f3e9b    fcfa (003f3e80)     __IQ24frac


GLOBAL SYMBOLS: SORTED ALPHABETICALLY BY Name 

page  address   name                                             
----  -------   ----                                             
0     003f0771  .text                                            
0     003f3c41  C$$EXIT                                          
abs   003fdc5e  FD$$MPY                                          
abs   003fdf7b  FD$$TOL                                          
abs   003fdeb8  FS$$ADD                                          
abs   003fdf2b  FS$$CMP                                          
abs   003fdce1  FS$$DIV                                          
abs   003fdde7  FS$$MPY                                          
abs   003fff4d  FS$$NEG                                          
abs   003fdfb7  FS$$TOFD                                         
abs   003fff0e  FS$$TOI                                          
0     003f3d18  FS$$TOU                                          
0     003f3cd7  FS$$TOUL                                         
abs   003fff33  I$$TOFS                                          
0     003f3c17  L$$DIV                                           
0     003f3c26  L$$MOD                                           
abs   003ff8bd  U$$TOFS                                          
0     003f3c34  UL$$DIV                                          
0     003f3c3b  UL$$MOD                                          
abs   003ff8aa  UL$$TOFS                                         
0     003f34e3  _ADC_disable                                     
0     003f34d9  _ADC_disableBandGap                              
0     003f34c2  _ADC_disableInt                                  
0     003f34b8  _ADC_disableNoOverlapMode                        
0     003f34ae  _ADC_disableRefBuffers                           
0     003f34a4  _ADC_disableVoltRefLoConv                        
0     003f349a  _ADC_enable                                      
0     003f3490  _ADC_enableBandGap                               
0     003f347a  _ADC_enableInt                                   
0     003f3470  _ADC_enableNoOverlapMode                         
0     003f3466  _ADC_enableRefBuffers                            
0     003f345c  _ADC_enableVoltRefLoConv                         
0     003f3455  _ADC_getDivideSelect                             
0     003f344d  _ADC_init                                        
0     003f3443  _ADC_powerDown                                   
0     003f3439  _ADC_powerUp                                     
0     003f342f  _ADC_reset                                       
0     003f341e  _ADC_setDivideSelect                             
0     003f33fd  _ADC_setIntMode                                  
0     003f33ec  _ADC_setIntPulseGenMode                          
0     003f33cb  _ADC_setIntSrc                                   
0     003f33c1  _ADC_setOffTrim                                  
0     003f33aa  _ADC_setSampleMode                               
0     003f3397  _ADC_setSampleOverlapMode                        
0     003f3383  _ADC_setSocChanNumber                            
0     003f3376  _ADC_setSocFrc                                   
0     003f336c  _ADC_setSocFrcWord                               
0     003f3358  _ADC_setSocSampleDelay                           
0     003f3344  _ADC_setSocTrigSrc                               
0     003f3333  _ADC_setTempSensorSrc                            
0     003f3322  _ADC_setVoltRefSrc                               
0     003f32f8  _ADC_setupSocTrigSrc                             
1     0000881a  _ActualSpeedRef                                  
0     003f3765  _CLK_disableAdcClock                             
0     003f375f  _CLK_disableClkIn                                
0     003f375b  _CLK_disableCompClock                            
0     003f3754  _CLK_disableCpuTimerClock                        
0     003f374e  _CLK_disableCrystalOsc                           
0     003f3747  _CLK_disableEcap1Clock                           
0     003f3740  _CLK_disableGpioInputClock                       
0     003f3739  _CLK_disableHrPwmClock                           
0     003f3732  _CLK_disableI2cClock                             
0     003f372c  _CLK_disableOsc1                                 
0     003f3726  _CLK_disableOsc1HaltMode                         
0     003f3720  _CLK_disableOsc2                                 
0     003f371a  _CLK_disableOsc2HaltMode                         
0     003f3710  _CLK_disablePwmClock                             
0     003f3709  _CLK_disableSciaClock                            
0     003f3702  _CLK_disableSpiaClock                            
0     003f36fb  _CLK_disableTbClockSync                          
0     003f36f5  _CLK_disableWatchDogHaltMode                     
0     003f36ee  _CLK_enableAdcClock                              
0     003f36e8  _CLK_enableClkIn                                 
0     003f36e2  _CLK_enableCompClock                             
0     003f36dc  _CLK_enableCpuTimerClock                         
0     003f36d6  _CLK_enableCrystalOsc                            
0     003f36cf  _CLK_enableEcap1Clock                            
0     003f36c8  _CLK_enableGpioInputClock                        
0     003f36c1  _CLK_enableHrPwmClock                            
0     003f36ba  _CLK_enableI2cClock                              
0     003f36b4  _CLK_enableOsc1                                  
0     003f36ae  _CLK_enableOsc1HaltMode                          
0     003f36a8  _CLK_enableOsc2                                  
0     003f36a2  _CLK_enableOsc2HaltMode                          
0     003f3699  _CLK_enablePwmClock                              
0     003f3692  _CLK_enableSciaClock                             
0     003f368b  _CLK_enableSpiaClock                             
0     003f3684  _CLK_enableTbClockSync                           
0     003f367e  _CLK_enableWatchDogHaltMode                      
0     003f3678  _CLK_init                                        
0     003f3671  _CLK_setClkOutPreScaler                          
0     003f366b  _CLK_setLowSpdPreScaler                          
0     003f3664  _CLK_setOsc2Src                                  
0     003f365d  _CLK_setOscSrc                                   
0     003f3656  _CLK_setTimer2PreScale                           
0     003f364f  _CLK_setTimer2Src                                
0     003f3648  _CLK_setWatchDogSrc                              
0     003f3641  _CLK_setXClkInSrc                                
0     003f3cb3  _CPU_clearIntFlags                               
0     003f3cb0  _CPU_disableDebugInt                             
0     003f3cad  _CPU_disableGlobalInts                           
0     003f3ca8  _CPU_disableInt                                  
0     003f3ca5  _CPU_disableInts                                 
0     003f3ca2  _CPU_disableProtectedRegisterWrite               
0     003f3c9f  _CPU_enableDebugInt                              
0     003f3c9c  _CPU_enableGlobalInts                            
0     003f3c98  _CPU_enableInt                                   
0     003f3c95  _CPU_enableProtectedRegisterWrite                
0     003f3c91  _CPU_init                                        
0     003f2898  _CTRL_getGains                                   
0     003f2891  _CTRL_getIab_filt_pu                             
0     003f288a  _CTRL_getIab_in_pu                               
0     003f2883  _CTRL_getIdq_in_pu                               
0     003f287c  _CTRL_getIdq_ref_pu                              
0     003f28d1  _CTRL_getMagCurrent_pu                           
0     003f28ce  _CTRL_getMaximumSpeed_pu                         
0     003f2875  _CTRL_getVab_in_pu                               
0     003f286e  _CTRL_getVab_out_pu                              
0     003f2867  _CTRL_getVdq_out_pu                              
0     003f15fb  _CTRL_getVersion                                 
0     003f285e  _CTRL_getWaitTimes                               
abs   003fd88b  _CTRL_initCtrl                                   
0     0000800a  _CTRL_run                                        
0     003f152f  _CTRL_runTraj                                    
0     003f0dc9  _CTRL_setEstParams                               
0     003f25de  _CTRL_setGains                                   
0     003f28c8  _CTRL_setMagCurrent_pu                           
0     003f28cb  _CTRL_setMaximumSpeed_pu                         
0     003f2606  _CTRL_setParams                                  
0     003f25cb  _CTRL_setSpd_ref_krpm                            
0     003f25c8  _CTRL_setSpd_ref_pu                              
0     003f0c96  _CTRL_setUserMotorParams                         
0     003f25bf  _CTRL_setWaitTimes                               
0     00008000  _CTRL_setup                                      
0     003f25a3  _CTRL_setupClarke_I                              
0     003f258d  _CTRL_setupClarke_V                              
0     003f0aae  _CTRL_setupCtrl                                  
0     003f0910  _CTRL_setupEstIdleState                          
0     003f08d5  _CTRL_setupEstOnLineState                        
0     003f0771  _CTRL_setupTraj                                  
0     003f252a  _CTRL_setup_user                                 
0     003f2477  _CTRL_updateState                                
0     003f32d6  _DRV8301_enable                                  
0     003f32c4  _DRV8301_getDcCalMode                            
0     003f32a9  _DRV8301_getFaultType                            
0     003f32a3  _DRV8301_getId                                   
0     003f329c  _DRV8301_getOcLevel                              
0     003f3295  _DRV8301_getOcMode                               
0     003f328e  _DRV8301_getOcOffTimeMode                        
0     003f3287  _DRV8301_getOcTwMode                             
0     003f3280  _DRV8301_getPeakCurrent                          
0     003f3279  _DRV8301_getPwmMode                              
0     003f3272  _DRV8301_getShuntAmpGain                         
0     003f3269  _DRV8301_init                                    
0     003f3263  _DRV8301_isFault                                 
0     003f325c  _DRV8301_isReset                                 
0     003f31e6  _DRV8301_readData                                
0     003f3067  _DRV8301_readSpi                                 
0     003f31d7  _DRV8301_reset                                   
0     003f31b8  _DRV8301_setDcCalMode                            
0     003f31b6  _DRV8301_setGpioHandle                           
0     003f31b4  _DRV8301_setGpioNumber                           
0     003f31a0  _DRV8301_setOcLevel                              
0     003f318c  _DRV8301_setOcMode                               
0     003f3178  _DRV8301_setOcOffTimeMode                        
0     003f3164  _DRV8301_setOcTwMode                             
0     003f3150  _DRV8301_setPeakCurrent                          
0     003f313c  _DRV8301_setPwmMode                              
0     003f3128  _DRV8301_setShuntAmpGain                         
0     003f3126  _DRV8301_setSpiHandle                            
0     003f309f  _DRV8301_setupSpi                                
0     003f303e  _DRV8301_writeData                               
0     003f3027  _DRV8301_writeSpi                                
abs   003fd9e5  _EST_Angle_setParams                             
abs   003fd922  _EST_Dir_setParams                               
abs   003fd1e8  _EST_EPL_setParams                               
abs   003fd9b0  _EST_Flux_ab_setParams                           
abs   003fd514  _EST_Flux_computeOneOverFlux_qFmt                
abs   003fda3b  _EST_Flux_dq_setParams                           
abs   003fd49c  _EST_Flux_getRatedFlux_pu                        
abs   003fd42e  _EST_Flux_setParams                              
abs   003fd41e  _EST_Flux_setWaitTimes                           
abs   003fd95c  _EST_Freq_setParams                              
abs   003fd1be  _EST_I_setParams                                 
abs   003fd9cc  _EST_Iab_setParams                               
abs   003fda1e  _EST_Idq_setParams                               
abs   003fd3a8  _EST_Ls_getLs_d                                  
abs   003fd2b6  _EST_Ls_setLs_d                                  
abs   003fd284  _EST_Ls_setLs_q                                  
abs   003fd247  _EST_Ls_setParams                                
abs   003fd237  _EST_Ls_setWaitTimes                             
abs   003fda0d  _EST_OneOverDcBus_setParams                      
abs   003fd7e9  _EST_Rr_setParams                                
abs   003fd788  _EST_Rr_setRr                                    
abs   003fd57d  _EST_RsOnLine_setFilterParams                    
abs   003fd54d  _EST_RsOnLine_setParams                          
abs   003fd767  _EST_Rs_getRs                                    
abs   003fd725  _EST_Rs_setParams                                
abs   003fd6c3  _EST_Rs_setRs                                    
abs   003fd6b3  _EST_Rs_setWaitTimes                             
abs   003fd1af  _EST_TRAJ_setParams                              
abs   003fda53  _EST_Vab_setParams                               
abs   003fda47  _EST_Vback_ab_setParams                          
abs   003fda5e  _EST_Vback_dq_setParams                          
abs   003fd9fb  _EST_Vdq_setParams                               
abs   003fc092  _EST_computeDirection_qFmt                       
abs   003fd16d  _EST_computeL                                    
abs   003fd14d  _EST_computeR                                    
abs   003fd145  _EST_doCurrentCtrl                               
abs   003fd13d  _EST_doSpeedCtrl                                 
abs   003fc5f2  _EST_getAngle_pu                                 
abs   003fd0a3  _EST_getFlux_VpHz                                
abs   003fd090  _EST_getFlux_pu                                  
abs   003fd073  _EST_getFm_pu                                    
abs   003fc062  _EST_getFullScaleCurrent                         
abs   003fd043  _EST_getFullScaleFlux                            
abs   003fcc5c  _EST_getFullScaleFreq                            
abs   003fc4d1  _EST_getFullScaleInductance                      
abs   003fc08e  _EST_getFullScaleVoltage                         
abs   003fd017  _EST_getIdRated                                  
abs   003fcfe4  _EST_getLs_coarse_max_pu                         
abs   003fcfda  _EST_getLs_d_H                                   
abs   003fcfd5  _EST_getLs_d_pu                                  
abs   003fcfb3  _EST_getLs_q_H                                   
abs   003fcfae  _EST_getLs_q_pu                                  
abs   003fcfa2  _EST_getMaxCurrentSlope_pu                       
abs   003fcf98  _EST_getOneOverDcBus_pu                          
abs   003fcf92  _EST_getRr_Ohm                                   
abs   003fcef8  _EST_getRs_Ohm                                   
abs   003fceab  _EST_getSpeed_krpm                               
abs   003fc000  _EST_getState                                    
abs   003fce3d  _EST_get_krpm_to_pu_sf                           
abs   003fce38  _EST_get_pu_to_krpm_sf                           
abs   003fcd72  _EST_isError                                     
abs   003fcd6b  _EST_isIdle                                      
abs   003fcd64  _EST_isLockRotor                                 
abs   003fc05e  _EST_isMotorIdentified                           
abs   003fcd5d  _EST_isOnLine                                    
abs   003fc5ed  _EST_resetCounter_ctrl                           
abs   003fc05a  _EST_resetCounter_state                          
abs   003fcc60  _EST_run                                         
abs   003fc5c5  _EST_setFlag_enableFluxControl                   
abs   003fc5c0  _EST_setFlag_enableForceAngle                    
abs   003fc5bc  _EST_setFlag_enableRsOnLine                      
abs   003fc5b8  _EST_setFlag_enableRsRecalc                      
abs   003fc5b4  _EST_setFlag_estComplete                         
abs   003fc5b0  _EST_setFlag_updateRs                            
abs   003fc594  _EST_setFullScaleCurrent                         
abs   003fc58b  _EST_setFullScaleFreq                            
abs   003fc573  _EST_setFullScaleResistance                      
abs   003fc56f  _EST_setFullScaleVoltage                         
abs   003fc569  _EST_setIdRated_pu                               
abs   003fc565  _EST_setId_ref_pu                                
abs   003fc55f  _EST_setIdle                                     
abs   003fc54c  _EST_setIdle_all                                 
abs   003fc548  _EST_setIq_ref_pu                                
abs   003fc52a  _EST_setLs_d_pu                                  
abs   003fc4d6  _EST_setLs_qFmt                                  
abs   003fc4cc  _EST_setLs_q_pu                                  
abs   003fc4c0  _EST_setMaxCurrentSlope_pu                       
abs   003fc4bb  _EST_setMotorParams                              
abs   003fc3fd  _EST_setRs_pu                                    
abs   003fc3e2  _EST_setWaitTimes                                
abs   003fc3da  _EST_updateId_ref_pu                             
abs   003fc0f8  _EST_updateState                                 
abs   003fc002  _EST_useZeroIq_ref                               
0     003f3cd4  _FILTER_FO_getDenCoeffs                          
0     003f3ccd  _FILTER_FO_getInitialConditions                  
0     003f3cc7  _FILTER_FO_getNumCoeffs                          
0     003f3cc1  _FILTER_FO_init                                  
0     003f3cbf  _FILTER_FO_setDenCoeffs                          
0     003f3cba  _FILTER_FO_setInitialConditions                  
0     003f3cb6  _FILTER_FO_setNumCoeffs                          
0     003f3d12  _FLASH_clear3VStatus                             
0     00008749  _FLASH_disablePipelineMode                       
0     00008743  _FLASH_enablePipelineMode                        
0     003f3d0f  _FLASH_get3VStatus                               
0     003f3d0c  _FLASH_getActiveWaitCount                        
0     003f3d08  _FLASH_getActiveWaitStatus                       
0     003f3d05  _FLASH_getPowerMode                              
0     003f3d02  _FLASH_getStandbyWaitCount                       
0     003f3cfe  _FLASH_getStandbyWaitStatus                      
0     003f3cf8  _FLASH_init                                      
0     0000873e  _FLASH_setActiveWaitCount                        
0     00008737  _FLASH_setNumPagedReadWaitStates                 
0     00008730  _FLASH_setNumRandomReadWaitStates                
0     00008729  _FLASH_setOtpWaitStates                          
0     00008722  _FLASH_setPowerMode                              
0     0000871d  _FLASH_setStandbyWaitCount                       
1     00008801  _Flag_Latch_softwareUpdate                       
0     003f3633  _GPIO_getData                                    
0     003f3628  _GPIO_getPortData                                
0     003f3622  _GPIO_init                                       
0     003f3618  _GPIO_lpmSelect                                  
0     003f35f9  _GPIO_read                                       
0     003f35df  _GPIO_setDirection                               
0     003f35d4  _GPIO_setExtInt                                  
0     003f35c4  _GPIO_setHigh                                    
0     003f35b4  _GPIO_setLow                                     
0     003f3585  _GPIO_setMode                                    
0     003f3578  _GPIO_setPortData                                
0     003f355e  _GPIO_setPullUp                                  
0     003f3528  _GPIO_setQualification                           
0     003f34fd  _GPIO_setQualificationPeriod                     
0     003f34ed  _GPIO_toggle                                     
0     003f19eb  _HAL_AdcCalChanSelect                            
0     003f1a42  _HAL_AdcCalConversion                            
0     003f1ba4  _HAL_AdcOffsetSelfCal                            
0     003f1c66  _HAL_OscTempComp                                 
0     003f1eea  _HAL_acqTimer0Int                                
0     003f1cbf  _HAL_cal                                         
0     003f1ee6  _HAL_disableGlobalInts                           
0     003f1def  _HAL_disableWdog                                 
0     003f1ed4  _HAL_enableAdcInts                               
0     003f1ed0  _HAL_enableDebugInt                              
0     003f1ecb  _HAL_enableDrv                                   
0     003f1ec7  _HAL_enableGlobalInts                            
0     003f1eb6  _HAL_enablePwmInt                                
0     003f1ea6  _HAL_enableTimer0Int                             
0     003f1bd3  _HAL_getOscTrimValue                             
0     003f1df4  _HAL_init                                        
0     003f1be6  _HAL_osc1Comp                                    
0     003f1c26  _HAL_osc2Comp                                    
0     003f1dea  _HAL_readDrvData                                 
0     003f1cd6  _HAL_setParams                                   
0     003f1919  _HAL_setupAdcs                                   
0     003f18fd  _HAL_setupClks                                   
0     003f18f8  _HAL_setupDrvSpi                                 
0     003f18da  _HAL_setupFaults                                 
0     0000874f  _HAL_setupFlash                                  
0     003f18c5  _HAL_setupGate                                   
0     003f1826  _HAL_setupGpios                                  
0     003f1800  _HAL_setupLaunchPadGpio0and1                     
0     003f17cb  _HAL_setupPeripheralClks                         
0     003f17af  _HAL_setupPie                                    
0     003f1770  _HAL_setupPll                                    
0     003f1698  _HAL_setupPwms                                   
0     003f1662  _HAL_setupSpiA                                   
0     003f160a  _HAL_setupTimers                                 
0     003f1605  _HAL_writeDrvData                                
0     003f3ad9  _OFFSET_getBeta                                  
0     003f3ac8  _OFFSET_init                                     
0     003f3ab2  _OFFSET_setBeta                                  
0     003f3aa3  _OFFSET_setInitCond                              
0     003f3aa1  _OFFSET_setOffset                                
0     003f3c11  _OSC_init                                        
0     003f3c04  _OSC_setCoarseTrim                               
0     003f3bf3  _OSC_setFineTrim                                 
0     003f3bea  _OSC_setTrim                                     
0     003f3864  _PIE_clearAllFlags                               
0     003f3861  _PIE_clearAllInts                                
0     003f385e  _PIE_disable                                     
0     003f3857  _PIE_disableAllInts                              
0     003f3853  _PIE_disableCaptureInt                           
0     003f384a  _PIE_disableExtInt                               
0     003f3840  _PIE_disableInt                                  
0     003f383d  _PIE_enable                                      
0     003f3821  _PIE_enableAdcInt                                
0     003f381d  _PIE_enableCaptureInt                            
0     003f3801  _PIE_enableExtInt                                
0     003f37f8  _PIE_enableInt                                   
0     003f37f3  _PIE_enablePwmInt                                
0     003f37ee  _PIE_enablePwmTzInt                              
0     003f37eb  _PIE_enableTimer0Int                             
0     003f37e2  _PIE_forceInt                                    
0     003f37da  _PIE_getExtIntCount                              
0     003f37d3  _PIE_getIntEnables                               
0     003f37cc  _PIE_getIntFlags                                 
0     003f3d8f  _PIE_illegalIsr                                  
0     003f37c4  _PIE_init                                        
0     003f37b3  _PIE_registerPieIntHandler                       
0     003f37a8  _PIE_registerSystemIntHandler                    
0     003f379d  _PIE_setDefaultIntVectorTable                    
0     003f378c  _PIE_setExtIntPolarity                           
0     003f3779  _PIE_unregisterPieIntHandler                     
0     003f376c  _PIE_unregisterSystemIntHandler                  
0     003f3a47  _PLL_disable                                     
0     003f3a41  _PLL_disableClkDetect                            
0     003f3a3b  _PLL_disableNormRdy                              
0     003f3a35  _PLL_disableOsc                                  
0     003f3a2f  _PLL_enable                                      
0     003f3a29  _PLL_enableClkDetect                             
0     003f3a23  _PLL_enableNormRdy                               
0     003f3a1d  _PLL_enableOsc                                   
0     003f3a19  _PLL_getClkFreq                                  
0     003f3a16  _PLL_getClkStatus                                
0     003f3a13  _PLL_getDivideSelect                             
0     003f3a10  _PLL_getLockStatus                               
0     003f3a0a  _PLL_init                                        
0     003f3a04  _PLL_resetClkDetect                              
0     003f39fe  _PLL_setClkFreq                                  
0     003f39f7  _PLL_setDivideSelect                             
0     003f39f2  _PLL_setLockPeriod                               
0     003f3021  _PWM_clearTripZone                               
0     003f301e  _PWM_decrementDeadBandFallingEdgeDelay           
0     003f301b  _PWM_decrementDeadBandRisingEdgeDelay            
0     003f3014  _PWM_disableAutoConvert                          
0     003f3010  _PWM_disableChopping                             
0     003f300d  _PWM_disableCounterLoad                          
0     003f300a  _PWM_disableDeadBand                             
0     003f3006  _PWM_disableDeadBandHalfCycle                    
0     003f2fff  _PWM_disableDigitalCompareBlankingWindow         
0     003f2ff8  _PWM_disableDigitalCompareBlankingWindowInversion
0     003f2ff1  _PWM_disableHrPeriod                             
0     003f2fea  _PWM_disableHrPhaseSync                          
0     003f2fe6  _PWM_disableInt                                  
0     003f2fe2  _PWM_disableSocAPulse                            
0     003f2fde  _PWM_disableSocBPulse                            
0     003f2fd7  _PWM_disableTripZoneInt                          
0     003f2fd0  _PWM_disableTripZoneSrc                          
0     003f2fca  _PWM_disableTripZones                            
0     003f2fc3  _PWM_enableAutoConvert                           
0     003f2fbf  _PWM_enableChopping                              
0     003f2fbc  _PWM_enableCounterLoad                           
0     003f2fb8  _PWM_enableDeadBandHalfCycle                     
0     003f2fb1  _PWM_enableDigitalCompareBlankingWindow          
0     003f2faa  _PWM_enableDigitalCompareBlankingWindowInversion 
0     003f2fa3  _PWM_enableHrPeriod                              
0     003f2f9c  _PWM_enableHrPhaseSync                           
0     003f2f98  _PWM_enableInt                                   
0     003f2f94  _PWM_enableSocAPulse                             
0     003f2f90  _PWM_enableSocBPulse                             
0     003f2f8a  _PWM_enableTripZoneInt                           
0     003f2f84  _PWM_enableTripZoneSrc                           
0     003f2f81  _PWM_getDeadBandFallingEdgeDelay                 
0     003f2f7e  _PWM_getDeadBandRisingEdgeDelay                  
0     003f2f7a  _PWM_getIntCount                                 
0     003f2f76  _PWM_getShadowStatus_CmpA                        
0     003f2f72  _PWM_getShadowStatus_CmpB                        
0     003f2f6d  _PWM_getSocACount                                
0     003f2f68  _PWM_getSocBCount                                
0     003f2f65  _PWM_incrementDeadBandFallingEdgeDelay           
0     003f2f62  _PWM_incrementDeadBandRisingEdgeDelay            
0     003f2f5c  _PWM_init                                        
0     003f2f55  _PWM_setActionQualContSWForce_PwmA               
0     003f2f4c  _PWM_setActionQualContSWForce_PwmB               
0     003f2f43  _PWM_setActionQual_CntDown_CmpA_PwmA             
0     003f2f3a  _PWM_setActionQual_CntDown_CmpA_PwmB             
0     003f2f31  _PWM_setActionQual_CntDown_CmpB_PwmA             
0     003f2f28  _PWM_setActionQual_CntDown_CmpB_PwmB             
0     003f2f1f  _PWM_setActionQual_CntUp_CmpA_PwmA               
0     003f2f16  _PWM_setActionQual_CntUp_CmpA_PwmB               
0     003f2f0d  _PWM_setActionQual_CntUp_CmpB_PwmA               
0     003f2f04  _PWM_setActionQual_CntUp_CmpB_PwmB               
0     003f2efb  _PWM_setActionQual_Period_PwmA                   
0     003f2ef2  _PWM_setActionQual_Period_PwmB                   
0     003f2eeb  _PWM_setActionQual_Zero_PwmA                     
0     003f2ee4  _PWM_setActionQual_Zero_PwmB                     
0     003f2edd  _PWM_setChoppingClkFreq                          
0     003f2ed6  _PWM_setChoppingDutyCycle                        
0     003f2ecf  _PWM_setChoppingPulseWidth                       
0     003f2ecb  _PWM_setClkDiv                                   
0     003f2ec9  _PWM_setCount                                    
0     003f2ec5  _PWM_setCounterMode                              
0     003f2ec2  _PWM_setDeadBandFallingEdgeDelay                 
0     003f2ebb  _PWM_setDeadBandInputMode                        
0     003f2eb4  _PWM_setDeadBandOutputMode                       
0     003f2ead  _PWM_setDeadBandPolarity                         
0     003f2eaa  _PWM_setDeadBandRisingEdgeDelay                  
0     003f2e90  _PWM_setDigitalCompareAEvent1                    
0     003f2e80  _PWM_setDigitalCompareAEvent2                    
0     003f2e66  _PWM_setDigitalCompareBEvent1                    
0     003f2e56  _PWM_setDigitalCompareBEvent2                    
0     003f2e4a  _PWM_setDigitalCompareBlankingPulse              
0     003f2e47  _PWM_setDigitalCompareFilterOffset               
0     003f2e3d  _PWM_setDigitalCompareFilterSource               
0     003f2e3a  _PWM_setDigitalCompareFilterWindow               
0     003f2e2b  _PWM_setDigitalCompareInput                      
0     003f2e27  _PWM_setHighSpeedClkDiv                          
0     003f2e1d  _PWM_setHrControlMode                            
0     003f2e13  _PWM_setHrEdgeMode                               
0     003f2e09  _PWM_setHrShadowMode                             
0     003f2e02  _PWM_setIntMode                                  
0     003f2dfb  _PWM_setIntPeriod                                
0     003f2df7  _PWM_setLoadMode_CmpA                            
0     003f2df1  _PWM_setLoadMode_CmpB                            
0     003f2def  _PWM_setPeriod                                   
0     003f2dea  _PWM_setPeriodHr                                 
0     003f2de6  _PWM_setPeriodLoad                               
0     003f2de4  _PWM_setPhase                                    
0     003f2de0  _PWM_setPhaseDir                                 
0     003f2ddc  _PWM_setRunMode                                  
0     003f2dd6  _PWM_setShadowMode_CmpA                          
0     003f2dd0  _PWM_setShadowMode_CmpB                          
0     003f2dc7  _PWM_setSocAPeriod                               
0     003f2dbe  _PWM_setSocAPulseSrc                             
0     003f2db5  _PWM_setSocBPeriod                               
0     003f2dac  _PWM_setSocBPulseSrc                             
0     003f2da9  _PWM_setSwSync                                   
0     003f2da5  _PWM_setSyncMode                                 
0     003f2d9b  _PWM_setTripZoneDCEventSelect_DCAEVT1            
0     003f2d8f  _PWM_setTripZoneDCEventSelect_DCAEVT2            
0     003f2d83  _PWM_setTripZoneDCEventSelect_DCBEVT1            
0     003f2d77  _PWM_setTripZoneDCEventSelect_DCBEVT2            
0     003f2d6b  _PWM_setTripZoneState_DCAEVT1                    
0     003f2d5f  _PWM_setTripZoneState_DCAEVT2                    
0     003f2d53  _PWM_setTripZoneState_DCBEVT1                    
0     003f2d47  _PWM_setTripZoneState_DCBEVT2                    
0     003f2d3d  _PWM_setTripZoneState_TZA                        
0     003f2d31  _PWM_setTripZoneState_TZB                        
0     003f3bb5  _PWR_disableBrownOutReset                        
0     003f3bab  _PWR_disableWatchDogInt                          
0     003f3ba8  _PWR_enableBrownOutReset                         
0     003f3b9e  _PWR_enableWatchDogInt                           
0     003f3b96  _PWR_init                                        
0     003f3b85  _PWR_setLowPowerMode                             
0     003f3b74  _PWR_setNumStandByClocks                         
0     003f0771  _RamfuncsLoadEnd                                 
0     003f0000  _RamfuncsLoadStart                               
0     00008000  _RamfuncsRunStart                                
0     003f3910  _SPI_clearRxFifoInt                              
0     003f390c  _SPI_clearRxFifoOvf                              
0     003f3908  _SPI_clearTxFifoInt                              
0     003f3905  _SPI_disableInt                                  
0     003f3902  _SPI_disableLoopBack                             
0     003f38ff  _SPI_disableOverRunInt                           
0     003f38fb  _SPI_disableRxFifoInt                            
0     003f38f8  _SPI_disableTx                                   
0     003f38f4  _SPI_disableTxFifoEnh                            
0     003f38f0  _SPI_disableTxFifoInt                            
0     003f38ed  _SPI_enable                                      
0     003f38e9  _SPI_enableChannels                              
0     003f38e6  _SPI_enableInt                                   
0     003f38e3  _SPI_enableLoopBack                              
0     003f38e0  _SPI_enableOverRunInt                            
0     003f38dc  _SPI_enableRxFifo                                
0     003f38d8  _SPI_enableRxFifoInt                             
0     003f38d5  _SPI_enableTx                                    
0     003f38d1  _SPI_enableTxFifo                                
0     003f38cd  _SPI_enableTxFifoEnh                             
0     003f38c9  _SPI_enableTxFifoInt                             
0     003f38c6  _SPI_getIntFlagStatus                            
0     003f38c2  _SPI_getRxFifoStatus                             
0     003f38bf  _SPI_getTxBufferStatus                           
0     003f38bb  _SPI_getTxFifoStatus                             
0     003f38b5  _SPI_init                                        
0     003f38b2  _SPI_reset                                       
0     003f38ae  _SPI_resetChannels                               
0     003f38aa  _SPI_resetRxFifo                                 
0     003f38a6  _SPI_resetTxFifo                                 
0     003f38a4  _SPI_setBaudRate                                 
0     003f38a0  _SPI_setCharLength                               
0     003f389e  _SPI_setClkPhase                                 
0     003f389a  _SPI_setClkPolarity                              
0     003f3898  _SPI_setMode                                     
0     003f3891  _SPI_setPriority                                 
0     003f388a  _SPI_setRxFifoIntLevel                           
0     003f3883  _SPI_setSteInv                                   
0     003f387c  _SPI_setSuspend                                  
0     003f3875  _SPI_setTriWire                                  
0     003f3872  _SPI_setTxDelay                                  
0     003f386b  _SPI_setTxFifoIntLevel                           
1     00008846  _STriggers                                       
0     003f3d89  _SVGENCURRENT_init                               
0     003f3be7  _TIMER_clearFlag                                 
0     003f3be4  _TIMER_disableInt                                
0     003f3be1  _TIMER_enableInt                                 
0     003f3bde  _TIMER_getStatus                                 
0     003f3bd8  _TIMER_init                                      
0     003f3bca  _TIMER_setDecimationFactor                       
0     003f3bc6  _TIMER_setEmulationMode                          
0     003f3bb8  _TIMER_setPreScaler                              
0     003f2c70  _USER_calcPIgains                                
0     003f2c6c  _USER_checkForErrors                             
0     003f2c5e  _USER_computeFlux                                
0     003f2c22  _USER_computeFlux_pu_to_VpHz_sf                  
0     003f2be6  _USER_computeFlux_pu_to_Wb_sf                    
0     003f2baa  _USER_computeTorque_Flux_Iq_pu_to_Nm_sf          
0     003f2b70  _USER_computeTorque_Ls_Id_Iq_pu_to_Nm_sf         
0     003f2b23  _USER_computeTorque_Nm                           
0     003f2acb  _USER_computeTorque_lbin                         
0     003f2ac8  _USER_getErrorCode                               
0     003f2ac5  _USER_setErrorCode                               
0     003f2957  _USER_setParams                                  
0     003f28d4  _USER_softwareUpdate1p6                          
0     003f3b6c  _WDOG_clearCounter                               
0     003f3b64  _WDOG_disable                                    
0     003f3b5e  _WDOG_disableInt                                 
0     003f3b58  _WDOG_disableOverRide                            
0     003f3b4f  _WDOG_enable                                     
0     003f3b49  _WDOG_enableInt                                  
0     003f3b43  _WDOG_enableOverRide                             
0     003f3b40  _WDOG_getIntStatus                               
0     003f3b3a  _WDOG_init                                       
0     003f3b38  _WDOG_setCount                                   
0     003f3b2e  _WDOG_setPreScaler                               
abs   003ff854  __IQ24cosPU                                      
abs   003ff083  __IQ24div                                        
0     003f3e9b  __IQ24frac                                       
abs   003fff8f  __IQ24rmpy                                       
abs   003ff82b  __IQ24sinPU                                      
abs   003ff2aa  __IQ24sqrt                                       
abs   003fff67  __IQ24toF                                        
abs   003ff87b  __IQ29rsmpy                                      
abs   003fff52  __IQ30rsmpy                                      
abs   003fff7b  __IQ30toF                                        
1     00000502  __STACK_END                                      
abs   00000200  __STACK_SIZE                                     
1     000088ea  ___TI_cleanup_ptr                                
1     000088ec  ___TI_dtors_ptr                                  
1     000088e8  ___TI_enable_exit_profile_output                 
abs   ffffffff  ___TI_pprof_out_hndl                             
abs   ffffffff  ___TI_prof_data_size                             
abs   ffffffff  ___TI_prof_data_start                            
abs   ffffffff  ___binit__                                       
abs   ffffffff  ___c_args__                                      
0     003f3d97  ___cinit__                                       
0     003f3d97  ___etext__                                       
abs   ffffffff  ___pinit__                                       
0     003f0771  ___text__                                        
0     003f3d4f  __args_main                                      
1     000088ee  __lock                                           
0     003f3d80  __nop                                            
0     003f3d7c  __register_lock                                  
0     003f3d78  __register_unlock                                
1     00000302  __stack                                          
0     003f3d96  __system_post_cinit                              
0     003f3d94  __system_pre_init                                
1     000088f0  __unlock                                         
0     003f3c41  _abort                                           
1     00008816  _angle_pu                                        
1     00008810  _auxCalcTimer                                    
0     003f3a4d  _c_int00                                         
0     003f3987  _ceil                                            
0     003f3987  _ceilf                                           
0     003f3ae8  _copy_in                                         
1     000088f4  _cpu                                             
1     00000100  _ctrl                                            
1     0000880e  _ctrlHandle                                      
1     0000881e  _cursoHall                                       
0     003f3d35  _ddcopy                                          
1     00008805  _delayReadADC                                    
0     003f3d35  _dpcopy                                          
1     003f608a  _econst_end                                      
1     00000502  _econst_ram_load                                 
1     003f6000  _econst_start                                    
abs   000007fc  _errno                                           
1     00008824  _errorSpeed                                      
0     003f3c43  _exit                                            
1     00008850  _gAdcData                                        
1     00008806  _gCmpOffset                                      
1     00008800  _gCounter_updateGlobals                          
1     0000885e  _gDrvSpi8301Vars                                 
1     00008826  _gFlux_pu_to_VpHz_sf                             
1     00008818  _gFlux_pu_to_Wb_sf                               
1     00008840  _gIavg                                           
1     00008802  _gIavg_shift                                     
1     00008803  _gLEDcnt                                         
1     00008814  _gMaxCurrentSlope                                
1     00008880  _gMotorVars                                      
1     00008838  _gPwmData                                        
1     00008820  _gTorque_Flux_Iq_pu_to_Nm_sf                     
1     00008822  _gTorque_Ls_Id_Iq_pu_to_Nm_sf                    
1     00000040  _gUserParams                                     
1     0000880c  _globalMachineCycles                             
1     00000240  _hal                                             
1     00000000  _halHandle                                       
1     00008808  _incAccel                                        
1     0000882e  _incSpeed                                        
abs   003fda88  _log                                             
0     003f1fe1  _main                                            
0     00008513  _mainISR                                         
1     00008804  _mainState                                       
0     003f3d68  _memCopy                                         
0     003f3d35  _pdcopy                                          
1     00008834  _phasor                                          
abs   003fdd64  _pow                                             
0     003f3d35  _ppcopy                                          
1     00008812  _resAccel                                        
1     00008828  _resSpeed                                        
1     0000880a  _setTimerToggle                                  
1     00008832  _speedRefOld                                     
0     003f3914  _sqrt                                            
0     003f3914  _sqrtf                                           
1     00008830  _stepAccel                                       
1     0000881c  _stepHallADC                                     
1     0000882a  _svgencurrent                                    
1     0000882c  _svgencurrentHandle                              
1     00000000  _switch_end                                      
1     00000000  _switch_ram_load                                 
1     00000000  _switch_start                                    
0     003f3c6a  _timer0ISR                                       
0     003f1fd5  _toggleSetSpeed                                  
0     003f1f18  _updateGlobalVariables_motor                     
0     003f1ef6  _updateKpKiGains                                 
0     0000876d  _usDelay                                         
abs   ffffffff  binit                                            
0     003f3d97  cinit                                            
0     003f7ff6  code_start                                       
0     003f3d97  etext                                            
abs   ffffffff  pinit                                            


GLOBAL SYMBOLS: SORTED BY Symbol Address 

page  address   name                                             
----  -------   ----                                             
0     00008000  _CTRL_setup                                      
0     00008000  _RamfuncsRunStart                                
0     0000800a  _CTRL_run                                        
0     00008513  _mainISR                                         
0     0000871d  _FLASH_setStandbyWaitCount                       
0     00008722  _FLASH_setPowerMode                              
0     00008729  _FLASH_setOtpWaitStates                          
0     00008730  _FLASH_setNumRandomReadWaitStates                
0     00008737  _FLASH_setNumPagedReadWaitStates                 
0     0000873e  _FLASH_setActiveWaitCount                        
0     00008743  _FLASH_enablePipelineMode                        
0     00008749  _FLASH_disablePipelineMode                       
0     0000874f  _HAL_setupFlash                                  
0     0000876d  _usDelay                                         
0     003f0000  _RamfuncsLoadStart                               
0     003f0771  .text                                            
0     003f0771  _CTRL_setupTraj                                  
0     003f0771  _RamfuncsLoadEnd                                 
0     003f0771  ___text__                                        
0     003f08d5  _CTRL_setupEstOnLineState                        
0     003f0910  _CTRL_setupEstIdleState                          
0     003f0aae  _CTRL_setupCtrl                                  
0     003f0c96  _CTRL_setUserMotorParams                         
0     003f0dc9  _CTRL_setEstParams                               
0     003f152f  _CTRL_runTraj                                    
0     003f15fb  _CTRL_getVersion                                 
0     003f1605  _HAL_writeDrvData                                
0     003f160a  _HAL_setupTimers                                 
0     003f1662  _HAL_setupSpiA                                   
0     003f1698  _HAL_setupPwms                                   
0     003f1770  _HAL_setupPll                                    
0     003f17af  _HAL_setupPie                                    
0     003f17cb  _HAL_setupPeripheralClks                         
0     003f1800  _HAL_setupLaunchPadGpio0and1                     
0     003f1826  _HAL_setupGpios                                  
0     003f18c5  _HAL_setupGate                                   
0     003f18da  _HAL_setupFaults                                 
0     003f18f8  _HAL_setupDrvSpi                                 
0     003f18fd  _HAL_setupClks                                   
0     003f1919  _HAL_setupAdcs                                   
0     003f19eb  _HAL_AdcCalChanSelect                            
0     003f1a42  _HAL_AdcCalConversion                            
0     003f1ba4  _HAL_AdcOffsetSelfCal                            
0     003f1bd3  _HAL_getOscTrimValue                             
0     003f1be6  _HAL_osc1Comp                                    
0     003f1c26  _HAL_osc2Comp                                    
0     003f1c66  _HAL_OscTempComp                                 
0     003f1cbf  _HAL_cal                                         
0     003f1cd6  _HAL_setParams                                   
0     003f1dea  _HAL_readDrvData                                 
0     003f1def  _HAL_disableWdog                                 
0     003f1df4  _HAL_init                                        
0     003f1ea6  _HAL_enableTimer0Int                             
0     003f1eb6  _HAL_enablePwmInt                                
0     003f1ec7  _HAL_enableGlobalInts                            
0     003f1ecb  _HAL_enableDrv                                   
0     003f1ed0  _HAL_enableDebugInt                              
0     003f1ed4  _HAL_enableAdcInts                               
0     003f1ee6  _HAL_disableGlobalInts                           
0     003f1eea  _HAL_acqTimer0Int                                
0     003f1ef6  _updateKpKiGains                                 
0     003f1f18  _updateGlobalVariables_motor                     
0     003f1fd5  _toggleSetSpeed                                  
0     003f1fe1  _main                                            
0     003f2477  _CTRL_updateState                                
0     003f252a  _CTRL_setup_user                                 
0     003f258d  _CTRL_setupClarke_V                              
0     003f25a3  _CTRL_setupClarke_I                              
0     003f25bf  _CTRL_setWaitTimes                               
0     003f25c8  _CTRL_setSpd_ref_pu                              
0     003f25cb  _CTRL_setSpd_ref_krpm                            
0     003f25de  _CTRL_setGains                                   
0     003f2606  _CTRL_setParams                                  
0     003f285e  _CTRL_getWaitTimes                               
0     003f2867  _CTRL_getVdq_out_pu                              
0     003f286e  _CTRL_getVab_out_pu                              
0     003f2875  _CTRL_getVab_in_pu                               
0     003f287c  _CTRL_getIdq_ref_pu                              
0     003f2883  _CTRL_getIdq_in_pu                               
0     003f288a  _CTRL_getIab_in_pu                               
0     003f2891  _CTRL_getIab_filt_pu                             
0     003f2898  _CTRL_getGains                                   
0     003f28c8  _CTRL_setMagCurrent_pu                           
0     003f28cb  _CTRL_setMaximumSpeed_pu                         
0     003f28ce  _CTRL_getMaximumSpeed_pu                         
0     003f28d1  _CTRL_getMagCurrent_pu                           
0     003f28d4  _USER_softwareUpdate1p6                          
0     003f2957  _USER_setParams                                  
0     003f2ac5  _USER_setErrorCode                               
0     003f2ac8  _USER_getErrorCode                               
0     003f2acb  _USER_computeTorque_lbin                         
0     003f2b23  _USER_computeTorque_Nm                           
0     003f2b70  _USER_computeTorque_Ls_Id_Iq_pu_to_Nm_sf         
0     003f2baa  _USER_computeTorque_Flux_Iq_pu_to_Nm_sf          
0     003f2be6  _USER_computeFlux_pu_to_Wb_sf                    
0     003f2c22  _USER_computeFlux_pu_to_VpHz_sf                  
0     003f2c5e  _USER_computeFlux                                
0     003f2c6c  _USER_checkForErrors                             
0     003f2c70  _USER_calcPIgains                                
0     003f2d31  _PWM_setTripZoneState_TZB                        
0     003f2d3d  _PWM_setTripZoneState_TZA                        
0     003f2d47  _PWM_setTripZoneState_DCBEVT2                    
0     003f2d53  _PWM_setTripZoneState_DCBEVT1                    
0     003f2d5f  _PWM_setTripZoneState_DCAEVT2                    
0     003f2d6b  _PWM_setTripZoneState_DCAEVT1                    
0     003f2d77  _PWM_setTripZoneDCEventSelect_DCBEVT2            
0     003f2d83  _PWM_setTripZoneDCEventSelect_DCBEVT1            
0     003f2d8f  _PWM_setTripZoneDCEventSelect_DCAEVT2            
0     003f2d9b  _PWM_setTripZoneDCEventSelect_DCAEVT1            
0     003f2da5  _PWM_setSyncMode                                 
0     003f2da9  _PWM_setSwSync                                   
0     003f2dac  _PWM_setSocBPulseSrc                             
0     003f2db5  _PWM_setSocBPeriod                               
0     003f2dbe  _PWM_setSocAPulseSrc                             
0     003f2dc7  _PWM_setSocAPeriod                               
0     003f2dd0  _PWM_setShadowMode_CmpB                          
0     003f2dd6  _PWM_setShadowMode_CmpA                          
0     003f2ddc  _PWM_setRunMode                                  
0     003f2de0  _PWM_setPhaseDir                                 
0     003f2de4  _PWM_setPhase                                    
0     003f2de6  _PWM_setPeriodLoad                               
0     003f2dea  _PWM_setPeriodHr                                 
0     003f2def  _PWM_setPeriod                                   
0     003f2df1  _PWM_setLoadMode_CmpB                            
0     003f2df7  _PWM_setLoadMode_CmpA                            
0     003f2dfb  _PWM_setIntPeriod                                
0     003f2e02  _PWM_setIntMode                                  
0     003f2e09  _PWM_setHrShadowMode                             
0     003f2e13  _PWM_setHrEdgeMode                               
0     003f2e1d  _PWM_setHrControlMode                            
0     003f2e27  _PWM_setHighSpeedClkDiv                          
0     003f2e2b  _PWM_setDigitalCompareInput                      
0     003f2e3a  _PWM_setDigitalCompareFilterWindow               
0     003f2e3d  _PWM_setDigitalCompareFilterSource               
0     003f2e47  _PWM_setDigitalCompareFilterOffset               
0     003f2e4a  _PWM_setDigitalCompareBlankingPulse              
0     003f2e56  _PWM_setDigitalCompareBEvent2                    
0     003f2e66  _PWM_setDigitalCompareBEvent1                    
0     003f2e80  _PWM_setDigitalCompareAEvent2                    
0     003f2e90  _PWM_setDigitalCompareAEvent1                    
0     003f2eaa  _PWM_setDeadBandRisingEdgeDelay                  
0     003f2ead  _PWM_setDeadBandPolarity                         
0     003f2eb4  _PWM_setDeadBandOutputMode                       
0     003f2ebb  _PWM_setDeadBandInputMode                        
0     003f2ec2  _PWM_setDeadBandFallingEdgeDelay                 
0     003f2ec5  _PWM_setCounterMode                              
0     003f2ec9  _PWM_setCount                                    
0     003f2ecb  _PWM_setClkDiv                                   
0     003f2ecf  _PWM_setChoppingPulseWidth                       
0     003f2ed6  _PWM_setChoppingDutyCycle                        
0     003f2edd  _PWM_setChoppingClkFreq                          
0     003f2ee4  _PWM_setActionQual_Zero_PwmB                     
0     003f2eeb  _PWM_setActionQual_Zero_PwmA                     
0     003f2ef2  _PWM_setActionQual_Period_PwmB                   
0     003f2efb  _PWM_setActionQual_Period_PwmA                   
0     003f2f04  _PWM_setActionQual_CntUp_CmpB_PwmB               
0     003f2f0d  _PWM_setActionQual_CntUp_CmpB_PwmA               
0     003f2f16  _PWM_setActionQual_CntUp_CmpA_PwmB               
0     003f2f1f  _PWM_setActionQual_CntUp_CmpA_PwmA               
0     003f2f28  _PWM_setActionQual_CntDown_CmpB_PwmB             
0     003f2f31  _PWM_setActionQual_CntDown_CmpB_PwmA             
0     003f2f3a  _PWM_setActionQual_CntDown_CmpA_PwmB             
0     003f2f43  _PWM_setActionQual_CntDown_CmpA_PwmA             
0     003f2f4c  _PWM_setActionQualContSWForce_PwmB               
0     003f2f55  _PWM_setActionQualContSWForce_PwmA               
0     003f2f5c  _PWM_init                                        
0     003f2f62  _PWM_incrementDeadBandRisingEdgeDelay            
0     003f2f65  _PWM_incrementDeadBandFallingEdgeDelay           
0     003f2f68  _PWM_getSocBCount                                
0     003f2f6d  _PWM_getSocACount                                
0     003f2f72  _PWM_getShadowStatus_CmpB                        
0     003f2f76  _PWM_getShadowStatus_CmpA                        
0     003f2f7a  _PWM_getIntCount                                 
0     003f2f7e  _PWM_getDeadBandRisingEdgeDelay                  
0     003f2f81  _PWM_getDeadBandFallingEdgeDelay                 
0     003f2f84  _PWM_enableTripZoneSrc                           
0     003f2f8a  _PWM_enableTripZoneInt                           
0     003f2f90  _PWM_enableSocBPulse                             
0     003f2f94  _PWM_enableSocAPulse                             
0     003f2f98  _PWM_enableInt                                   
0     003f2f9c  _PWM_enableHrPhaseSync                           
0     003f2fa3  _PWM_enableHrPeriod                              
0     003f2faa  _PWM_enableDigitalCompareBlankingWindowInversion 
0     003f2fb1  _PWM_enableDigitalCompareBlankingWindow          
0     003f2fb8  _PWM_enableDeadBandHalfCycle                     
0     003f2fbc  _PWM_enableCounterLoad                           
0     003f2fbf  _PWM_enableChopping                              
0     003f2fc3  _PWM_enableAutoConvert                           
0     003f2fca  _PWM_disableTripZones                            
0     003f2fd0  _PWM_disableTripZoneSrc                          
0     003f2fd7  _PWM_disableTripZoneInt                          
0     003f2fde  _PWM_disableSocBPulse                            
0     003f2fe2  _PWM_disableSocAPulse                            
0     003f2fe6  _PWM_disableInt                                  
0     003f2fea  _PWM_disableHrPhaseSync                          
0     003f2ff1  _PWM_disableHrPeriod                             
0     003f2ff8  _PWM_disableDigitalCompareBlankingWindowInversion
0     003f2fff  _PWM_disableDigitalCompareBlankingWindow         
0     003f3006  _PWM_disableDeadBandHalfCycle                    
0     003f300a  _PWM_disableDeadBand                             
0     003f300d  _PWM_disableCounterLoad                          
0     003f3010  _PWM_disableChopping                             
0     003f3014  _PWM_disableAutoConvert                          
0     003f301b  _PWM_decrementDeadBandRisingEdgeDelay            
0     003f301e  _PWM_decrementDeadBandFallingEdgeDelay           
0     003f3021  _PWM_clearTripZone                               
0     003f3027  _DRV8301_writeSpi                                
0     003f303e  _DRV8301_writeData                               
0     003f3067  _DRV8301_readSpi                                 
0     003f309f  _DRV8301_setupSpi                                
0     003f3126  _DRV8301_setSpiHandle                            
0     003f3128  _DRV8301_setShuntAmpGain                         
0     003f313c  _DRV8301_setPwmMode                              
0     003f3150  _DRV8301_setPeakCurrent                          
0     003f3164  _DRV8301_setOcTwMode                             
0     003f3178  _DRV8301_setOcOffTimeMode                        
0     003f318c  _DRV8301_setOcMode                               
0     003f31a0  _DRV8301_setOcLevel                              
0     003f31b4  _DRV8301_setGpioNumber                           
0     003f31b6  _DRV8301_setGpioHandle                           
0     003f31b8  _DRV8301_setDcCalMode                            
0     003f31d7  _DRV8301_reset                                   
0     003f31e6  _DRV8301_readData                                
0     003f325c  _DRV8301_isReset                                 
0     003f3263  _DRV8301_isFault                                 
0     003f3269  _DRV8301_init                                    
0     003f3272  _DRV8301_getShuntAmpGain                         
0     003f3279  _DRV8301_getPwmMode                              
0     003f3280  _DRV8301_getPeakCurrent                          
0     003f3287  _DRV8301_getOcTwMode                             
0     003f328e  _DRV8301_getOcOffTimeMode                        
0     003f3295  _DRV8301_getOcMode                               
0     003f329c  _DRV8301_getOcLevel                              
0     003f32a3  _DRV8301_getId                                   
0     003f32a9  _DRV8301_getFaultType                            
0     003f32c4  _DRV8301_getDcCalMode                            
0     003f32d6  _DRV8301_enable                                  
0     003f32f8  _ADC_setupSocTrigSrc                             
0     003f3322  _ADC_setVoltRefSrc                               
0     003f3333  _ADC_setTempSensorSrc                            
0     003f3344  _ADC_setSocTrigSrc                               
0     003f3358  _ADC_setSocSampleDelay                           
0     003f336c  _ADC_setSocFrcWord                               
0     003f3376  _ADC_setSocFrc                                   
0     003f3383  _ADC_setSocChanNumber                            
0     003f3397  _ADC_setSampleOverlapMode                        
0     003f33aa  _ADC_setSampleMode                               
0     003f33c1  _ADC_setOffTrim                                  
0     003f33cb  _ADC_setIntSrc                                   
0     003f33ec  _ADC_setIntPulseGenMode                          
0     003f33fd  _ADC_setIntMode                                  
0     003f341e  _ADC_setDivideSelect                             
0     003f342f  _ADC_reset                                       
0     003f3439  _ADC_powerUp                                     
0     003f3443  _ADC_powerDown                                   
0     003f344d  _ADC_init                                        
0     003f3455  _ADC_getDivideSelect                             
0     003f345c  _ADC_enableVoltRefLoConv                         
0     003f3466  _ADC_enableRefBuffers                            
0     003f3470  _ADC_enableNoOverlapMode                         
0     003f347a  _ADC_enableInt                                   
0     003f3490  _ADC_enableBandGap                               
0     003f349a  _ADC_enable                                      
0     003f34a4  _ADC_disableVoltRefLoConv                        
0     003f34ae  _ADC_disableRefBuffers                           
0     003f34b8  _ADC_disableNoOverlapMode                        
0     003f34c2  _ADC_disableInt                                  
0     003f34d9  _ADC_disableBandGap                              
0     003f34e3  _ADC_disable                                     
0     003f34ed  _GPIO_toggle                                     
0     003f34fd  _GPIO_setQualificationPeriod                     
0     003f3528  _GPIO_setQualification                           
0     003f355e  _GPIO_setPullUp                                  
0     003f3578  _GPIO_setPortData                                
0     003f3585  _GPIO_setMode                                    
0     003f35b4  _GPIO_setLow                                     
0     003f35c4  _GPIO_setHigh                                    
0     003f35d4  _GPIO_setExtInt                                  
0     003f35df  _GPIO_setDirection                               
0     003f35f9  _GPIO_read                                       
0     003f3618  _GPIO_lpmSelect                                  
0     003f3622  _GPIO_init                                       
0     003f3628  _GPIO_getPortData                                
0     003f3633  _GPIO_getData                                    
0     003f3641  _CLK_setXClkInSrc                                
0     003f3648  _CLK_setWatchDogSrc                              
0     003f364f  _CLK_setTimer2Src                                
0     003f3656  _CLK_setTimer2PreScale                           
0     003f365d  _CLK_setOscSrc                                   
0     003f3664  _CLK_setOsc2Src                                  
0     003f366b  _CLK_setLowSpdPreScaler                          
0     003f3671  _CLK_setClkOutPreScaler                          
0     003f3678  _CLK_init                                        
0     003f367e  _CLK_enableWatchDogHaltMode                      
0     003f3684  _CLK_enableTbClockSync                           
0     003f368b  _CLK_enableSpiaClock                             
0     003f3692  _CLK_enableSciaClock                             
0     003f3699  _CLK_enablePwmClock                              
0     003f36a2  _CLK_enableOsc2HaltMode                          
0     003f36a8  _CLK_enableOsc2                                  
0     003f36ae  _CLK_enableOsc1HaltMode                          
0     003f36b4  _CLK_enableOsc1                                  
0     003f36ba  _CLK_enableI2cClock                              
0     003f36c1  _CLK_enableHrPwmClock                            
0     003f36c8  _CLK_enableGpioInputClock                        
0     003f36cf  _CLK_enableEcap1Clock                            
0     003f36d6  _CLK_enableCrystalOsc                            
0     003f36dc  _CLK_enableCpuTimerClock                         
0     003f36e2  _CLK_enableCompClock                             
0     003f36e8  _CLK_enableClkIn                                 
0     003f36ee  _CLK_enableAdcClock                              
0     003f36f5  _CLK_disableWatchDogHaltMode                     
[...]
0     003f38f8  _SPI_disableTx                                   
0     003f38fb  _SPI_disableRxFifoInt                            
0     003f38ff  _SPI_disableOverRunInt                           
0     003f3902  _SPI_disableLoopBack                             
0     003f3905  _SPI_disableInt                                  
0     003f3908  _SPI_clearTxFifoInt                              
0     003f390c  _SPI_clearRxFifoOvf                              
0     003f3910  _SPI_clearRxFifoInt                              
0     003f3914  _sqrt                                            
0     003f3914  _sqrtf                                           
0     003f3987  _ceil                                            
0     003f3987  _ceilf                                           
0     003f39f2  _PLL_setLockPeriod                               
0     003f39f7  _PLL_setDivideSelect                             
0     003f39fe  _PLL_setClkFreq                                  
0     003f3a04  _PLL_resetClkDetect                              
0     003f3a0a  _PLL_init                                        
0     003f3a10  _PLL_getLockStatus                               
0     003f3a13  _PLL_getDivideSelect                             
0     003f3a16  _PLL_getClkStatus                                
0     003f3a19  _PLL_getClkFreq                                  
0     003f3a1d  _PLL_enableOsc                                   
0     003f3a23  _PLL_enableNormRdy                               
0     003f3a29  _PLL_enableClkDetect                             
0     003f3a2f  _PLL_enable                                      
0     003f3a35  _PLL_disableOsc                                  
0     003f3a3b  _PLL_disableNormRdy                              
0     003f3a41  _PLL_disableClkDetect                            
0     003f3a47  _PLL_disable                                     
0     003f3a4d  _c_int00                                         
0     003f3aa1  _OFFSET_setOffset                                
0     003f3aa3  _OFFSET_setInitCond                              
0     003f3ab2  _OFFSET_setBeta                                  
0     003f3ac8  _OFFSET_init                                     
0     003f3ad9  _OFFSET_getBeta                                  
0     003f3ae8  _copy_in                                         
0     003f3b2e  _WDOG_setPreScaler                               
0     003f3b38  _WDOG_setCount                                   
0     003f3b3a  _WDOG_init                                       
0     003f3b40  _WDOG_getIntStatus                               
0     003f3b43  _WDOG_enableOverRide                             
0     003f3b49  _WDOG_enableInt                                  
0     003f3b4f  _WDOG_enable                                     
0     003f3b58  _WDOG_disableOverRide                            
0     003f3b5e  _WDOG_disableInt                                 
0     003f3b64  _WDOG_disable                                    
0     003f3b6c  _WDOG_clearCounter                               
0     003f3b74  _PWR_setNumStandByClocks                         
0     003f3b85  _PWR_setLowPowerMode                             
0     003f3b96  _PWR_init                                        
0     003f3b9e  _PWR_enableWatchDogInt                           
0     003f3ba8  _PWR_enableBrownOutReset                         
0     003f3bab  _PWR_disableWatchDogInt                          
0     003f3bb5  _PWR_disableBrownOutReset                        
0     003f3bb8  _TIMER_setPreScaler                              
0     003f3bc6  _TIMER_setEmulationMode                          
0     003f3bca  _TIMER_setDecimationFactor                       
0     003f3bd8  _TIMER_init                                      
0     003f3bde  _TIMER_getStatus                                 
0     003f3be1  _TIMER_enableInt                                 
0     003f3be4  _TIMER_disableInt                                
0     003f3be7  _TIMER_clearFlag                                 
0     003f3bea  _OSC_setTrim                                     
0     003f3bf3  _OSC_setFineTrim                                 
0     003f3c04  _OSC_setCoarseTrim                               
0     003f3c11  _OSC_init                                        
0     003f3c17  L$$DIV                                           
0     003f3c26  L$$MOD                                           
0     003f3c34  UL$$DIV                                          
0     003f3c3b  UL$$MOD                                          
0     003f3c41  C$$EXIT                                          
0     003f3c41  _abort                                           
0     003f3c43  _exit                                            
0     003f3c6a  _timer0ISR                                       
0     003f3c91  _CPU_init                                        
0     003f3c95  _CPU_enableProtectedRegisterWrite                
0     003f3c98  _CPU_enableInt                                   
0     003f3c9c  _CPU_enableGlobalInts                            
0     003f3c9f  _CPU_enableDebugInt                              
0     003f3ca2  _CPU_disableProtectedRegisterWrite               
0     003f3ca5  _CPU_disableInts                                 
0     003f3ca8  _CPU_disableInt                                  
0     003f3cad  _CPU_disableGlobalInts                           
0     003f3cb0  _CPU_disableDebugInt                             
0     003f3cb3  _CPU_clearIntFlags                               
0     003f3cb6  _FILTER_FO_setNumCoeffs                          
0     003f3cba  _FILTER_FO_setInitialConditions                  
0     003f3cbf  _FILTER_FO_setDenCoeffs                          
0     003f3cc1  _FILTER_FO_init                                  
0     003f3cc7  _FILTER_FO_getNumCoeffs                          
0     003f3ccd  _FILTER_FO_getInitialConditions                  
0     003f3cd4  _FILTER_FO_getDenCoeffs                          
0     003f3cd7  FS$$TOUL                                         
0     003f3cf8  _FLASH_init                                      
0     003f3cfe  _FLASH_getStandbyWaitStatus                      
0     003f3d02  _FLASH_getStandbyWaitCount                       
0     003f3d05  _FLASH_getPowerMode                              
0     003f3d08  _FLASH_getActiveWaitStatus                       
0     003f3d0c  _FLASH_getActiveWaitCount                        
0     003f3d0f  _FLASH_get3VStatus                               
0     003f3d12  _FLASH_clear3VStatus                             
0     003f3d18  FS$$TOU                                          
0     003f3d35  _ddcopy                                          
0     003f3d35  _dpcopy                                          
0     003f3d35  _pdcopy                                          
0     003f3d35  _ppcopy                                          
0     003f3d4f  __args_main                                      
0     003f3d68  _memCopy                                         
0     003f3d78  __register_unlock                                
0     003f3d7c  __register_lock                                  
0     003f3d80  __nop                                            
0     003f3d89  _SVGENCURRENT_init                               
0     003f3d8f  _PIE_illegalIsr                                  
0     003f3d94  __system_pre_init                                
0     003f3d96  __system_post_cinit                              
0     003f3d97  ___cinit__                                       
0     003f3d97  ___etext__                                       
0     003f3d97  cinit                                            
0     003f3d97  etext                                            
0     003f3e9b  __IQ24frac                                       
0     003f7ff6  code_start                                       
1     00000000  _halHandle                                       
1     00000000  _switch_end                                      
1     00000000  _switch_ram_load                                 
1     00000000  _switch_start                                    
1     00000040  _gUserParams                                     
1     00000100  _ctrl                                            
1     00000240  _hal                                             
1     00000302  __stack                                          
1     00000502  __STACK_END                                      
1     00000502  _econst_ram_load                                 
1     00008800  _gCounter_updateGlobals                          
1     00008801  _Flag_Latch_softwareUpdate                       
1     00008802  _gIavg_shift                                     
1     00008803  _gLEDcnt                                         
1     00008804  _mainState                                       
1     00008805  _delayReadADC                                    
1     00008806  _gCmpOffset                                      
1     00008808  _incAccel                                        
1     0000880a  _setTimerToggle                                  
1     0000880c  _globalMachineCycles                             
1     0000880e  _ctrlHandle                                      
1     00008810  _auxCalcTimer                                    
1     00008812  _resAccel                                        
1     00008814  _gMaxCurrentSlope                                
1     00008816  _angle_pu                                        
1     00008818  _gFlux_pu_to_Wb_sf                               
1     0000881a  _ActualSpeedRef                                  
1     0000881c  _stepHallADC                                     
1     0000881e  _cursoHall                                       
1     00008820  _gTorque_Flux_Iq_pu_to_Nm_sf                     
1     00008822  _gTorque_Ls_Id_Iq_pu_to_Nm_sf                    
1     00008824  _errorSpeed                                      
1     00008826  _gFlux_pu_to_VpHz_sf                             
1     00008828  _resSpeed                                        
1     0000882a  _svgencurrent                                    
1     0000882c  _svgencurrentHandle                              
1     0000882e  _incSpeed                                        
1     00008830  _stepAccel                                       
1     00008832  _speedRefOld                                     
1     00008834  _phasor                                          
1     00008838  _gPwmData                                        
1     00008840  _gIavg                                           
1     00008846  _STriggers                                       
1     00008850  _gAdcData                                        
1     0000885e  _gDrvSpi8301Vars                                 
1     00008880  _gMotorVars                                      
1     000088e8  ___TI_enable_exit_profile_output                 
1     000088ea  ___TI_cleanup_ptr                                
1     000088ec  ___TI_dtors_ptr                                  
1     000088ee  __lock                                           
1     000088f0  __unlock                                         
1     000088f4  _cpu                                             
1     003f6000  _econst_start                                    
1     003f608a  _econst_end                                      
abs   00000200  __STACK_SIZE                                     
abs   000007fc  _errno                                           
abs   003fc000  _EST_getState                                    
abs   003fc002  _EST_useZeroIq_ref                               
abs   003fc05a  _EST_resetCounter_state                          
abs   003fc05e  _EST_isMotorIdentified                           
abs   003fc062  _EST_getFullScaleCurrent                         
abs   003fc08e  _EST_getFullScaleVoltage                         
abs   003fc092  _EST_computeDirection_qFmt                       
abs   003fc0f8  _EST_updateState                                 
abs   003fc3da  _EST_updateId_ref_pu                             
abs   003fc3e2  _EST_setWaitTimes                                
abs   003fc3fd  _EST_setRs_pu                                    
abs   003fc4bb  _EST_setMotorParams                              
abs   003fc4c0  _EST_setMaxCurrentSlope_pu                       
abs   003fc4cc  _EST_setLs_q_pu                                  
abs   003fc4d1  _EST_getFullScaleInductance                      
abs   003fc4d6  _EST_setLs_qFmt                                  
abs   003fc52a  _EST_setLs_d_pu                                  
abs   003fc548  _EST_setIq_ref_pu                                
abs   003fc54c  _EST_setIdle_all                                 
abs   003fc55f  _EST_setIdle                                     
abs   003fc565  _EST_setId_ref_pu                                
abs   003fc569  _EST_setIdRated_pu                               
abs   003fc56f  _EST_setFullScaleVoltage                         
abs   003fc573  _EST_setFullScaleResistance                      
abs   003fc58b  _EST_setFullScaleFreq                            
abs   003fc594  _EST_setFullScaleCurrent                         
abs   003fc5b0  _EST_setFlag_updateRs                            
abs   003fc5b4  _EST_setFlag_estComplete                         
abs   003fc5b8  _EST_setFlag_enableRsRecalc                      
abs   003fc5bc  _EST_setFlag_enableRsOnLine                      
abs   003fc5c0  _EST_setFlag_enableForceAngle                    
abs   003fc5c5  _EST_setFlag_enableFluxControl                   
abs   003fc5ed  _EST_resetCounter_ctrl                           
abs   003fc5f2  _EST_getAngle_pu                                 
abs   003fcc5c  _EST_getFullScaleFreq                            
abs   003fcc60  _EST_run                                         
abs   003fcd5d  _EST_isOnLine                                    
abs   003fcd64  _EST_isLockRotor                                 
abs   003fcd6b  _EST_isIdle                                      
abs   003fcd72  _EST_isError                                     
abs   003fce38  _EST_get_pu_to_krpm_sf                           
abs   003fce3d  _EST_get_krpm_to_pu_sf                           
abs   003fceab  _EST_getSpeed_krpm                               
abs   003fcef8  _EST_getRs_Ohm                                   
abs   003fcf92  _EST_getRr_Ohm                                   
abs   003fcf98  _EST_getOneOverDcBus_pu                          
abs   003fcfa2  _EST_getMaxCurrentSlope_pu                       
abs   003fcfae  _EST_getLs_q_pu                                  
abs   003fcfb3  _EST_getLs_q_H                                   
abs   003fcfd5  _EST_getLs_d_pu                                  
abs   003fcfda  _EST_getLs_d_H                                   
abs   003fcfe4  _EST_getLs_coarse_max_pu                         
abs   003fd017  _EST_getIdRated                                  
abs   003fd043  _EST_getFullScaleFlux                            
abs   003fd073  _EST_getFm_pu                                    
abs   003fd090  _EST_getFlux_pu                                  
abs   003fd0a3  _EST_getFlux_VpHz                                
abs   003fd13d  _EST_doSpeedCtrl                                 
abs   003fd145  _EST_doCurrentCtrl                               
abs   003fd14d  _EST_computeR                                    
abs   003fd16d  _EST_computeL                                    
abs   003fd1af  _EST_TRAJ_setParams                              
abs   003fd1be  _EST_I_setParams                                 
abs   003fd1e8  _EST_EPL_setParams                               
abs   003fd237  _EST_Ls_setWaitTimes                             
abs   003fd247  _EST_Ls_setParams                                
abs   003fd284  _EST_Ls_setLs_q                                  
abs   003fd2b6  _EST_Ls_setLs_d                                  
abs   003fd3a8  _EST_Ls_getLs_d                                  
abs   003fd41e  _EST_Flux_setWaitTimes                           
abs   003fd42e  _EST_Flux_setParams                              
abs   003fd49c  _EST_Flux_getRatedFlux_pu                        
abs   003fd514  _EST_Flux_computeOneOverFlux_qFmt                
abs   003fd54d  _EST_RsOnLine_setParams                          
abs   003fd57d  _EST_RsOnLine_setFilterParams                    
abs   003fd6b3  _EST_Rs_setWaitTimes                             
abs   003fd6c3  _EST_Rs_setRs                                    
abs   003fd725  _EST_Rs_setParams                                
abs   003fd767  _EST_Rs_getRs                                    
abs   003fd788  _EST_Rr_setRr                                    
abs   003fd7e9  _EST_Rr_setParams                                
abs   003fd88b  _CTRL_initCtrl                                   
abs   003fd922  _EST_Dir_setParams                               
abs   003fd95c  _EST_Freq_setParams                              
abs   003fd9b0  _EST_Flux_ab_setParams                           
abs   003fd9cc  _EST_Iab_setParams                               
abs   003fd9e5  _EST_Angle_setParams                             
abs   003fd9fb  _EST_Vdq_setParams                               
abs   003fda0d  _EST_OneOverDcBus_setParams                      
abs   003fda1e  _EST_Idq_setParams                               
abs   003fda3b  _EST_Flux_dq_setParams                           
abs   003fda47  _EST_Vback_ab_setParams                          
abs   003fda53  _EST_Vab_setParams                               
abs   003fda5e  _EST_Vback_dq_setParams                          
abs   003fda88  _log                                             
abs   003fdc5e  FD$$MPY                                          
abs   003fdce1  FS$$DIV                                          
abs   003fdd64  _pow                                             
abs   003fdde7  FS$$MPY                                          
abs   003fdeb8  FS$$ADD                                          
abs   003fdf2b  FS$$CMP                                          
abs   003fdf7b  FD$$TOL                                          
abs   003fdfb7  FS$$TOFD                                         
abs   003ff083  __IQ24div                                        
abs   003ff2aa  __IQ24sqrt                                       
abs   003ff82b  __IQ24sinPU                                      
abs   003ff854  __IQ24cosPU                                      
abs   003ff87b  __IQ29rsmpy                                      
abs   003ff8aa  UL$$TOFS                                         
abs   003ff8bd  U$$TOFS                                          
abs   003fff0e  FS$$TOI                                          
abs   003fff33  I$$TOFS                                          
abs   003fff4d  FS$$NEG                                          
abs   003fff52  __IQ30rsmpy                                      
abs   003fff67  __IQ24toF                                        
abs   003fff7b  __IQ30toF                                        
abs   003fff8f  __IQ24rmpy                                       
abs   ffffffff  ___TI_pprof_out_hndl                             
abs   ffffffff  ___TI_prof_data_size                             
abs   ffffffff  ___TI_prof_data_start                            
abs   ffffffff  ___binit__                                       
abs   ffffffff  ___c_args__                                      
abs   ffffffff  ___pinit__                                       
abs   ffffffff  binit                                            
abs   ffffffff  pinit                                            

[691 symbols]
