<?xml version="1.0"?>
<link_info>
   <banner>TMS320C2000 Linker PC v15.12.1.LTS</banner>
   <copyright>Copyright (c) 1996-2015 Texas Instruments Incorporated</copyright>
   <link_time>0x57978db1</link_time>
   <link_errors>0x0</link_errors>
   <output_file>proj_lab10a.out</output_file>
   <entry_point>
      <name>_c_int00</name>
      <address>0x3f3819</address>
   </entry_point>
   <input_file_list>
      <input_file id="fl-7">
         <path>.\</path>
         <kind>object</kind>
         <file>CodeStartBranch.obj</file>
         <name>CodeStartBranch.obj</name>
      </input_file>
      <input_file id="fl-8">
         <path>.\</path>
         <kind>object</kind>
         <file>adc.obj</file>
         <name>adc.obj</name>
      </input_file>
      <input_file id="fl-9">
         <path>.\</path>
         <kind>object</kind>
         <file>clarke.obj</file>
         <name>clarke.obj</name>
      </input_file>
      <input_file id="fl-a">
         <path>.\</path>
         <kind>object</kind>
         <file>clk.obj</file>
         <name>clk.obj</name>
      </input_file>
      <input_file id="fl-b">
         <path>.\</path>
         <kind>object</kind>
         <file>cpu.obj</file>
         <name>cpu.obj</name>
      </input_file>
      <input_file id="fl-c">
         <path>.\</path>
         <kind>object</kind>
         <file>ctrl.obj</file>
         <name>ctrl.obj</name>
      </input_file>
      <input_file id="fl-d">
         <path>.\</path>
         <kind>object</kind>
         <file>drv8301.obj</file>
         <name>drv8301.obj</name>
      </input_file>
      <input_file id="fl-e">
         <path>.\</path>
         <kind>object</kind>
         <file>filter_fo.obj</file>
         <name>filter_fo.obj</name>
      </input_file>
      <input_file id="fl-f">
         <path>.\</path>
         <kind>object</kind>
         <file>flash.obj</file>
         <name>flash.obj</name>
      </input_file>
      <input_file id="fl-10">
         <path>.\</path>
         <kind>object</kind>
         <file>fw.obj</file>
         <name>fw.obj</name>
      </input_file>
      <input_file id="fl-11">
         <path>.\</path>
         <kind>object</kind>
         <file>gpio.obj</file>
         <name>gpio.obj</name>
      </input_file>
      <input_file id="fl-12">
         <path>.\</path>
         <kind>object</kind>
         <file>hal.obj</file>
         <name>hal.obj</name>
      </input_file>
      <input_file id="fl-13">
         <path>.\</path>
         <kind>object</kind>
         <file>ipark.obj</file>
         <name>ipark.obj</name>
      </input_file>
      <input_file id="fl-14">
         <path>.\</path>
         <kind>object</kind>
         <file>memCopy.obj</file>
         <name>memCopy.obj</name>
      </input_file>
      <input_file id="fl-15">
         <path>.\</path>
         <kind>object</kind>
         <file>offset.obj</file>
         <name>offset.obj</name>
      </input_file>
      <input_file id="fl-16">
         <path>.\</path>
         <kind>object</kind>
         <file>osc.obj</file>
         <name>osc.obj</name>
      </input_file>
      <input_file id="fl-17">
         <path>.\</path>
         <kind>object</kind>
         <file>park.obj</file>
         <name>park.obj</name>
      </input_file>
      <input_file id="fl-18">
         <path>.\</path>
         <kind>object</kind>
         <file>pid.obj</file>
         <name>pid.obj</name>
      </input_file>
      <input_file id="fl-19">
         <path>.\</path>
         <kind>object</kind>
         <file>pie.obj</file>
         <name>pie.obj</name>
      </input_file>
      <input_file id="fl-1a">
         <path>.\</path>
         <kind>object</kind>
         <file>pll.obj</file>
         <name>pll.obj</name>
      </input_file>
      <input_file id="fl-1b">
         <path>.\</path>
         <kind>object</kind>
         <file>proj_lab10a.obj</file>
         <name>proj_lab10a.obj</name>
      </input_file>
      <input_file id="fl-1c">
         <path>.\</path>
         <kind>object</kind>
         <file>pwm.obj</file>
         <name>pwm.obj</name>
      </input_file>
      <input_file id="fl-1d">
         <path>.\</path>
         <kind>object</kind>
         <file>pwr.obj</file>
         <name>pwr.obj</name>
      </input_file>
      <input_file id="fl-1e">
         <path>.\</path>
         <kind>object</kind>
         <file>spi.obj</file>
         <name>spi.obj</name>
      </input_file>
      <input_file id="fl-1f">
         <path>.\</path>
         <kind>object</kind>
         <file>svgen.obj</file>
         <name>svgen.obj</name>
      </input_file>
      <input_file id="fl-20">
         <path>.\</path>
         <kind>object</kind>
         <file>svgen_current.obj</file>
         <name>svgen_current.obj</name>
      </input_file>
      <input_file id="fl-21">
         <path>.\</path>
         <kind>object</kind>
         <file>timer.obj</file>
         <name>timer.obj</name>
      </input_file>
      <input_file id="fl-22">
         <path>.\</path>
         <kind>object</kind>
         <file>traj.obj</file>
         <name>traj.obj</name>
      </input_file>
      <input_file id="fl-23">
         <path>.\</path>
         <kind>object</kind>
         <file>usDelay.obj</file>
         <name>usDelay.obj</name>
      </input_file>
      <input_file id="fl-24">
         <path>.\</path>
         <kind>object</kind>
         <file>user.obj</file>
         <name>user.obj</name>
      </input_file>
      <input_file id="fl-25">
         <path>.\</path>
         <kind>object</kind>
         <file>wdog.obj</file>
         <name>wdog.obj</name>
      </input_file>
      <input_file id="fl-2a">
         <path>C:\ti\motorware\motorware_1_01_00_16\sw\modules\fast\lib\32b\f28x\f2802x\</path>
         <kind>archive</kind>
         <file>2802xRevB_Fast_RTS_ROMSymbols.lib</file>
         <name>REVB_2802x_boot_rom_out_FD$$MPY_tmp.obj</name>
      </input_file>
      <input_file id="fl-2b">
         <path>C:\ti\motorware\motorware_1_01_00_16\sw\modules\fast\lib\32b\f28x\f2802x\</path>
         <kind>archive</kind>
         <file>2802xRevB_Fast_RTS_ROMSymbols.lib</file>
         <name>REVB_2802x_boot_rom_out_FD$$TOL_tmp.obj</name>
      </input_file>
      <input_file id="fl-2c">
         <path>C:\ti\motorware\motorware_1_01_00_16\sw\modules\fast\lib\32b\f28x\f2802x\</path>
         <kind>archive</kind>
         <file>2802xRevB_Fast_RTS_ROMSymbols.lib</file>
         <name>REVB_2802x_boot_rom_out_FS$$ADD_tmp.obj</name>
      </input_file>
      <input_file id="fl-2d">
         <path>C:\ti\motorware\motorware_1_01_00_16\sw\modules\fast\lib\32b\f28x\f2802x\</path>
         <kind>archive</kind>
         <file>2802xRevB_Fast_RTS_ROMSymbols.lib</file>
         <name>REVB_2802x_boot_rom_out_FS$$CMP_tmp.obj</name>
      </input_file>
      <input_file id="fl-2e">
         <path>C:\ti\motorware\motorware_1_01_00_16\sw\modules\fast\lib\32b\f28x\f2802x\</path>
         <kind>archive</kind>
         <file>2802xRevB_Fast_RTS_ROMSymbols.lib</file>
         <name>REVB_2802x_boot_rom_out_FS$$DIV_tmp.obj</name>
      </input_file>
      <input_file id="fl-2f">
         <path>C:\ti\motorware\motorware_1_01_00_16\sw\modules\fast\lib\32b\f28x\f2802x\</path>
         <kind>archive</kind>
         <file>2802xRevB_Fast_RTS_ROMSymbols.lib</file>
         <name>REVB_2802x_boot_rom_out_FS$$MPY_tmp.obj</name>
      </input_file>
      <input_file id="fl-30">
         <path>C:\ti\motorware\motorware_1_01_00_16\sw\modules\fast\lib\32b\f28x\f2802x\</path>
         <kind>archive</kind>
         <file>2802xRevB_Fast_RTS_ROMSymbols.lib</file>
         <name>REVB_2802x_boot_rom_out_FS$$NEG_tmp.obj</name>
      </input_file>
      <input_file id="fl-31">
         <path>C:\ti\motorware\motorware_1_01_00_16\sw\modules\fast\lib\32b\f28x\f2802x\</path>
         <kind>archive</kind>
         <file>2802xRevB_Fast_RTS_ROMSymbols.lib</file>
         <name>REVB_2802x_boot_rom_out_FS$$TOFD_tmp.obj</name>
      </input_file>
      <input_file id="fl-32">
         <path>C:\ti\motorware\motorware_1_01_00_16\sw\modules\fast\lib\32b\f28x\f2802x\</path>
         <kind>archive</kind>
         <file>2802xRevB_Fast_RTS_ROMSymbols.lib</file>
         <name>REVB_2802x_boot_rom_out_FS$$TOI_tmp.obj</name>
      </input_file>
      <input_file id="fl-33">
         <path>C:\ti\ccsv6\tools\compiler\ti-cgt-c2000_15.12.1.LTS\lib\</path>
         <kind>archive</kind>
         <file>rts2800_ml.lib</file>
         <name>fs_tou.obj</name>
      </input_file>
      <input_file id="fl-34">
         <path>C:\ti\ccsv6\tools\compiler\ti-cgt-c2000_15.12.1.LTS\lib\</path>
         <kind>archive</kind>
         <file>rts2800_ml.lib</file>
         <name>fs_toul.obj</name>
      </input_file>
      <input_file id="fl-35">
         <path>C:\ti\motorware\motorware_1_01_00_16\sw\modules\fast\lib\32b\f28x\f2802x\</path>
         <kind>archive</kind>
         <file>2802xRevB_Fast_RTS_ROMSymbols.lib</file>
         <name>REVB_2802x_boot_rom_out_I$$TOFS_tmp.obj</name>
      </input_file>
      <input_file id="fl-36">
         <path>C:\ti\motorware\motorware_1_01_00_16\sw\modules\fast\lib\32b\f28x\f2802x\</path>
         <kind>archive</kind>
         <file>2802xRevB_Fast_RTS_ROMSymbols.lib</file>
         <name>REVB_2802x_boot_rom_out_U$$TOFS_tmp.obj</name>
      </input_file>
      <input_file id="fl-37">
         <path>C:\ti\motorware\motorware_1_01_00_16\sw\modules\fast\lib\32b\f28x\f2802x\</path>
         <kind>archive</kind>
         <file>2802xRevB_Fast_RTS_ROMSymbols.lib</file>
         <name>REVB_2802x_boot_rom_out_UL$$TOFS_tmp.obj</name>
      </input_file>
      <input_file id="fl-38">
         <path>C:\ti\motorware\motorware_1_01_00_16\sw\modules\fast\lib\32b\f28x\f2802x\</path>
         <kind>archive</kind>
         <file>fast_public.lib</file>
         <name>ctrl_priv.obj</name>
      </input_file>
      <input_file id="fl-39">
         <path>C:\ti\ccsv6\tools\compiler\ti-cgt-c2000_15.12.1.LTS\lib\</path>
         <kind>archive</kind>
         <file>rts2800_ml.lib</file>
         <name>l_div.obj</name>
      </input_file>
      <input_file id="fl-3a">
         <path>C:\ti\motorware\motorware_1_01_00_16\sw\modules\fast\lib\32b\f28x\f2802x\</path>
         <kind>archive</kind>
         <file>2802xRevB_Fast_ONLY_ROMSymbols.lib</file>
         <name>REVB_2802x_boot_rom_out__CTRL_initCtrl_tmp.obj</name>
      </input_file>
      <input_file id="fl-3b">
         <path>C:\ti\motorware\motorware_1_01_00_16\sw\modules\fast\lib\32b\f28x\f2802x\</path>
         <kind>archive</kind>
         <file>2802xRevB_Fast_ONLY_ROMSymbols.lib</file>
         <name>REVB_2802x_boot_rom_out__EST_Angle_setParams_tmp.obj</name>
      </input_file>
      <input_file id="fl-3c">
         <path>C:\ti\motorware\motorware_1_01_00_16\sw\modules\fast\lib\32b\f28x\f2802x\</path>
         <kind>archive</kind>
         <file>2802xRevB_Fast_ONLY_ROMSymbols.lib</file>
         <name>REVB_2802x_boot_rom_out__EST_Dir_setParams_tmp.obj</name>
      </input_file>
      <input_file id="fl-3d">
         <path>C:\ti\motorware\motorware_1_01_00_16\sw\modules\fast\lib\32b\f28x\f2802x\</path>
         <kind>archive</kind>
         <file>2802xRevB_Fast_ONLY_ROMSymbols.lib</file>
         <name>REVB_2802x_boot_rom_out__EST_EPL_setParams_tmp.obj</name>
      </input_file>
      <input_file id="fl-3e">
         <path>C:\ti\motorware\motorware_1_01_00_16\sw\modules\fast\lib\32b\f28x\f2802x\</path>
         <kind>archive</kind>
         <file>2802xRevB_Fast_ONLY_ROMSymbols.lib</file>
         <name>REVB_2802x_boot_rom_out__EST_Flux_ab_setParams_tmp.obj</name>
      </input_file>
      <input_file id="fl-3f">
         <path>C:\ti\motorware\motorware_1_01_00_16\sw\modules\fast\lib\32b\f28x\f2802x\</path>
         <kind>archive</kind>
         <file>2802xRevB_Fast_ONLY_ROMSymbols.lib</file>
         <name>REVB_2802x_boot_rom_out__EST_Flux_computeOneOverFlux_qFmt_tmp.obj</name>
      </input_file>
      <input_file id="fl-40">
         <path>C:\ti\motorware\motorware_1_01_00_16\sw\modules\fast\lib\32b\f28x\f2802x\</path>
         <kind>archive</kind>
         <file>2802xRevB_Fast_ONLY_ROMSymbols.lib</file>
         <name>REVB_2802x_boot_rom_out__EST_Flux_dq_setParams_tmp.obj</name>
      </input_file>
      <input_file id="fl-41">
         <path>C:\ti\motorware\motorware_1_01_00_16\sw\modules\fast\lib\32b\f28x\f2802x\</path>
         <kind>archive</kind>
         <file>2802xRevB_Fast_ONLY_ROMSymbols.lib</file>
         <name>REVB_2802x_boot_rom_out__EST_Flux_getRatedFlux_pu_tmp.obj</name>
      </input_file>
      <input_file id="fl-42">
         <path>C:\ti\motorware\motorware_1_01_00_16\sw\modules\fast\lib\32b\f28x\f2802x\</path>
         <kind>archive</kind>
         <file>2802xRevB_Fast_ONLY_ROMSymbols.lib</file>
         <name>REVB_2802x_boot_rom_out__EST_Flux_setParams_tmp.obj</name>
      </input_file>
      <input_file id="fl-43">
         <path>C:\ti\motorware\motorware_1_01_00_16\sw\modules\fast\lib\32b\f28x\f2802x\</path>
         <kind>archive</kind>
         <file>2802xRevB_Fast_ONLY_ROMSymbols.lib</file>
         <name>REVB_2802x_boot_rom_out__EST_Flux_setWaitTimes_tmp.obj</name>
      </input_file>
      <input_file id="fl-44">
         <path>C:\ti\motorware\motorware_1_01_00_16\sw\modules\fast\lib\32b\f28x\f2802x\</path>
         <kind>archive</kind>
         <file>2802xRevB_Fast_ONLY_ROMSymbols.lib</file>
         <name>REVB_2802x_boot_rom_out__EST_Freq_setParams_tmp.obj</name>
      </input_file>
      <input_file id="fl-45">
         <path>C:\ti\motorware\motorware_1_01_00_16\sw\modules\fast\lib\32b\f28x\f2802x\</path>
         <kind>archive</kind>
         <file>2802xRevB_Fast_ONLY_ROMSymbols.lib</file>
         <name>REVB_2802x_boot_rom_out__EST_I_setParams_tmp.obj</name>
      </input_file>
      <input_file id="fl-46">
         <path>C:\ti\motorware\motorware_1_01_00_16\sw\modules\fast\lib\32b\f28x\f2802x\</path>
         <kind>archive</kind>
         <file>2802xRevB_Fast_ONLY_ROMSymbols.lib</file>
         <name>REVB_2802x_boot_rom_out__EST_Iab_setParams_tmp.obj</name>
      </input_file>
      <input_file id="fl-47">
         <path>C:\ti\motorware\motorware_1_01_00_16\sw\modules\fast\lib\32b\f28x\f2802x\</path>
         <kind>archive</kind>
         <file>2802xRevB_Fast_ONLY_ROMSymbols.lib</file>
         <name>REVB_2802x_boot_rom_out__EST_Idq_setParams_tmp.obj</name>
      </input_file>
      <input_file id="fl-48">
         <path>C:\ti\motorware\motorware_1_01_00_16\sw\modules\fast\lib\32b\f28x\f2802x\</path>
         <kind>archive</kind>
         <file>2802xRevB_Fast_ONLY_ROMSymbols.lib</file>
         <name>REVB_2802x_boot_rom_out__EST_Ls_getLs_d_tmp.obj</name>
      </input_file>
      <input_file id="fl-49">
         <path>C:\ti\motorware\motorware_1_01_00_16\sw\modules\fast\lib\32b\f28x\f2802x\</path>
         <kind>archive</kind>
         <file>2802xRevB_Fast_ONLY_ROMSymbols.lib</file>
         <name>REVB_2802x_boot_rom_out__EST_Ls_setLs_d_tmp.obj</name>
      </input_file>
      <input_file id="fl-4a">
         <path>C:\ti\motorware\motorware_1_01_00_16\sw\modules\fast\lib\32b\f28x\f2802x\</path>
         <kind>archive</kind>
         <file>2802xRevB_Fast_ONLY_ROMSymbols.lib</file>
         <name>REVB_2802x_boot_rom_out__EST_Ls_setLs_q_tmp.obj</name>
      </input_file>
      <input_file id="fl-4b">
         <path>C:\ti\motorware\motorware_1_01_00_16\sw\modules\fast\lib\32b\f28x\f2802x\</path>
         <kind>archive</kind>
         <file>2802xRevB_Fast_ONLY_ROMSymbols.lib</file>
         <name>REVB_2802x_boot_rom_out__EST_Ls_setParams_tmp.obj</name>
      </input_file>
      <input_file id="fl-4c">
         <path>C:\ti\motorware\motorware_1_01_00_16\sw\modules\fast\lib\32b\f28x\f2802x\</path>
         <kind>archive</kind>
         <file>2802xRevB_Fast_ONLY_ROMSymbols.lib</file>
         <name>REVB_2802x_boot_rom_out__EST_Ls_setWaitTimes_tmp.obj</name>
      </input_file>
      <input_file id="fl-4d">
         <path>C:\ti\motorware\motorware_1_01_00_16\sw\modules\fast\lib\32b\f28x\f2802x\</path>
         <kind>archive</kind>
         <file>2802xRevB_Fast_ONLY_ROMSymbols.lib</file>
         <name>REVB_2802x_boot_rom_out__EST_OneOverDcBus_setParams_tmp.obj</name>
      </input_file>
      <input_file id="fl-4e">
         <path>C:\ti\motorware\motorware_1_01_00_16\sw\modules\fast\lib\32b\f28x\f2802x\</path>
         <kind>archive</kind>
         <file>2802xRevB_Fast_ONLY_ROMSymbols.lib</file>
         <name>REVB_2802x_boot_rom_out__EST_Rr_setParams_tmp.obj</name>
      </input_file>
      <input_file id="fl-4f">
         <path>C:\ti\motorware\motorware_1_01_00_16\sw\modules\fast\lib\32b\f28x\f2802x\</path>
         <kind>archive</kind>
         <file>2802xRevB_Fast_ONLY_ROMSymbols.lib</file>
         <name>REVB_2802x_boot_rom_out__EST_Rr_setRr_tmp.obj</name>
      </input_file>
      <input_file id="fl-50">
         <path>C:\ti\motorware\motorware_1_01_00_16\sw\modules\fast\lib\32b\f28x\f2802x\</path>
         <kind>archive</kind>
         <file>2802xRevB_Fast_ONLY_ROMSymbols.lib</file>
         <name>REVB_2802x_boot_rom_out__EST_RsOnLine_setFilterParams_tmp.obj</name>
      </input_file>
      <input_file id="fl-51">
         <path>C:\ti\motorware\motorware_1_01_00_16\sw\modules\fast\lib\32b\f28x\f2802x\</path>
         <kind>archive</kind>
         <file>2802xRevB_Fast_ONLY_ROMSymbols.lib</file>
         <name>REVB_2802x_boot_rom_out__EST_RsOnLine_setParams_tmp.obj</name>
      </input_file>
      <input_file id="fl-52">
         <path>C:\ti\motorware\motorware_1_01_00_16\sw\modules\fast\lib\32b\f28x\f2802x\</path>
         <kind>archive</kind>
         <file>2802xRevB_Fast_ONLY_ROMSymbols.lib</file>
         <name>REVB_2802x_boot_rom_out__EST_Rs_getRs_tmp.obj</name>
      </input_file>
      <input_file id="fl-53">
         <path>C:\ti\motorware\motorware_1_01_00_16\sw\modules\fast\lib\32b\f28x\f2802x\</path>
         <kind>archive</kind>
         <file>2802xRevB_Fast_ONLY_ROMSymbols.lib</file>
         <name>REVB_2802x_boot_rom_out__EST_Rs_setParams_tmp.obj</name>
      </input_file>
      <input_file id="fl-54">
         <path>C:\ti\motorware\motorware_1_01_00_16\sw\modules\fast\lib\32b\f28x\f2802x\</path>
         <kind>archive</kind>
         <file>2802xRevB_Fast_ONLY_ROMSymbols.lib</file>
         <name>REVB_2802x_boot_rom_out__EST_Rs_setRs_tmp.obj</name>
      </input_file>
      <input_file id="fl-55">
         <path>C:\ti\motorware\motorware_1_01_00_16\sw\modules\fast\lib\32b\f28x\f2802x\</path>
         <kind>archive</kind>
         <file>2802xRevB_Fast_ONLY_ROMSymbols.lib</file>
         <name>REVB_2802x_boot_rom_out__EST_Rs_setWaitTimes_tmp.obj</name>
      </input_file>
      <input_file id="fl-56">
         <path>C:\ti\motorware\motorware_1_01_00_16\sw\modules\fast\lib\32b\f28x\f2802x\</path>
         <kind>archive</kind>
         <file>2802xRevB_Fast_ONLY_ROMSymbols.lib</file>
         <name>REVB_2802x_boot_rom_out__EST_TRAJ_setParams_tmp.obj</name>
      </input_file>
      <input_file id="fl-57">
         <path>C:\ti\motorware\motorware_1_01_00_16\sw\modules\fast\lib\32b\f28x\f2802x\</path>
         <kind>archive</kind>
         <file>2802xRevB_Fast_ONLY_ROMSymbols.lib</file>
         <name>REVB_2802x_boot_rom_out__EST_Vab_setParams_tmp.obj</name>
      </input_file>
      <input_file id="fl-58">
         <path>C:\ti\motorware\motorware_1_01_00_16\sw\modules\fast\lib\32b\f28x\f2802x\</path>
         <kind>archive</kind>
         <file>2802xRevB_Fast_ONLY_ROMSymbols.lib</file>
         <name>REVB_2802x_boot_rom_out__EST_Vback_ab_setParams_tmp.obj</name>
      </input_file>
      <input_file id="fl-59">
         <path>C:\ti\motorware\motorware_1_01_00_16\sw\modules\fast\lib\32b\f28x\f2802x\</path>
         <kind>archive</kind>
         <file>2802xRevB_Fast_ONLY_ROMSymbols.lib</file>
         <name>REVB_2802x_boot_rom_out__EST_Vback_dq_setParams_tmp.obj</name>
      </input_file>
      <input_file id="fl-5a">
         <path>C:\ti\motorware\motorware_1_01_00_16\sw\modules\fast\lib\32b\f28x\f2802x\</path>
         <kind>archive</kind>
         <file>2802xRevB_Fast_ONLY_ROMSymbols.lib</file>
         <name>REVB_2802x_boot_rom_out__EST_Vdq_setParams_tmp.obj</name>
      </input_file>
      <input_file id="fl-5b">
         <path>C:\ti\motorware\motorware_1_01_00_16\sw\modules\fast\lib\32b\f28x\f2802x\</path>
         <kind>archive</kind>
         <file>2802xRevB_Fast_ONLY_ROMSymbols.lib</file>
         <name>REVB_2802x_boot_rom_out__EST_computeDirection_qFmt_tmp.obj</name>
      </input_file>
      <input_file id="fl-5c">
         <path>C:\ti\motorware\motorware_1_01_00_16\sw\modules\fast\lib\32b\f28x\f2802x\</path>
         <kind>archive</kind>
         <file>2802xRevB_Fast_ONLY_ROMSymbols.lib</file>
         <name>REVB_2802x_boot_rom_out__EST_computeL_tmp.obj</name>
      </input_file>
      <input_file id="fl-5d">
         <path>C:\ti\motorware\motorware_1_01_00_16\sw\modules\fast\lib\32b\f28x\f2802x\</path>
         <kind>archive</kind>
         <file>2802xRevB_Fast_ONLY_ROMSymbols.lib</file>
         <name>REVB_2802x_boot_rom_out__EST_computeR_tmp.obj</name>
      </input_file>
      <input_file id="fl-5e">
         <path>C:\ti\motorware\motorware_1_01_00_16\sw\modules\fast\lib\32b\f28x\f2802x\</path>
         <kind>archive</kind>
         <file>2802xRevB_Fast_ONLY_ROMSymbols.lib</file>
         <name>REVB_2802x_boot_rom_out__EST_doCurrentCtrl_tmp.obj</name>
      </input_file>
      <input_file id="fl-5f">
         <path>C:\ti\motorware\motorware_1_01_00_16\sw\modules\fast\lib\32b\f28x\f2802x\</path>
         <kind>archive</kind>
         <file>2802xRevB_Fast_ONLY_ROMSymbols.lib</file>
         <name>REVB_2802x_boot_rom_out__EST_doSpeedCtrl_tmp.obj</name>
      </input_file>
      <input_file id="fl-60">
         <path>C:\ti\motorware\motorware_1_01_00_16\sw\modules\fast\lib\32b\f28x\f2802x\</path>
         <kind>archive</kind>
         <file>2802xRevB_Fast_ONLY_ROMSymbols.lib</file>
         <name>REVB_2802x_boot_rom_out__EST_getAngle_pu_tmp.obj</name>
      </input_file>
      <input_file id="fl-61">
         <path>C:\ti\motorware\motorware_1_01_00_16\sw\modules\fast\lib\32b\f28x\f2802x\</path>
         <kind>archive</kind>
         <file>2802xRevB_Fast_ONLY_ROMSymbols.lib</file>
         <name>REVB_2802x_boot_rom_out__EST_getFlux_VpHz_tmp.obj</name>
      </input_file>
      <input_file id="fl-62">
         <path>C:\ti\motorware\motorware_1_01_00_16\sw\modules\fast\lib\32b\f28x\f2802x\</path>
         <kind>archive</kind>
         <file>2802xRevB_Fast_ONLY_ROMSymbols.lib</file>
         <name>REVB_2802x_boot_rom_out__EST_getFlux_pu_tmp.obj</name>
      </input_file>
      <input_file id="fl-63">
         <path>C:\ti\motorware\motorware_1_01_00_16\sw\modules\fast\lib\32b\f28x\f2802x\</path>
         <kind>archive</kind>
         <file>2802xRevB_Fast_ONLY_ROMSymbols.lib</file>
         <name>REVB_2802x_boot_rom_out__EST_getFm_pu_tmp.obj</name>
      </input_file>
      <input_file id="fl-64">
         <path>C:\ti\motorware\motorware_1_01_00_16\sw\modules\fast\lib\32b\f28x\f2802x\</path>
         <kind>archive</kind>
         <file>2802xRevB_Fast_ONLY_ROMSymbols.lib</file>
         <name>REVB_2802x_boot_rom_out__EST_getFullScaleCurrent_tmp.obj</name>
      </input_file>
      <input_file id="fl-65">
         <path>C:\ti\motorware\motorware_1_01_00_16\sw\modules\fast\lib\32b\f28x\f2802x\</path>
         <kind>archive</kind>
         <file>2802xRevB_Fast_ONLY_ROMSymbols.lib</file>
         <name>REVB_2802x_boot_rom_out__EST_getFullScaleFlux_tmp.obj</name>
      </input_file>
      <input_file id="fl-66">
         <path>C:\ti\motorware\motorware_1_01_00_16\sw\modules\fast\lib\32b\f28x\f2802x\</path>
         <kind>archive</kind>
         <file>2802xRevB_Fast_ONLY_ROMSymbols.lib</file>
         <name>REVB_2802x_boot_rom_out__EST_getFullScaleFreq_tmp.obj</name>
      </input_file>
      <input_file id="fl-67">
         <path>C:\ti\motorware\motorware_1_01_00_16\sw\modules\fast\lib\32b\f28x\f2802x\</path>
         <kind>archive</kind>
         <file>2802xRevB_Fast_ONLY_ROMSymbols.lib</file>
         <name>REVB_2802x_boot_rom_out__EST_getFullScaleInductance_tmp.obj</name>
      </input_file>
      <input_file id="fl-68">
         <path>C:\ti\motorware\motorware_1_01_00_16\sw\modules\fast\lib\32b\f28x\f2802x\</path>
         <kind>archive</kind>
         <file>2802xRevB_Fast_ONLY_ROMSymbols.lib</file>
         <name>REVB_2802x_boot_rom_out__EST_getFullScaleVoltage_tmp.obj</name>
      </input_file>
      <input_file id="fl-69">
         <path>C:\ti\motorware\motorware_1_01_00_16\sw\modules\fast\lib\32b\f28x\f2802x\</path>
         <kind>archive</kind>
         <file>2802xRevB_Fast_ONLY_ROMSymbols.lib</file>
         <name>REVB_2802x_boot_rom_out__EST_getIdRated_tmp.obj</name>
      </input_file>
      <input_file id="fl-6a">
         <path>C:\ti\motorware\motorware_1_01_00_16\sw\modules\fast\lib\32b\f28x\f2802x\</path>
         <kind>archive</kind>
         <file>2802xRevB_Fast_ONLY_ROMSymbols.lib</file>
         <name>REVB_2802x_boot_rom_out__EST_getLs_coarse_max_pu_tmp.obj</name>
      </input_file>
      <input_file id="fl-6b">
         <path>C:\ti\motorware\motorware_1_01_00_16\sw\modules\fast\lib\32b\f28x\f2802x\</path>
         <kind>archive</kind>
         <file>2802xRevB_Fast_ONLY_ROMSymbols.lib</file>
         <name>REVB_2802x_boot_rom_out__EST_getLs_d_H_tmp.obj</name>
      </input_file>
      <input_file id="fl-6c">
         <path>C:\ti\motorware\motorware_1_01_00_16\sw\modules\fast\lib\32b\f28x\f2802x\</path>
         <kind>archive</kind>
         <file>2802xRevB_Fast_ONLY_ROMSymbols.lib</file>
         <name>REVB_2802x_boot_rom_out__EST_getLs_d_pu_tmp.obj</name>
      </input_file>
      <input_file id="fl-6d">
         <path>C:\ti\motorware\motorware_1_01_00_16\sw\modules\fast\lib\32b\f28x\f2802x\</path>
         <kind>archive</kind>
         <file>2802xRevB_Fast_ONLY_ROMSymbols.lib</file>
         <name>REVB_2802x_boot_rom_out__EST_getLs_q_H_tmp.obj</name>
      </input_file>
      <input_file id="fl-6e">
         <path>C:\ti\motorware\motorware_1_01_00_16\sw\modules\fast\lib\32b\f28x\f2802x\</path>
         <kind>archive</kind>
         <file>2802xRevB_Fast_ONLY_ROMSymbols.lib</file>
         <name>REVB_2802x_boot_rom_out__EST_getLs_q_pu_tmp.obj</name>
      </input_file>
      <input_file id="fl-6f">
         <path>C:\ti\motorware\motorware_1_01_00_16\sw\modules\fast\lib\32b\f28x\f2802x\</path>
         <kind>archive</kind>
         <file>2802xRevB_Fast_ONLY_ROMSymbols.lib</file>
         <name>REVB_2802x_boot_rom_out__EST_getMaxCurrentSlope_pu_tmp.obj</name>
      </input_file>
      <input_file id="fl-70">
         <path>C:\ti\motorware\motorware_1_01_00_16\sw\modules\fast\lib\32b\f28x\f2802x\</path>
         <kind>archive</kind>
         <file>2802xRevB_Fast_ONLY_ROMSymbols.lib</file>
         <name>REVB_2802x_boot_rom_out__EST_getOneOverDcBus_pu_tmp.obj</name>
      </input_file>
      <input_file id="fl-71">
         <path>C:\ti\motorware\motorware_1_01_00_16\sw\modules\fast\lib\32b\f28x\f2802x\</path>
         <kind>archive</kind>
         <file>2802xRevB_Fast_ONLY_ROMSymbols.lib</file>
         <name>REVB_2802x_boot_rom_out__EST_getRr_Ohm_tmp.obj</name>
      </input_file>
      <input_file id="fl-72">
         <path>C:\ti\motorware\motorware_1_01_00_16\sw\modules\fast\lib\32b\f28x\f2802x\</path>
         <kind>archive</kind>
         <file>2802xRevB_Fast_ONLY_ROMSymbols.lib</file>
         <name>REVB_2802x_boot_rom_out__EST_getRs_Ohm_tmp.obj</name>
      </input_file>
      <input_file id="fl-73">
         <path>C:\ti\motorware\motorware_1_01_00_16\sw\modules\fast\lib\32b\f28x\f2802x\</path>
         <kind>archive</kind>
         <file>2802xRevB_Fast_ONLY_ROMSymbols.lib</file>
         <name>REVB_2802x_boot_rom_out__EST_getSpeed_krpm_tmp.obj</name>
      </input_file>
      <input_file id="fl-74">
         <path>C:\ti\motorware\motorware_1_01_00_16\sw\modules\fast\lib\32b\f28x\f2802x\</path>
         <kind>archive</kind>
         <file>2802xRevB_Fast_ONLY_ROMSymbols.lib</file>
         <name>REVB_2802x_boot_rom_out__EST_getState_tmp.obj</name>
      </input_file>
      <input_file id="fl-75">
         <path>C:\ti\motorware\motorware_1_01_00_16\sw\modules\fast\lib\32b\f28x\f2802x\</path>
         <kind>archive</kind>
         <file>2802xRevB_Fast_ONLY_ROMSymbols.lib</file>
         <name>REVB_2802x_boot_rom_out__EST_get_krpm_to_pu_sf_tmp.obj</name>
      </input_file>
      <input_file id="fl-76">
         <path>C:\ti\motorware\motorware_1_01_00_16\sw\modules\fast\lib\32b\f28x\f2802x\</path>
         <kind>archive</kind>
         <file>2802xRevB_Fast_ONLY_ROMSymbols.lib</file>
         <name>REVB_2802x_boot_rom_out__EST_get_pu_to_krpm_sf_tmp.obj</name>
      </input_file>
      <input_file id="fl-77">
         <path>C:\ti\motorware\motorware_1_01_00_16\sw\modules\fast\lib\32b\f28x\f2802x\</path>
         <kind>archive</kind>
         <file>2802xRevB_Fast_ONLY_ROMSymbols.lib</file>
         <name>REVB_2802x_boot_rom_out__EST_isError_tmp.obj</name>
      </input_file>
      <input_file id="fl-78">
         <path>C:\ti\motorware\motorware_1_01_00_16\sw\modules\fast\lib\32b\f28x\f2802x\</path>
         <kind>archive</kind>
         <file>2802xRevB_Fast_ONLY_ROMSymbols.lib</file>
         <name>REVB_2802x_boot_rom_out__EST_isIdle_tmp.obj</name>
      </input_file>
      <input_file id="fl-79">
         <path>C:\ti\motorware\motorware_1_01_00_16\sw\modules\fast\lib\32b\f28x\f2802x\</path>
         <kind>archive</kind>
         <file>2802xRevB_Fast_ONLY_ROMSymbols.lib</file>
         <name>REVB_2802x_boot_rom_out__EST_isLockRotor_tmp.obj</name>
      </input_file>
      <input_file id="fl-7a">
         <path>C:\ti\motorware\motorware_1_01_00_16\sw\modules\fast\lib\32b\f28x\f2802x\</path>
         <kind>archive</kind>
         <file>2802xRevB_Fast_ONLY_ROMSymbols.lib</file>
         <name>REVB_2802x_boot_rom_out__EST_isMotorIdentified_tmp.obj</name>
      </input_file>
      <input_file id="fl-7b">
         <path>C:\ti\motorware\motorware_1_01_00_16\sw\modules\fast\lib\32b\f28x\f2802x\</path>
         <kind>archive</kind>
         <file>2802xRevB_Fast_ONLY_ROMSymbols.lib</file>
         <name>REVB_2802x_boot_rom_out__EST_isOnLine_tmp.obj</name>
      </input_file>
      <input_file id="fl-7c">
         <path>C:\ti\motorware\motorware_1_01_00_16\sw\modules\fast\lib\32b\f28x\f2802x\</path>
         <kind>archive</kind>
         <file>2802xRevB_Fast_ONLY_ROMSymbols.lib</file>
         <name>REVB_2802x_boot_rom_out__EST_resetCounter_ctrl_tmp.obj</name>
      </input_file>
      <input_file id="fl-7d">
         <path>C:\ti\motorware\motorware_1_01_00_16\sw\modules\fast\lib\32b\f28x\f2802x\</path>
         <kind>archive</kind>
         <file>2802xRevB_Fast_ONLY_ROMSymbols.lib</file>
         <name>REVB_2802x_boot_rom_out__EST_resetCounter_state_tmp.obj</name>
      </input_file>
      <input_file id="fl-7e">
         <path>C:\ti\motorware\motorware_1_01_00_16\sw\modules\fast\lib\32b\f28x\f2802x\</path>
         <kind>archive</kind>
         <file>2802xRevB_Fast_ONLY_ROMSymbols.lib</file>
         <name>REVB_2802x_boot_rom_out__EST_run_tmp.obj</name>
      </input_file>
      <input_file id="fl-7f">
         <path>C:\ti\motorware\motorware_1_01_00_16\sw\modules\fast\lib\32b\f28x\f2802x\</path>
         <kind>archive</kind>
         <file>2802xRevB_Fast_ONLY_ROMSymbols.lib</file>
         <name>REVB_2802x_boot_rom_out__EST_setFlag_enableFluxControl_tmp.obj</name>
      </input_file>
      <input_file id="fl-80">
         <path>C:\ti\motorware\motorware_1_01_00_16\sw\modules\fast\lib\32b\f28x\f2802x\</path>
         <kind>archive</kind>
         <file>2802xRevB_Fast_ONLY_ROMSymbols.lib</file>
         <name>REVB_2802x_boot_rom_out__EST_setFlag_enableForceAngle_tmp.obj</name>
      </input_file>
      <input_file id="fl-81">
         <path>C:\ti\motorware\motorware_1_01_00_16\sw\modules\fast\lib\32b\f28x\f2802x\</path>
         <kind>archive</kind>
         <file>2802xRevB_Fast_ONLY_ROMSymbols.lib</file>
         <name>REVB_2802x_boot_rom_out__EST_setFlag_enableRsOnLine_tmp.obj</name>
      </input_file>
      <input_file id="fl-82">
         <path>C:\ti\motorware\motorware_1_01_00_16\sw\modules\fast\lib\32b\f28x\f2802x\</path>
         <kind>archive</kind>
         <file>2802xRevB_Fast_ONLY_ROMSymbols.lib</file>
         <name>REVB_2802x_boot_rom_out__EST_setFlag_enableRsRecalc_tmp.obj</name>
      </input_file>
      <input_file id="fl-83">
         <path>C:\ti\motorware\motorware_1_01_00_16\sw\modules\fast\lib\32b\f28x\f2802x\</path>
         <kind>archive</kind>
         <file>2802xRevB_Fast_ONLY_ROMSymbols.lib</file>
         <name>REVB_2802x_boot_rom_out__EST_setFlag_estComplete_tmp.obj</name>
      </input_file>
      <input_file id="fl-84">
         <path>C:\ti\motorware\motorware_1_01_00_16\sw\modules\fast\lib\32b\f28x\f2802x\</path>
         <kind>archive</kind>
         <file>2802xRevB_Fast_ONLY_ROMSymbols.lib</file>
         <name>REVB_2802x_boot_rom_out__EST_setFlag_updateRs_tmp.obj</name>
      </input_file>
      <input_file id="fl-85">
         <path>C:\ti\motorware\motorware_1_01_00_16\sw\modules\fast\lib\32b\f28x\f2802x\</path>
         <kind>archive</kind>
         <file>2802xRevB_Fast_ONLY_ROMSymbols.lib</file>
         <name>REVB_2802x_boot_rom_out__EST_setFullScaleCurrent_tmp.obj</name>
      </input_file>
      <input_file id="fl-86">
         <path>C:\ti\motorware\motorware_1_01_00_16\sw\modules\fast\lib\32b\f28x\f2802x\</path>
         <kind>archive</kind>
         <file>2802xRevB_Fast_ONLY_ROMSymbols.lib</file>
         <name>REVB_2802x_boot_rom_out__EST_setFullScaleFreq_tmp.obj</name>
      </input_file>
      <input_file id="fl-87">
         <path>C:\ti\motorware\motorware_1_01_00_16\sw\modules\fast\lib\32b\f28x\f2802x\</path>
         <kind>archive</kind>
         <file>2802xRevB_Fast_ONLY_ROMSymbols.lib</file>
         <name>REVB_2802x_boot_rom_out__EST_setFullScaleResistance_tmp.obj</name>
      </input_file>
      <input_file id="fl-88">
         <path>C:\ti\motorware\motorware_1_01_00_16\sw\modules\fast\lib\32b\f28x\f2802x\</path>
         <kind>archive</kind>
         <file>2802xRevB_Fast_ONLY_ROMSymbols.lib</file>
         <name>REVB_2802x_boot_rom_out__EST_setFullScaleVoltage_tmp.obj</name>
      </input_file>
      <input_file id="fl-89">
         <path>C:\ti\motorware\motorware_1_01_00_16\sw\modules\fast\lib\32b\f28x\f2802x\</path>
         <kind>archive</kind>
         <file>2802xRevB_Fast_ONLY_ROMSymbols.lib</file>
         <name>REVB_2802x_boot_rom_out__EST_setIdRated_pu_tmp.obj</name>
      </input_file>
      <input_file id="fl-8a">
         <path>C:\ti\motorware\motorware_1_01_00_16\sw\modules\fast\lib\32b\f28x\f2802x\</path>
         <kind>archive</kind>
         <file>2802xRevB_Fast_ONLY_ROMSymbols.lib</file>
         <name>REVB_2802x_boot_rom_out__EST_setId_ref_pu_tmp.obj</name>
      </input_file>
      <input_file id="fl-8b">
         <path>C:\ti\motorware\motorware_1_01_00_16\sw\modules\fast\lib\32b\f28x\f2802x\</path>
         <kind>archive</kind>
         <file>2802xRevB_Fast_ONLY_ROMSymbols.lib</file>
         <name>REVB_2802x_boot_rom_out__EST_setIdle_tmp.obj</name>
      </input_file>
      <input_file id="fl-8c">
         <path>C:\ti\motorware\motorware_1_01_00_16\sw\modules\fast\lib\32b\f28x\f2802x\</path>
         <kind>archive</kind>
         <file>2802xRevB_Fast_ONLY_ROMSymbols.lib</file>
         <name>REVB_2802x_boot_rom_out__EST_setIdle_all_tmp.obj</name>
      </input_file>
      <input_file id="fl-8d">
         <path>C:\ti\motorware\motorware_1_01_00_16\sw\modules\fast\lib\32b\f28x\f2802x\</path>
         <kind>archive</kind>
         <file>2802xRevB_Fast_ONLY_ROMSymbols.lib</file>
         <name>REVB_2802x_boot_rom_out__EST_setIq_ref_pu_tmp.obj</name>
      </input_file>
      <input_file id="fl-8e">
         <path>C:\ti\motorware\motorware_1_01_00_16\sw\modules\fast\lib\32b\f28x\f2802x\</path>
         <kind>archive</kind>
         <file>2802xRevB_Fast_ONLY_ROMSymbols.lib</file>
         <name>REVB_2802x_boot_rom_out__EST_setLs_d_pu_tmp.obj</name>
      </input_file>
      <input_file id="fl-8f">
         <path>C:\ti\motorware\motorware_1_01_00_16\sw\modules\fast\lib\32b\f28x\f2802x\</path>
         <kind>archive</kind>
         <file>2802xRevB_Fast_ONLY_ROMSymbols.lib</file>
         <name>REVB_2802x_boot_rom_out__EST_setLs_qFmt_tmp.obj</name>
      </input_file>
      <input_file id="fl-90">
         <path>C:\ti\motorware\motorware_1_01_00_16\sw\modules\fast\lib\32b\f28x\f2802x\</path>
         <kind>archive</kind>
         <file>2802xRevB_Fast_ONLY_ROMSymbols.lib</file>
         <name>REVB_2802x_boot_rom_out__EST_setLs_q_pu_tmp.obj</name>
      </input_file>
      <input_file id="fl-91">
         <path>C:\ti\motorware\motorware_1_01_00_16\sw\modules\fast\lib\32b\f28x\f2802x\</path>
         <kind>archive</kind>
         <file>2802xRevB_Fast_ONLY_ROMSymbols.lib</file>
         <name>REVB_2802x_boot_rom_out__EST_setMaxCurrentSlope_pu_tmp.obj</name>
      </input_file>
      <input_file id="fl-92">
         <path>C:\ti\motorware\motorware_1_01_00_16\sw\modules\fast\lib\32b\f28x\f2802x\</path>
         <kind>archive</kind>
         <file>2802xRevB_Fast_ONLY_ROMSymbols.lib</file>
         <name>REVB_2802x_boot_rom_out__EST_setMotorParams_tmp.obj</name>
      </input_file>
      <input_file id="fl-93">
         <path>C:\ti\motorware\motorware_1_01_00_16\sw\modules\fast\lib\32b\f28x\f2802x\</path>
         <kind>archive</kind>
         <file>2802xRevB_Fast_ONLY_ROMSymbols.lib</file>
         <name>REVB_2802x_boot_rom_out__EST_setRs_pu_tmp.obj</name>
      </input_file>
      <input_file id="fl-94">
         <path>C:\ti\motorware\motorware_1_01_00_16\sw\modules\fast\lib\32b\f28x\f2802x\</path>
         <kind>archive</kind>
         <file>2802xRevB_Fast_ONLY_ROMSymbols.lib</file>
         <name>REVB_2802x_boot_rom_out__EST_setWaitTimes_tmp.obj</name>
      </input_file>
      <input_file id="fl-95">
         <path>C:\ti\motorware\motorware_1_01_00_16\sw\modules\fast\lib\32b\f28x\f2802x\</path>
         <kind>archive</kind>
         <file>2802xRevB_Fast_ONLY_ROMSymbols.lib</file>
         <name>REVB_2802x_boot_rom_out__EST_updateId_ref_pu_tmp.obj</name>
      </input_file>
      <input_file id="fl-96">
         <path>C:\ti\motorware\motorware_1_01_00_16\sw\modules\fast\lib\32b\f28x\f2802x\</path>
         <kind>archive</kind>
         <file>2802xRevB_Fast_ONLY_ROMSymbols.lib</file>
         <name>REVB_2802x_boot_rom_out__EST_updateState_tmp.obj</name>
      </input_file>
      <input_file id="fl-97">
         <path>C:\ti\motorware\motorware_1_01_00_16\sw\modules\fast\lib\32b\f28x\f2802x\</path>
         <kind>archive</kind>
         <file>2802xRevB_Fast_ONLY_ROMSymbols.lib</file>
         <name>REVB_2802x_boot_rom_out__EST_useZeroIq_ref_tmp.obj</name>
      </input_file>
      <input_file id="fl-98">
         <path>C:\ti\motorware\motorware_1_01_00_16\sw\modules\fast\lib\32b\f28x\f2802x\</path>
         <kind>archive</kind>
         <file>2802xRevB_Fast_IQ_ROMSymbols.lib</file>
         <name>REVB_2802x_boot_rom_out___IQ24cosPU_tmp.obj</name>
      </input_file>
      <input_file id="fl-99">
         <path>C:\ti\motorware\motorware_1_01_00_16\sw\modules\fast\lib\32b\f28x\f2802x\</path>
         <kind>archive</kind>
         <file>2802xRevB_Fast_IQ_ROMSymbols.lib</file>
         <name>REVB_2802x_boot_rom_out___IQ24rmpy_tmp.obj</name>
      </input_file>
      <input_file id="fl-9a">
         <path>C:\ti\motorware\motorware_1_01_00_16\sw\modules\fast\lib\32b\f28x\f2802x\</path>
         <kind>archive</kind>
         <file>2802xRevB_Fast_IQ_ROMSymbols.lib</file>
         <name>REVB_2802x_boot_rom_out___IQ24sinPU_tmp.obj</name>
      </input_file>
      <input_file id="fl-9b">
         <path>C:\ti\motorware\motorware_1_01_00_16\sw\modules\fast\lib\32b\f28x\f2802x\</path>
         <kind>archive</kind>
         <file>2802xRevB_Fast_IQ_ROMSymbols.lib</file>
         <name>REVB_2802x_boot_rom_out___IQ24sqrt_tmp.obj</name>
      </input_file>
      <input_file id="fl-9c">
         <path>C:\ti\motorware\motorware_1_01_00_16\sw\modules\fast\lib\32b\f28x\f2802x\</path>
         <kind>archive</kind>
         <file>2802xRevB_Fast_IQ_ROMSymbols.lib</file>
         <name>REVB_2802x_boot_rom_out___IQ29rsmpy_tmp.obj</name>
      </input_file>
      <input_file id="fl-9d">
         <path>C:\ti\motorware\motorware_1_01_00_16\sw\modules\fast\lib\32b\f28x\f2802x\</path>
         <kind>archive</kind>
         <file>2802xRevB_Fast_IQ_ROMSymbols.lib</file>
         <name>REVB_2802x_boot_rom_out___IQ30rsmpy_tmp.obj</name>
      </input_file>
      <input_file id="fl-9e">
         <path>C:\ti\motorware\motorware_1_01_00_16\sw\modules\fast\lib\32b\f28x\f2802x\</path>
         <kind>archive</kind>
         <file>2802xRevB_Fast_IQ_ROMSymbols.lib</file>
         <name>REVB_2802x_boot_rom_out___IQ30toF_tmp.obj</name>
      </input_file>
      <input_file id="fl-9f">
         <path>C:\ti\ccsv6\tools\compiler\ti-cgt-c2000_15.12.1.LTS\lib\</path>
         <kind>archive</kind>
         <file>rts2800_ml.lib</file>
         <name>boot.obj</name>
      </input_file>
      <input_file id="fl-a0">
         <path>C:\ti\ccsv6\tools\compiler\ti-cgt-c2000_15.12.1.LTS\lib\</path>
         <kind>archive</kind>
         <file>rts2800_ml.lib</file>
         <name>args_main.obj</name>
      </input_file>
      <input_file id="fl-a1">
         <path>C:\ti\ccsv6\tools\compiler\ti-cgt-c2000_15.12.1.LTS\lib\</path>
         <kind>archive</kind>
         <file>rts2800_ml.lib</file>
         <name>startup.obj</name>
      </input_file>
      <input_file id="fl-a2">
         <path>C:\ti\ccsv6\tools\compiler\ti-cgt-c2000_15.12.1.LTS\lib\</path>
         <kind>archive</kind>
         <file>rts2800_ml.lib</file>
         <name>pre_init.obj</name>
      </input_file>
      <input_file id="fl-a3">
         <path>C:\ti\ccsv6\tools\compiler\ti-cgt-c2000_15.12.1.LTS\lib\</path>
         <kind>archive</kind>
         <file>rts2800_ml.lib</file>
         <name>s_ceilf.obj</name>
      </input_file>
      <input_file id="fl-a4">
         <path>C:\ti\ccsv6\tools\compiler\ti-cgt-c2000_15.12.1.LTS\lib\</path>
         <kind>archive</kind>
         <file>rts2800_ml.lib</file>
         <name>cpy_tbl.obj</name>
      </input_file>
      <input_file id="fl-a5">
         <path>C:\ti\ccsv6\tools\compiler\ti-cgt-c2000_15.12.1.LTS\lib\</path>
         <kind>archive</kind>
         <file>rts2800_ml.lib</file>
         <name>cpy_utils.obj</name>
      </input_file>
      <input_file id="fl-a6">
         <path>C:\ti\ccsv6\tools\compiler\ti-cgt-c2000_15.12.1.LTS\lib\</path>
         <kind>archive</kind>
         <file>rts2800_ml.lib</file>
         <name>exit.obj</name>
      </input_file>
      <input_file id="fl-a7">
         <path>C:\ti\ccsv6\tools\compiler\ti-cgt-c2000_15.12.1.LTS\lib\</path>
         <kind>archive</kind>
         <file>rts2800_ml.lib</file>
         <name>_lock.obj</name>
      </input_file>
      <input_file id="fl-a8">
         <path>C:\ti\motorware\motorware_1_01_00_16\sw\modules\fast\lib\32b\f28x\f2802x\</path>
         <kind>archive</kind>
         <file>2802xRevB_Fast_RTS_ROMSymbols.lib</file>
         <name>REVB_2802x_boot_rom_out__log_tmp.obj</name>
      </input_file>
      <input_file id="fl-a9">
         <path>C:\ti\motorware\motorware_1_01_00_16\sw\modules\fast\lib\32b\f28x\f2802x\</path>
         <kind>archive</kind>
         <file>2802xRevB_Fast_RTS_ROMSymbols.lib</file>
         <name>REVB_2802x_boot_rom_out__pow_tmp.obj</name>
      </input_file>
      <input_file id="fl-aa">
         <path>C:\ti\ccsv6\tools\compiler\ti-cgt-c2000_15.12.1.LTS\lib\</path>
         <kind>archive</kind>
         <file>rts2800_ml.lib</file>
         <name>e_sqrtf.obj</name>
      </input_file>
      <input_file id="fl-ab">
         <path>C:\ti\motorware\motorware_1_01_00_16\sw\modules\fast\lib\32b\f28x\f2802x\</path>
         <kind>archive</kind>
         <file>2802xRevB_Fast_RTS_ROMSymbols.lib</file>
         <name>REVB_2802x_boot_rom_out__errno_tmp.obj</name>
      </input_file>
   </input_file_list>
   <object_component_list>
      <object_component id="oc-f7">
         <name>.cinit</name>
         <load_address>0x3f3b3c</load_address>
         <run_address>0x3f3b3c</run_address>
         <size>0x9b</size>
         <input_file_ref idref="fl-1b"/>
      </object_component>
      <object_component id="oc-169">
         <name>.cinit</name>
         <load_address>0x3f3bd7</load_address>
         <run_address>0x3f3bd7</run_address>
         <size>0xe</size>
         <input_file_ref idref="fl-a6"/>
      </object_component>
      <object_component id="oc-185">
         <name>.cinit:__lock</name>
         <load_address>0x3f3be5</load_address>
         <run_address>0x3f3be5</run_address>
         <size>0x5</size>
         <input_file_ref idref="fl-a7"/>
      </object_component>
      <object_component id="oc-191">
         <name>.cinit:__unlock</name>
         <load_address>0x3f3bea</load_address>
         <run_address>0x3f3bea</run_address>
         <size>0x5</size>
         <input_file_ref idref="fl-a7"/>
      </object_component>
      <object_component id="oc-ac">
         <name>.cinit</name>
         <load_address>0x3f3bef</load_address>
         <run_address>0x3f3bef</run_address>
         <size>0x4</size>
         <input_file_ref idref="fl-d"/>
      </object_component>
      <object_component id="oc-13c">
         <name>.text</name>
         <load_address>0x3f0769</load_address>
         <run_address>0x3f0769</run_address>
         <size>0xe94</size>
         <input_file_ref idref="fl-38"/>
      </object_component>
      <object_component id="oc-18e">
         <name>.text</name>
         <load_address>0x3f15fd</load_address>
         <run_address>0x3f15fd</run_address>
         <size>0x8ab</size>
         <input_file_ref idref="fl-12"/>
      </object_component>
      <object_component id="oc-182">
         <name>.text</name>
         <load_address>0x3f1ea8</load_address>
         <run_address>0x3f1ea8</run_address>
         <size>0x45d</size>
         <input_file_ref idref="fl-c"/>
      </object_component>
      <object_component id="oc-18c">
         <name>.text</name>
         <load_address>0x3f2305</load_address>
         <run_address>0x3f2305</run_address>
         <size>0x45b</size>
         <input_file_ref idref="fl-24"/>
      </object_component>
      <object_component id="oc-183">
         <name>.text</name>
         <load_address>0x3f2760</load_address>
         <run_address>0x3f2760</run_address>
         <size>0x39d</size>
         <input_file_ref idref="fl-1b"/>
      </object_component>
      <object_component id="oc-181">
         <name>.text</name>
         <load_address>0x3f2afd</load_address>
         <run_address>0x3f2afd</run_address>
         <size>0x2f6</size>
         <input_file_ref idref="fl-1c"/>
      </object_component>
      <object_component id="oc-194">
         <name>.text</name>
         <load_address>0x3f2df3</load_address>
         <run_address>0x3f2df3</run_address>
         <size>0x2d1</size>
         <input_file_ref idref="fl-d"/>
      </object_component>
      <object_component id="oc-19a">
         <name>.text</name>
         <load_address>0x3f30c4</load_address>
         <run_address>0x3f30c4</run_address>
         <size>0x1f5</size>
         <input_file_ref idref="fl-8"/>
      </object_component>
      <object_component id="oc-17f">
         <name>.text</name>
         <load_address>0x3f32b9</load_address>
         <run_address>0x3f32b9</run_address>
         <size>0x154</size>
         <input_file_ref idref="fl-11"/>
      </object_component>
      <object_component id="oc-197">
         <name>.text</name>
         <load_address>0x3f340d</load_address>
         <run_address>0x3f340d</run_address>
         <size>0x12b</size>
         <input_file_ref idref="fl-a"/>
      </object_component>
      <object_component id="oc-199">
         <name>.text</name>
         <load_address>0x3f3538</load_address>
         <run_address>0x3f3538</run_address>
         <size>0xff</size>
         <input_file_ref idref="fl-19"/>
      </object_component>
      <object_component id="oc-196">
         <name>.text</name>
         <load_address>0x3f3637</load_address>
         <run_address>0x3f3637</run_address>
         <size>0xa9</size>
         <input_file_ref idref="fl-1e"/>
      </object_component>
      <object_component id="oc-193">
         <name>.text</name>
         <load_address>0x3f36e0</load_address>
         <run_address>0x3f36e0</run_address>
         <size>0x73</size>
         <input_file_ref idref="fl-aa"/>
      </object_component>
      <object_component id="oc-192">
         <name>.text</name>
         <load_address>0x3f3753</load_address>
         <run_address>0x3f3753</run_address>
         <size>0x6b</size>
         <input_file_ref idref="fl-a3"/>
      </object_component>
      <object_component id="oc-198">
         <name>.text</name>
         <load_address>0x3f37be</load_address>
         <run_address>0x3f37be</run_address>
         <size>0x5b</size>
         <input_file_ref idref="fl-1a"/>
      </object_component>
      <object_component id="oc-15">
         <name>.text</name>
         <load_address>0x3f3819</load_address>
         <run_address>0x3f3819</run_address>
         <size>0x54</size>
         <input_file_ref idref="fl-9f"/>
      </object_component>
      <object_component id="oc-19c">
         <name>.text</name>
         <load_address>0x3f386d</load_address>
         <run_address>0x3f386d</run_address>
         <size>0x47</size>
         <input_file_ref idref="fl-15"/>
      </object_component>
      <object_component id="oc-17b">
         <name>.text</name>
         <load_address>0x3f38b4</load_address>
         <run_address>0x3f38b4</run_address>
         <size>0x46</size>
         <input_file_ref idref="fl-a4"/>
      </object_component>
      <object_component id="oc-19f">
         <name>.text</name>
         <load_address>0x3f38fa</load_address>
         <run_address>0x3f38fa</run_address>
         <size>0x46</size>
         <input_file_ref idref="fl-25"/>
      </object_component>
      <object_component id="oc-1a1">
         <name>.text</name>
         <load_address>0x3f3940</load_address>
         <run_address>0x3f3940</run_address>
         <size>0x44</size>
         <input_file_ref idref="fl-1d"/>
      </object_component>
      <object_component id="oc-195">
         <name>.text</name>
         <load_address>0x3f3984</load_address>
         <run_address>0x3f3984</run_address>
         <size>0x32</size>
         <input_file_ref idref="fl-21"/>
      </object_component>
      <object_component id="oc-19b">
         <name>.text</name>
         <load_address>0x3f39b6</load_address>
         <run_address>0x3f39b6</run_address>
         <size>0x2d</size>
         <input_file_ref idref="fl-16"/>
      </object_component>
      <object_component id="oc-13e">
         <name>.text</name>
         <load_address>0x3f39e3</load_address>
         <run_address>0x3f39e3</run_address>
         <size>0x2a</size>
         <input_file_ref idref="fl-39"/>
      </object_component>
      <object_component id="oc-17e">
         <name>.text</name>
         <load_address>0x3f3a0d</load_address>
         <run_address>0x3f3a0d</run_address>
         <size>0x29</size>
         <input_file_ref idref="fl-a6"/>
      </object_component>
      <object_component id="oc-19d">
         <name>.text</name>
         <load_address>0x3f3a36</load_address>
         <run_address>0x3f3a36</run_address>
         <size>0x25</size>
         <input_file_ref idref="fl-b"/>
      </object_component>
      <object_component id="oc-1a3">
         <name>.text</name>
         <load_address>0x3f3a5b</load_address>
         <run_address>0x3f3a5b</run_address>
         <size>0x21</size>
         <input_file_ref idref="fl-e"/>
      </object_component>
      <object_component id="oc-137">
         <name>.text</name>
         <load_address>0x3f3a7c</load_address>
         <run_address>0x3f3a7c</run_address>
         <size>0x21</size>
         <input_file_ref idref="fl-34"/>
      </object_component>
      <object_component id="oc-1a0">
         <name>.text</name>
         <load_address>0x3f3a9d</load_address>
         <run_address>0x3f3a9d</run_address>
         <size>0x20</size>
         <input_file_ref idref="fl-f"/>
      </object_component>
      <object_component id="oc-132">
         <name>.text</name>
         <load_address>0x3f3abd</load_address>
         <run_address>0x3f3abd</run_address>
         <size>0x1d</size>
         <input_file_ref idref="fl-33"/>
      </object_component>
      <object_component id="oc-163">
         <name>.text</name>
         <load_address>0x3f3ada</load_address>
         <run_address>0x3f3ada</run_address>
         <size>0x1a</size>
         <input_file_ref idref="fl-a5"/>
      </object_component>
      <object_component id="oc-17d">
         <name>.text</name>
         <load_address>0x3f3af4</load_address>
         <run_address>0x3f3af4</run_address>
         <size>0x19</size>
         <input_file_ref idref="fl-a0"/>
      </object_component>
      <object_component id="oc-18d">
         <name>.text</name>
         <load_address>0x3f3b0d</load_address>
         <run_address>0x3f3b0d</run_address>
         <size>0x10</size>
         <input_file_ref idref="fl-14"/>
      </object_component>
      <object_component id="oc-190">
         <name>.text</name>
         <load_address>0x3f3b1d</load_address>
         <run_address>0x3f3b1d</run_address>
         <size>0x9</size>
         <input_file_ref idref="fl-a7"/>
      </object_component>
      <object_component id="oc-8a">
         <name>.text</name>
         <load_address>0x3f3b26</load_address>
         <run_address>0x3f3b26</run_address>
         <size>0x8</size>
         <input_file_ref idref="fl-7"/>
      </object_component>
      <object_component id="oc-18f">
         <name>.text</name>
         <load_address>0x3f3b2e</load_address>
         <run_address>0x3f3b2e</run_address>
         <size>0x6</size>
         <input_file_ref idref="fl-20"/>
      </object_component>
      <object_component id="oc-ec">
         <name>.text:retain</name>
         <load_address>0x3f3b34</load_address>
         <run_address>0x3f3b34</run_address>
         <size>0x5</size>
         <input_file_ref idref="fl-19"/>
      </object_component>
      <object_component id="oc-17a">
         <name>.text</name>
         <load_address>0x3f3b39</load_address>
         <run_address>0x3f3b39</run_address>
         <size>0x2</size>
         <input_file_ref idref="fl-a2"/>
      </object_component>
      <object_component id="oc-17c">
         <name>.text</name>
         <load_address>0x3f3b3b</load_address>
         <run_address>0x3f3b3b</run_address>
         <size>0x1</size>
         <input_file_ref idref="fl-a1"/>
      </object_component>
      <object_component id="oc-8b">
         <name>codestart</name>
         <load_address>0x3f7ff6</load_address>
         <run_address>0x3f7ff6</run_address>
         <size>0x2</size>
         <input_file_ref idref="fl-7"/>
      </object_component>
      <object_component id="oc-180">
         <name>ramfuncs</name>
         <load_address>0x3f0000</load_address>
         <run_address>0x8000</run_address>
         <size>0x513</size>
         <input_file_ref idref="fl-c"/>
      </object_component>
      <object_component id="oc-fa">
         <name>ramfuncs:retain</name>
         <load_address>0x3f0513</load_address>
         <run_address>0x8513</run_address>
         <size>0x202</size>
         <input_file_ref idref="fl-1b"/>
      </object_component>
      <object_component id="oc-1a4">
         <name>ramfuncs</name>
         <load_address>0x3f0715</load_address>
         <run_address>0x8715</run_address>
         <size>0x32</size>
         <input_file_ref idref="fl-f"/>
      </object_component>
      <object_component id="oc-19e">
         <name>ramfuncs</name>
         <load_address>0x3f0747</load_address>
         <run_address>0x8747</run_address>
         <size>0x1e</size>
         <input_file_ref idref="fl-12"/>
      </object_component>
      <object_component id="oc-122">
         <name>ramfuncs</name>
         <load_address>0x3f0765</load_address>
         <run_address>0x8765</run_address>
         <size>0x4</size>
         <input_file_ref idref="fl-23"/>
      </object_component>
      <object_component id="oc-143">
         <name>.stack</name>
         <uninitialized>true</uninitialized>
         <run_address>0x302</run_address>
         <size>0x0</size>
         <input_file_ref idref="fl-9f"/>
      </object_component>
      <object_component id="oc-1c4">
         <name>.stack</name>
         <uninitialized>true</uninitialized>
         <run_address>0x302</run_address>
         <size>0x0</size>
      </object_component>
      <object_component id="oc-a0">
         <name>.ebss</name>
         <uninitialized>true</uninitialized>
         <run_address>0x88f4</run_address>
         <size>0x1</size>
         <input_file_ref idref="fl-b"/>
      </object_component>
      <object_component id="oc-ad">
         <name>.ebss</name>
         <uninitialized>true</uninitialized>
         <run_address>0x88f2</run_address>
         <size>0x2</size>
         <input_file_ref idref="fl-d"/>
      </object_component>
      <object_component id="oc-f8">
         <name>.ebss</name>
         <uninitialized>true</uninitialized>
         <run_address>0x8800</run_address>
         <size>0xe8</size>
         <input_file_ref idref="fl-1b"/>
      </object_component>
      <object_component id="oc-16a">
         <name>.ebss</name>
         <uninitialized>true</uninitialized>
         <run_address>0x88e8</run_address>
         <size>0x6</size>
         <input_file_ref idref="fl-a6"/>
      </object_component>
      <object_component id="oc-1a2">
         <name>.ebss:__unlock</name>
         <uninitialized>true</uninitialized>
         <run_address>0x88f0</run_address>
         <size>0x2</size>
         <input_file_ref idref="fl-a7"/>
      </object_component>
      <object_component id="oc-184">
         <name>.ebss:__lock</name>
         <uninitialized>true</uninitialized>
         <run_address>0x88ee</run_address>
         <size>0x2</size>
         <input_file_ref idref="fl-a7"/>
      </object_component>
      <object_component id="oc-c7">
         <name>rom_accessed_data</name>
         <uninitialized>true</uninitialized>
         <run_address>0x240</run_address>
         <size>0xc2</size>
         <input_file_ref idref="fl-12"/>
      </object_component>
      <object_component id="oc-f9">
         <name>rom_accessed_data</name>
         <uninitialized>true</uninitialized>
         <run_address>0x0</run_address>
         <size>0x208</size>
         <input_file_ref idref="fl-1b"/>
      </object_component>
      <object_component id="oc-13d">
         <name>.econst</name>
         <load_address>0x3f6000</load_address>
         <run_address>0x502</run_address>
         <size>0x5c</size>
         <input_file_ref idref="fl-38"/>
      </object_component>
      <object_component id="oc-128">
         <name>.econst</name>
         <load_address>0x3f605c</load_address>
         <run_address>0x55e</run_address>
         <size>0x8</size>
         <input_file_ref idref="fl-24"/>
      </object_component>
      <object_component id="oc-186">
         <name>.econst:_$P$T0$1</name>
         <load_address>0x3f6064</load_address>
         <run_address>0x566</run_address>
         <size>0x4</size>
         <input_file_ref idref="fl-c"/>
      </object_component>
      <object_component id="oc-187">
         <name>.econst:_$P$T1$2</name>
         <load_address>0x3f6068</load_address>
         <run_address>0x56a</run_address>
         <size>0x4</size>
         <input_file_ref idref="fl-c"/>
      </object_component>
      <object_component id="oc-188">
         <name>.econst:_$P$T2$3</name>
         <load_address>0x3f606c</load_address>
         <run_address>0x56e</run_address>
         <size>0x4</size>
         <input_file_ref idref="fl-c"/>
      </object_component>
      <object_component id="oc-189">
         <name>.econst:_$P$T3$4</name>
         <load_address>0x3f6070</load_address>
         <run_address>0x572</run_address>
         <size>0x4</size>
         <input_file_ref idref="fl-c"/>
      </object_component>
      <object_component id="oc-18a">
         <name>.econst:_$P$T4$5</name>
         <load_address>0x3f6074</load_address>
         <run_address>0x576</run_address>
         <size>0x4</size>
         <input_file_ref idref="fl-c"/>
      </object_component>
      <object_component id="oc-18b">
         <name>.econst:_$P$T5$6</name>
         <load_address>0x3f6078</load_address>
         <run_address>0x57a</run_address>
         <size>0x4</size>
         <input_file_ref idref="fl-c"/>
      </object_component>
      <object_component id="oc-a6">
         <name>.econst</name>
         <load_address>0x3f607c</load_address>
         <run_address>0x57e</run_address>
         <size>0x4</size>
         <input_file_ref idref="fl-c"/>
      </object_component>
      <object_component id="oc-c8">
         <name>.econst</name>
         <load_address>0x3f6080</load_address>
         <run_address>0x582</run_address>
         <size>0x4</size>
         <input_file_ref idref="fl-12"/>
      </object_component>
      <object_component id="oc-175">
         <name>.econst</name>
         <load_address>0x3f6084</load_address>
         <run_address>0x586</run_address>
         <size>0x4</size>
         <input_file_ref idref="fl-aa"/>
      </object_component>
      <object_component id="oc-159">
         <name>.econst</name>
         <load_address>0x3f6088</load_address>
         <run_address>0x58a</run_address>
         <size>0x2</size>
         <input_file_ref idref="fl-a3"/>
      </object_component>
      <object_component id="oc-144">
         <name>.reset</name>
         <load_address>0x3fffc0</load_address>
         <run_address>0x3fffc0</run_address>
         <size>0x2</size>
         <input_file_ref idref="fl-9f"/>
      </object_component>
      <object_component id="oc-8c">
         <name>.debug_info</name>
         <load_address>0x0</load_address>
         <run_address>0x0</run_address>
         <size>0x22f</size>
         <input_file_ref idref="fl-7"/>
      </object_component>
      <object_component id="oc-90">
         <name>.debug_info</name>
         <load_address>0x22f</load_address>
         <run_address>0x22f</run_address>
         <size>0x42a7</size>
         <input_file_ref idref="fl-8"/>
      </object_component>
      <object_component id="oc-95">
         <name>.debug_info</name>
         <load_address>0x44d6</load_address>
         <run_address>0x44d6</run_address>
         <size>0x402</size>
         <input_file_ref idref="fl-9"/>
      </object_component>
      <object_component id="oc-9a">
         <name>.debug_info</name>
         <load_address>0x48d8</load_address>
         <run_address>0x48d8</run_address>
         <size>0x3c19</size>
         <input_file_ref idref="fl-a"/>
      </object_component>
      <object_component id="oc-9f">
         <name>.debug_info</name>
         <load_address>0x84f1</load_address>
         <run_address>0x84f1</run_address>
         <size>0x1058</size>
         <input_file_ref idref="fl-b"/>
      </object_component>
      <object_component id="oc-a5">
         <name>.debug_info</name>
         <load_address>0x9549</load_address>
         <run_address>0x9549</run_address>
         <size>0x9939</size>
         <input_file_ref idref="fl-c"/>
      </object_component>
      <object_component id="oc-ab">
         <name>.debug_info</name>
         <load_address>0x12e82</load_address>
         <run_address>0x12e82</run_address>
         <size>0x4c09</size>
         <input_file_ref idref="fl-d"/>
      </object_component>
      <object_component id="oc-b2">
         <name>.debug_info</name>
         <load_address>0x17a8b</load_address>
         <run_address>0x17a8b</run_address>
         <size>0xcd9</size>
         <input_file_ref idref="fl-e"/>
      </object_component>
      <object_component id="oc-b7">
         <name>.debug_info</name>
         <load_address>0x18764</load_address>
         <run_address>0x18764</run_address>
         <size>0x2047</size>
         <input_file_ref idref="fl-f"/>
      </object_component>
      <object_component id="oc-bc">
         <name>.debug_info</name>
         <load_address>0x1a7ab</load_address>
         <run_address>0x1a7ab</run_address>
         <size>0x4d3</size>
         <input_file_ref idref="fl-10"/>
      </object_component>
      <object_component id="oc-c1">
         <name>.debug_info</name>
         <load_address>0x1ac7e</load_address>
         <run_address>0x1ac7e</run_address>
         <size>0x29c1</size>
         <input_file_ref idref="fl-11"/>
      </object_component>
      <object_component id="oc-c6">
         <name>.debug_info</name>
         <load_address>0x1d63f</load_address>
         <run_address>0x1d63f</run_address>
         <size>0xfdbe</size>
         <input_file_ref idref="fl-12"/>
      </object_component>
      <object_component id="oc-cd">
         <name>.debug_info</name>
         <load_address>0x2d3fd</load_address>
         <run_address>0x2d3fd</run_address>
         <size>0x3b1</size>
         <input_file_ref idref="fl-13"/>
      </object_component>
      <object_component id="oc-d2">
         <name>.debug_info</name>
         <load_address>0x2d7ae</load_address>
         <run_address>0x2d7ae</run_address>
         <size>0x4b9</size>
         <input_file_ref idref="fl-14"/>
      </object_component>
      <object_component id="oc-d7">
         <name>.debug_info</name>
         <load_address>0x2dc67</load_address>
         <run_address>0x2dc67</run_address>
         <size>0xc88</size>
         <input_file_ref idref="fl-15"/>
      </object_component>
      <object_component id="oc-dc">
         <name>.debug_info</name>
         <load_address>0x2e8ef</load_address>
         <run_address>0x2e8ef</run_address>
         <size>0xa08</size>
         <input_file_ref idref="fl-16"/>
      </object_component>
      <object_component id="oc-e1">
         <name>.debug_info</name>
         <load_address>0x2f2f7</load_address>
         <run_address>0x2f2f7</run_address>
         <size>0x3ad</size>
         <input_file_ref idref="fl-17"/>
      </object_component>
      <object_component id="oc-e6">
         <name>.debug_info</name>
         <load_address>0x2f6a4</load_address>
         <run_address>0x2f6a4</run_address>
         <size>0x441</size>
         <input_file_ref idref="fl-18"/>
      </object_component>
      <object_component id="oc-eb">
         <name>.debug_info</name>
         <load_address>0x2fae5</load_address>
         <run_address>0x2fae5</run_address>
         <size>0x401e</size>
         <input_file_ref idref="fl-19"/>
      </object_component>
      <object_component id="oc-f1">
         <name>.debug_info</name>
         <load_address>0x33b03</load_address>
         <run_address>0x33b03</run_address>
         <size>0x19c9</size>
         <input_file_ref idref="fl-1a"/>
      </object_component>
      <object_component id="oc-f6">
         <name>.debug_info</name>
         <load_address>0x354cc</load_address>
         <run_address>0x354cc</run_address>
         <size>0x976b</size>
         <input_file_ref idref="fl-1b"/>
      </object_component>
      <object_component id="oc-ff">
         <name>.debug_info</name>
         <load_address>0x3ec37</load_address>
         <run_address>0x3ec37</run_address>
         <size>0xae92</size>
         <input_file_ref idref="fl-1c"/>
      </object_component>
      <object_component id="oc-104">
         <name>.debug_info</name>
         <load_address>0x49ac9</load_address>
         <run_address>0x49ac9</run_address>
         <size>0x1375</size>
         <input_file_ref idref="fl-1d"/>
      </object_component>
      <object_component id="oc-109">
         <name>.debug_info</name>
         <load_address>0x4ae3e</load_address>
         <run_address>0x4ae3e</run_address>
         <size>0x3a4a</size>
         <input_file_ref idref="fl-1e"/>
      </object_component>
      <object_component id="oc-10e">
         <name>.debug_info</name>
         <load_address>0x4e888</load_address>
         <run_address>0x4e888</run_address>
         <size>0x3ab</size>
         <input_file_ref idref="fl-1f"/>
      </object_component>
      <object_component id="oc-113">
         <name>.debug_info</name>
         <load_address>0x4ec33</load_address>
         <run_address>0x4ec33</run_address>
         <size>0x57f</size>
         <input_file_ref idref="fl-20"/>
      </object_component>
      <object_component id="oc-118">
         <name>.debug_info</name>
         <load_address>0x4f1b2</load_address>
         <run_address>0x4f1b2</run_address>
         <size>0xf03</size>
         <input_file_ref idref="fl-21"/>
      </object_component>
      <object_component id="oc-11d">
         <name>.debug_info</name>
         <load_address>0x500b5</load_address>
         <run_address>0x500b5</run_address>
         <size>0x413</size>
         <input_file_ref idref="fl-22"/>
      </object_component>
      <object_component id="oc-123">
         <name>.debug_info</name>
         <load_address>0x504c8</load_address>
         <run_address>0x504c8</run_address>
         <size>0x1b5</size>
         <input_file_ref idref="fl-23"/>
      </object_component>
      <object_component id="oc-127">
         <name>.debug_info</name>
         <load_address>0x5067d</load_address>
         <run_address>0x5067d</run_address>
         <size>0x49be</size>
         <input_file_ref idref="fl-24"/>
      </object_component>
      <object_component id="oc-12d">
         <name>.debug_info</name>
         <load_address>0x5503b</load_address>
         <run_address>0x5503b</run_address>
         <size>0x12b5</size>
         <input_file_ref idref="fl-25"/>
      </object_component>
      <object_component id="oc-133">
         <name>.debug_info</name>
         <load_address>0x562f0</load_address>
         <run_address>0x562f0</run_address>
         <size>0x134</size>
         <input_file_ref idref="fl-33"/>
      </object_component>
      <object_component id="oc-138">
         <name>.debug_info</name>
         <load_address>0x56424</load_address>
         <run_address>0x56424</run_address>
         <size>0x137</size>
         <input_file_ref idref="fl-34"/>
      </object_component>
      <object_component id="oc-13f">
         <name>.debug_info</name>
         <load_address>0x5655b</load_address>
         <run_address>0x5655b</run_address>
         <size>0x1b9</size>
         <input_file_ref idref="fl-39"/>
      </object_component>
      <object_component id="oc-145">
         <name>.debug_info</name>
         <load_address>0x56714</load_address>
         <run_address>0x56714</run_address>
         <size>0x187</size>
         <input_file_ref idref="fl-9f"/>
      </object_component>
      <object_component id="oc-149">
         <name>.debug_info</name>
         <load_address>0x5689b</load_address>
         <run_address>0x5689b</run_address>
         <size>0x438</size>
         <input_file_ref idref="fl-a0"/>
      </object_component>
      <object_component id="oc-14e">
         <name>.debug_info</name>
         <load_address>0x56cd3</load_address>
         <run_address>0x56cd3</run_address>
         <size>0x349</size>
         <input_file_ref idref="fl-a1"/>
      </object_component>
      <object_component id="oc-153">
         <name>.debug_info</name>
         <load_address>0x5701c</load_address>
         <run_address>0x5701c</run_address>
         <size>0x34c</size>
         <input_file_ref idref="fl-a2"/>
      </object_component>
      <object_component id="oc-158">
         <name>.debug_info</name>
         <load_address>0x57368</load_address>
         <run_address>0x57368</run_address>
         <size>0x463</size>
         <input_file_ref idref="fl-a3"/>
      </object_component>
      <object_component id="oc-15e">
         <name>.debug_info</name>
         <load_address>0x577cb</load_address>
         <run_address>0x577cb</run_address>
         <size>0x591</size>
         <input_file_ref idref="fl-a4"/>
      </object_component>
      <object_component id="oc-164">
         <name>.debug_info</name>
         <load_address>0x57d5c</load_address>
         <run_address>0x57d5c</run_address>
         <size>0x12e</size>
         <input_file_ref idref="fl-a5"/>
      </object_component>
      <object_component id="oc-168">
         <name>.debug_info</name>
         <load_address>0x57e8a</load_address>
         <run_address>0x57e8a</run_address>
         <size>0x515</size>
         <input_file_ref idref="fl-a6"/>
      </object_component>
      <object_component id="oc-16f">
         <name>.debug_info</name>
         <load_address>0x5839f</load_address>
         <run_address>0x5839f</run_address>
         <size>0x46b</size>
         <input_file_ref idref="fl-a7"/>
      </object_component>
      <object_component id="oc-174">
         <name>.debug_info</name>
         <load_address>0x5880a</load_address>
         <run_address>0x5880a</run_address>
         <size>0x48f</size>
         <input_file_ref idref="fl-aa"/>
      </object_component>
      <object_component id="oc-1c5">
         <name>.debug_info</name>
         <load_address>0x58c99</load_address>
         <run_address>0x58c99</run_address>
         <size>0xfc</size>
      </object_component>
      <object_component id="oc-8d">
         <name>.debug_line</name>
         <load_address>0x0</load_address>
         <run_address>0x0</run_address>
         <size>0xa0</size>
         <input_file_ref idref="fl-7"/>
      </object_component>
      <object_component id="oc-92">
         <name>.debug_line</name>
         <load_address>0xa0</load_address>
         <run_address>0xa0</run_address>
         <size>0x36d</size>
         <input_file_ref idref="fl-8"/>
      </object_component>
      <object_component id="oc-97">
         <name>.debug_line</name>
         <load_address>0x40d</load_address>
         <run_address>0x40d</run_address>
         <size>0x68</size>
         <input_file_ref idref="fl-9"/>
      </object_component>
      <object_component id="oc-9c">
         <name>.debug_line</name>
         <load_address>0x475</load_address>
         <run_address>0x475</run_address>
         <size>0x452</size>
         <input_file_ref idref="fl-a"/>
      </object_component>
      <object_component id="oc-a2">
         <name>.debug_line</name>
         <load_address>0x8c7</load_address>
         <run_address>0x8c7</run_address>
         <size>0x14d</size>
         <input_file_ref idref="fl-b"/>
      </object_component>
      <object_component id="oc-a8">
         <name>.debug_line</name>
         <load_address>0xa14</load_address>
         <run_address>0xa14</run_address>
         <size>0x13cf</size>
         <input_file_ref idref="fl-c"/>
      </object_component>
      <object_component id="oc-af">
         <name>.debug_line</name>
         <load_address>0x1de3</load_address>
         <run_address>0x1de3</run_address>
         <size>0x58e</size>
         <input_file_ref idref="fl-d"/>
      </object_component>
      <object_component id="oc-b4">
         <name>.debug_line</name>
         <load_address>0x2371</load_address>
         <run_address>0x2371</run_address>
         <size>0x10b</size>
         <input_file_ref idref="fl-e"/>
      </object_component>
      <object_component id="oc-b9">
         <name>.debug_line</name>
         <load_address>0x247c</load_address>
         <run_address>0x247c</run_address>
         <size>0x1d5</size>
         <input_file_ref idref="fl-f"/>
      </object_component>
      <object_component id="oc-be">
         <name>.debug_line</name>
         <load_address>0x2651</load_address>
         <run_address>0x2651</run_address>
         <size>0x60</size>
         <input_file_ref idref="fl-10"/>
      </object_component>
      <object_component id="oc-c3">
         <name>.debug_line</name>
         <load_address>0x26b1</load_address>
         <run_address>0x26b1</run_address>
         <size>0x271</size>
         <input_file_ref idref="fl-11"/>
      </object_component>
      <object_component id="oc-ca">
         <name>.debug_line</name>
         <load_address>0x2922</load_address>
         <run_address>0x2922</run_address>
         <size>0xbe9</size>
         <input_file_ref idref="fl-12"/>
      </object_component>
      <object_component id="oc-cf">
         <name>.debug_line</name>
         <load_address>0x350b</load_address>
         <run_address>0x350b</run_address>
         <size>0x66</size>
         <input_file_ref idref="fl-13"/>
      </object_component>
      <object_component id="oc-d4">
         <name>.debug_line</name>
         <load_address>0x3571</load_address>
         <run_address>0x3571</run_address>
         <size>0x87</size>
         <input_file_ref idref="fl-14"/>
      </object_component>
      <object_component id="oc-d9">
         <name>.debug_line</name>
         <load_address>0x35f8</load_address>
         <run_address>0x35f8</run_address>
         <size>0xf1</size>
         <input_file_ref idref="fl-15"/>
      </object_component>
      <object_component id="oc-de">
         <name>.debug_line</name>
         <load_address>0x36e9</load_address>
         <run_address>0x36e9</run_address>
         <size>0xd5</size>
         <input_file_ref idref="fl-16"/>
      </object_component>
      <object_component id="oc-e3">
         <name>.debug_line</name>
         <load_address>0x37be</load_address>
         <run_address>0x37be</run_address>
         <size>0x64</size>
         <input_file_ref idref="fl-17"/>
      </object_component>
      <object_component id="oc-e8">
         <name>.debug_line</name>
         <load_address>0x3822</load_address>
         <run_address>0x3822</run_address>
         <size>0xa7</size>
         <input_file_ref idref="fl-18"/>
      </object_component>
      <object_component id="oc-ee">
         <name>.debug_line</name>
         <load_address>0x38c9</load_address>
         <run_address>0x38c9</run_address>
         <size>0x30f</size>
         <input_file_ref idref="fl-19"/>
      </object_component>
      <object_component id="oc-f3">
         <name>.debug_line</name>
         <load_address>0x3bd8</load_address>
         <run_address>0x3bd8</run_address>
         <size>0x1e4</size>
         <input_file_ref idref="fl-1a"/>
      </object_component>
      <object_component id="oc-fc">
         <name>.debug_line</name>
         <load_address>0x3dbc</load_address>
         <run_address>0x3dbc</run_address>
         <size>0xb82</size>
         <input_file_ref idref="fl-1b"/>
      </object_component>
      <object_component id="oc-101">
         <name>.debug_line</name>
         <load_address>0x493e</load_address>
         <run_address>0x493e</run_address>
         <size>0xa34</size>
         <input_file_ref idref="fl-1c"/>
      </object_component>
      <object_component id="oc-106">
         <name>.debug_line</name>
         <load_address>0x5372</load_address>
         <run_address>0x5372</run_address>
         <size>0x10d</size>
         <input_file_ref idref="fl-1d"/>
      </object_component>
      <object_component id="oc-10b">
         <name>.debug_line</name>
         <load_address>0x547f</load_address>
         <run_address>0x547f</run_address>
         <size>0x411</size>
         <input_file_ref idref="fl-1e"/>
      </object_component>
      <object_component id="oc-110">
         <name>.debug_line</name>
         <load_address>0x5890</load_address>
         <run_address>0x5890</run_address>
         <size>0x66</size>
[...]
         <name>_WDOG_disableOverRide</name>
         <value>0x3f3924</value>
         <object_component_ref idref="oc-19f"/>
      </symbol>
      <symbol id="sm-4e6">
         <name>_WDOG_clearCounter</name>
         <value>0x3f3938</value>
         <object_component_ref idref="oc-19f"/>
      </symbol>
      <symbol id="sm-4ea">
         <name>FD$$MPY</name>
         <value>0x3fdc5e</value>
      </symbol>
      <symbol id="sm-4ec">
         <name>FD$$TOL</name>
         <value>0x3fdf7b</value>
      </symbol>
      <symbol id="sm-4ee">
         <name>FS$$ADD</name>
         <value>0x3fdeb8</value>
      </symbol>
      <symbol id="sm-4f0">
         <name>FS$$CMP</name>
         <value>0x3fdf2b</value>
      </symbol>
      <symbol id="sm-4f2">
         <name>FS$$DIV</name>
         <value>0x3fdce1</value>
      </symbol>
      <symbol id="sm-4f4">
         <name>FS$$MPY</name>
         <value>0x3fdde7</value>
      </symbol>
      <symbol id="sm-4f6">
         <name>FS$$NEG</name>
         <value>0x3fff4d</value>
      </symbol>
      <symbol id="sm-4f8">
         <name>FS$$TOFD</name>
         <value>0x3fdfb7</value>
      </symbol>
      <symbol id="sm-4fa">
         <name>FS$$TOI</name>
         <value>0x3fff0e</value>
      </symbol>
      <symbol id="sm-50b">
         <name>FS$$TOU</name>
         <value>0x3f3abd</value>
         <object_component_ref idref="oc-132"/>
      </symbol>
      <symbol id="sm-51c">
         <name>FS$$TOUL</name>
         <value>0x3f3a7c</value>
         <object_component_ref idref="oc-137"/>
      </symbol>
      <symbol id="sm-51e">
         <name>I$$TOFS</name>
         <value>0x3fff33</value>
      </symbol>
      <symbol id="sm-520">
         <name>U$$TOFS</name>
         <value>0x3ff8bd</value>
      </symbol>
      <symbol id="sm-522">
         <name>UL$$TOFS</name>
         <value>0x3ff8aa</value>
      </symbol>
      <symbol id="sm-528">
         <name>_CTRL_setEstParams</name>
         <value>0x3f0dc1</value>
         <object_component_ref idref="oc-13c"/>
      </symbol>
      <symbol id="sm-529">
         <name>_CTRL_getVersion</name>
         <value>0x3f15f3</value>
         <object_component_ref idref="oc-13c"/>
      </symbol>
      <symbol id="sm-52a">
         <name>_CTRL_setUserMotorParams</name>
         <value>0x3f0c8e</value>
         <object_component_ref idref="oc-13c"/>
      </symbol>
      <symbol id="sm-52b">
         <name>_CTRL_runTraj</name>
         <value>0x3f1527</value>
         <object_component_ref idref="oc-13c"/>
      </symbol>
      <symbol id="sm-52c">
         <name>_CTRL_setupEstIdleState</name>
         <value>0x3f0908</value>
         <object_component_ref idref="oc-13c"/>
      </symbol>
      <symbol id="sm-52d">
         <name>_CTRL_setupTraj</name>
         <value>0x3f0769</value>
         <object_component_ref idref="oc-13c"/>
      </symbol>
      <symbol id="sm-52e">
         <name>_CTRL_setupCtrl</name>
         <value>0x3f0aa6</value>
         <object_component_ref idref="oc-13c"/>
      </symbol>
      <symbol id="sm-52f">
         <name>_CTRL_setupEstOnLineState</name>
         <value>0x3f08cd</value>
         <object_component_ref idref="oc-13c"/>
      </symbol>
      <symbol id="sm-53b">
         <name>UL$$MOD</name>
         <value>0x3f3a07</value>
         <object_component_ref idref="oc-13e"/>
      </symbol>
      <symbol id="sm-53c">
         <name>L$$MOD</name>
         <value>0x3f39f2</value>
         <object_component_ref idref="oc-13e"/>
      </symbol>
      <symbol id="sm-53d">
         <name>L$$DIV</name>
         <value>0x3f39e3</value>
         <object_component_ref idref="oc-13e"/>
      </symbol>
      <symbol id="sm-53e">
         <name>UL$$DIV</name>
         <value>0x3f3a00</value>
         <object_component_ref idref="oc-13e"/>
      </symbol>
      <symbol id="sm-540">
         <name>_CTRL_initCtrl</name>
         <value>0x3fd88b</value>
      </symbol>
      <symbol id="sm-542">
         <name>_EST_Angle_setParams</name>
         <value>0x3fd9e5</value>
      </symbol>
      <symbol id="sm-544">
         <name>_EST_Dir_setParams</name>
         <value>0x3fd922</value>
      </symbol>
      <symbol id="sm-546">
         <name>_EST_EPL_setParams</name>
         <value>0x3fd1e8</value>
      </symbol>
      <symbol id="sm-548">
         <name>_EST_Flux_ab_setParams</name>
         <value>0x3fd9b0</value>
      </symbol>
      <symbol id="sm-54a">
         <name>_EST_Flux_computeOneOverFlux_qFmt</name>
         <value>0x3fd514</value>
      </symbol>
      <symbol id="sm-54c">
         <name>_EST_Flux_dq_setParams</name>
         <value>0x3fda3b</value>
      </symbol>
      <symbol id="sm-54e">
         <name>_EST_Flux_getRatedFlux_pu</name>
         <value>0x3fd49c</value>
      </symbol>
      <symbol id="sm-550">
         <name>_EST_Flux_setParams</name>
         <value>0x3fd42e</value>
      </symbol>
      <symbol id="sm-552">
         <name>_EST_Flux_setWaitTimes</name>
         <value>0x3fd41e</value>
      </symbol>
      <symbol id="sm-554">
         <name>_EST_Freq_setParams</name>
         <value>0x3fd95c</value>
      </symbol>
      <symbol id="sm-556">
         <name>_EST_I_setParams</name>
         <value>0x3fd1be</value>
      </symbol>
      <symbol id="sm-558">
         <name>_EST_Iab_setParams</name>
         <value>0x3fd9cc</value>
      </symbol>
      <symbol id="sm-55a">
         <name>_EST_Idq_setParams</name>
         <value>0x3fda1e</value>
      </symbol>
      <symbol id="sm-55c">
         <name>_EST_Ls_getLs_d</name>
         <value>0x3fd3a8</value>
      </symbol>
      <symbol id="sm-55e">
         <name>_EST_Ls_setLs_d</name>
         <value>0x3fd2b6</value>
      </symbol>
      <symbol id="sm-560">
         <name>_EST_Ls_setLs_q</name>
         <value>0x3fd284</value>
      </symbol>
      <symbol id="sm-562">
         <name>_EST_Ls_setParams</name>
         <value>0x3fd247</value>
      </symbol>
      <symbol id="sm-564">
         <name>_EST_Ls_setWaitTimes</name>
         <value>0x3fd237</value>
      </symbol>
      <symbol id="sm-566">
         <name>_EST_OneOverDcBus_setParams</name>
         <value>0x3fda0d</value>
      </symbol>
      <symbol id="sm-568">
         <name>_EST_Rr_setParams</name>
         <value>0x3fd7e9</value>
      </symbol>
      <symbol id="sm-56a">
         <name>_EST_Rr_setRr</name>
         <value>0x3fd788</value>
      </symbol>
      <symbol id="sm-56c">
         <name>_EST_RsOnLine_setFilterParams</name>
         <value>0x3fd57d</value>
      </symbol>
      <symbol id="sm-56e">
         <name>_EST_RsOnLine_setParams</name>
         <value>0x3fd54d</value>
      </symbol>
      <symbol id="sm-570">
         <name>_EST_Rs_getRs</name>
         <value>0x3fd767</value>
      </symbol>
      <symbol id="sm-572">
         <name>_EST_Rs_setParams</name>
         <value>0x3fd725</value>
      </symbol>
      <symbol id="sm-574">
         <name>_EST_Rs_setRs</name>
         <value>0x3fd6c3</value>
      </symbol>
      <symbol id="sm-576">
         <name>_EST_Rs_setWaitTimes</name>
         <value>0x3fd6b3</value>
      </symbol>
      <symbol id="sm-578">
         <name>_EST_TRAJ_setParams</name>
         <value>0x3fd1af</value>
      </symbol>
      <symbol id="sm-57a">
         <name>_EST_Vab_setParams</name>
         <value>0x3fda53</value>
      </symbol>
      <symbol id="sm-57c">
         <name>_EST_Vback_ab_setParams</name>
         <value>0x3fda47</value>
      </symbol>
      <symbol id="sm-57e">
         <name>_EST_Vback_dq_setParams</name>
         <value>0x3fda5e</value>
      </symbol>
      <symbol id="sm-580">
         <name>_EST_Vdq_setParams</name>
         <value>0x3fd9fb</value>
      </symbol>
      <symbol id="sm-582">
         <name>_EST_computeDirection_qFmt</name>
         <value>0x3fc092</value>
      </symbol>
      <symbol id="sm-584">
         <name>_EST_computeL</name>
         <value>0x3fd16d</value>
      </symbol>
      <symbol id="sm-586">
         <name>_EST_computeR</name>
         <value>0x3fd14d</value>
      </symbol>
      <symbol id="sm-588">
         <name>_EST_doCurrentCtrl</name>
         <value>0x3fd145</value>
      </symbol>
      <symbol id="sm-58a">
         <name>_EST_doSpeedCtrl</name>
         <value>0x3fd13d</value>
      </symbol>
      <symbol id="sm-58c">
         <name>_EST_getAngle_pu</name>
         <value>0x3fc5f2</value>
      </symbol>
      <symbol id="sm-58e">
         <name>_EST_getFlux_VpHz</name>
         <value>0x3fd0a3</value>
      </symbol>
      <symbol id="sm-590">
         <name>_EST_getFlux_pu</name>
         <value>0x3fd090</value>
      </symbol>
      <symbol id="sm-592">
         <name>_EST_getFm_pu</name>
         <value>0x3fd073</value>
      </symbol>
      <symbol id="sm-594">
         <name>_EST_getFullScaleCurrent</name>
         <value>0x3fc062</value>
      </symbol>
      <symbol id="sm-596">
         <name>_EST_getFullScaleFlux</name>
         <value>0x3fd043</value>
      </symbol>
      <symbol id="sm-598">
         <name>_EST_getFullScaleFreq</name>
         <value>0x3fcc5c</value>
      </symbol>
      <symbol id="sm-59a">
         <name>_EST_getFullScaleInductance</name>
         <value>0x3fc4d1</value>
      </symbol>
      <symbol id="sm-59c">
         <name>_EST_getFullScaleVoltage</name>
         <value>0x3fc08e</value>
      </symbol>
      <symbol id="sm-59e">
         <name>_EST_getIdRated</name>
         <value>0x3fd017</value>
      </symbol>
      <symbol id="sm-5a0">
         <name>_EST_getLs_coarse_max_pu</name>
         <value>0x3fcfe4</value>
      </symbol>
      <symbol id="sm-5a2">
         <name>_EST_getLs_d_H</name>
         <value>0x3fcfda</value>
      </symbol>
      <symbol id="sm-5a4">
         <name>_EST_getLs_d_pu</name>
         <value>0x3fcfd5</value>
      </symbol>
      <symbol id="sm-5a6">
         <name>_EST_getLs_q_H</name>
         <value>0x3fcfb3</value>
      </symbol>
      <symbol id="sm-5a8">
         <name>_EST_getLs_q_pu</name>
         <value>0x3fcfae</value>
      </symbol>
      <symbol id="sm-5aa">
         <name>_EST_getMaxCurrentSlope_pu</name>
         <value>0x3fcfa2</value>
      </symbol>
      <symbol id="sm-5ac">
         <name>_EST_getOneOverDcBus_pu</name>
         <value>0x3fcf98</value>
      </symbol>
      <symbol id="sm-5ae">
         <name>_EST_getRr_Ohm</name>
         <value>0x3fcf92</value>
      </symbol>
      <symbol id="sm-5b0">
         <name>_EST_getRs_Ohm</name>
         <value>0x3fcef8</value>
      </symbol>
      <symbol id="sm-5b2">
         <name>_EST_getSpeed_krpm</name>
         <value>0x3fceab</value>
      </symbol>
      <symbol id="sm-5b4">
         <name>_EST_getState</name>
         <value>0x3fc000</value>
      </symbol>
      <symbol id="sm-5b6">
         <name>_EST_get_krpm_to_pu_sf</name>
         <value>0x3fce3d</value>
      </symbol>
      <symbol id="sm-5b8">
         <name>_EST_get_pu_to_krpm_sf</name>
         <value>0x3fce38</value>
      </symbol>
      <symbol id="sm-5ba">
         <name>_EST_isError</name>
         <value>0x3fcd72</value>
      </symbol>
      <symbol id="sm-5bc">
         <name>_EST_isIdle</name>
         <value>0x3fcd6b</value>
      </symbol>
      <symbol id="sm-5be">
         <name>_EST_isLockRotor</name>
         <value>0x3fcd64</value>
      </symbol>
      <symbol id="sm-5c0">
         <name>_EST_isMotorIdentified</name>
         <value>0x3fc05e</value>
      </symbol>
      <symbol id="sm-5c2">
         <name>_EST_isOnLine</name>
         <value>0x3fcd5d</value>
      </symbol>
      <symbol id="sm-5c4">
         <name>_EST_resetCounter_ctrl</name>
         <value>0x3fc5ed</value>
      </symbol>
      <symbol id="sm-5c6">
         <name>_EST_resetCounter_state</name>
         <value>0x3fc05a</value>
      </symbol>
      <symbol id="sm-5c8">
         <name>_EST_run</name>
         <value>0x3fcc60</value>
      </symbol>
      <symbol id="sm-5ca">
         <name>_EST_setFlag_enableFluxControl</name>
         <value>0x3fc5c5</value>
      </symbol>
      <symbol id="sm-5cc">
         <name>_EST_setFlag_enableForceAngle</name>
         <value>0x3fc5c0</value>
      </symbol>
      <symbol id="sm-5ce">
         <name>_EST_setFlag_enableRsOnLine</name>
         <value>0x3fc5bc</value>
      </symbol>
      <symbol id="sm-5d0">
         <name>_EST_setFlag_enableRsRecalc</name>
         <value>0x3fc5b8</value>
      </symbol>
      <symbol id="sm-5d2">
         <name>_EST_setFlag_estComplete</name>
         <value>0x3fc5b4</value>
      </symbol>
      <symbol id="sm-5d4">
         <name>_EST_setFlag_updateRs</name>
         <value>0x3fc5b0</value>
      </symbol>
      <symbol id="sm-5d6">
         <name>_EST_setFullScaleCurrent</name>
         <value>0x3fc594</value>
      </symbol>
      <symbol id="sm-5d8">
         <name>_EST_setFullScaleFreq</name>
         <value>0x3fc58b</value>
      </symbol>
      <symbol id="sm-5da">
         <name>_EST_setFullScaleResistance</name>
         <value>0x3fc573</value>
      </symbol>
      <symbol id="sm-5dc">
         <name>_EST_setFullScaleVoltage</name>
         <value>0x3fc56f</value>
      </symbol>
      <symbol id="sm-5de">
         <name>_EST_setIdRated_pu</name>
         <value>0x3fc569</value>
      </symbol>
      <symbol id="sm-5e0">
         <name>_EST_setId_ref_pu</name>
         <value>0x3fc565</value>
      </symbol>
      <symbol id="sm-5e2">
         <name>_EST_setIdle</name>
         <value>0x3fc55f</value>
      </symbol>
      <symbol id="sm-5e4">
         <name>_EST_setIdle_all</name>
         <value>0x3fc54c</value>
      </symbol>
      <symbol id="sm-5e6">
         <name>_EST_setIq_ref_pu</name>
         <value>0x3fc548</value>
      </symbol>
      <symbol id="sm-5e8">
         <name>_EST_setLs_d_pu</name>
         <value>0x3fc52a</value>
      </symbol>
      <symbol id="sm-5ea">
         <name>_EST_setLs_qFmt</name>
         <value>0x3fc4d6</value>
      </symbol>
      <symbol id="sm-5ec">
         <name>_EST_setLs_q_pu</name>
         <value>0x3fc4cc</value>
      </symbol>
      <symbol id="sm-5ee">
         <name>_EST_setMaxCurrentSlope_pu</name>
         <value>0x3fc4c0</value>
      </symbol>
      <symbol id="sm-5f0">
         <name>_EST_setMotorParams</name>
         <value>0x3fc4bb</value>
      </symbol>
      <symbol id="sm-5f2">
         <name>_EST_setRs_pu</name>
         <value>0x3fc3fd</value>
      </symbol>
      <symbol id="sm-5f4">
         <name>_EST_setWaitTimes</name>
         <value>0x3fc3e2</value>
      </symbol>
      <symbol id="sm-5f6">
         <name>_EST_updateId_ref_pu</name>
         <value>0x3fc3da</value>
      </symbol>
      <symbol id="sm-5f8">
         <name>_EST_updateState</name>
         <value>0x3fc0f8</value>
      </symbol>
      <symbol id="sm-5fa">
         <name>_EST_useZeroIq_ref</name>
         <value>0x3fc002</value>
      </symbol>
      <symbol id="sm-5fc">
         <name>__IQ24cosPU</name>
         <value>0x3ff854</value>
      </symbol>
      <symbol id="sm-5fe">
         <name>__IQ24rmpy</name>
         <value>0x3fff8f</value>
      </symbol>
      <symbol id="sm-600">
         <name>__IQ24sinPU</name>
         <value>0x3ff82b</value>
      </symbol>
      <symbol id="sm-602">
         <name>__IQ24sqrt</name>
         <value>0x3ff2aa</value>
      </symbol>
      <symbol id="sm-604">
         <name>__IQ29rsmpy</name>
         <value>0x3ff87b</value>
      </symbol>
      <symbol id="sm-606">
         <name>__IQ30rsmpy</name>
         <value>0x3fff52</value>
      </symbol>
      <symbol id="sm-608">
         <name>__IQ30toF</name>
         <value>0x3fff7b</value>
      </symbol>
      <symbol id="sm-623">
         <name>_c_int00</name>
         <value>0x3f3819</value>
         <object_component_ref idref="oc-15"/>
      </symbol>
      <symbol id="sm-624">
         <name>__stack</name>
         <value>0x302</value>
         <object_component_ref idref="oc-143"/>
      </symbol>
      <symbol id="sm-634">
         <name>__args_main</name>
         <value>0x3f3af4</value>
         <object_component_ref idref="oc-17d"/>
      </symbol>
      <symbol id="sm-641">
         <name>__system_post_cinit</name>
         <value>0x3f3b3b</value>
         <object_component_ref idref="oc-17c"/>
      </symbol>
      <symbol id="sm-64e">
         <name>__system_pre_init</name>
         <value>0x3f3b39</value>
         <object_component_ref idref="oc-17a"/>
      </symbol>
      <symbol id="sm-667">
         <name>_ceilf</name>
         <value>0x3f3753</value>
         <object_component_ref idref="oc-192"/>
      </symbol>
      <symbol id="sm-668">
         <name>_ceil</name>
         <value>0x3f3753</value>
         <object_component_ref idref="oc-192"/>
      </symbol>
      <symbol id="sm-67e">
         <name>_copy_in</name>
         <value>0x3f38b4</value>
         <object_component_ref idref="oc-17b"/>
      </symbol>
      <symbol id="sm-68d">
         <name>_ppcopy</name>
         <value>0x3f3ada</value>
         <object_component_ref idref="oc-163"/>
      </symbol>
      <symbol id="sm-68e">
         <name>_dpcopy</name>
         <value>0x3f3ada</value>
         <object_component_ref idref="oc-163"/>
      </symbol>
      <symbol id="sm-68f">
         <name>_pdcopy</name>
         <value>0x3f3ada</value>
         <object_component_ref idref="oc-163"/>
      </symbol>
      <symbol id="sm-690">
         <name>_ddcopy</name>
         <value>0x3f3ada</value>
         <object_component_ref idref="oc-163"/>
      </symbol>
      <symbol id="sm-6a5">
         <name>C$$EXIT</name>
         <value>0x3f3a0d</value>
         <object_component_ref idref="oc-17e"/>
      </symbol>
      <symbol id="sm-6a6">
         <name>_exit</name>
         <value>0x3f3a0f</value>
         <object_component_ref idref="oc-17e"/>
      </symbol>
      <symbol id="sm-6a7">
         <name>___TI_cleanup_ptr</name>
         <value>0x88ea</value>
         <object_component_ref idref="oc-16a"/>
      </symbol>
      <symbol id="sm-6a8">
         <name>___TI_enable_exit_profile_output</name>
         <value>0x88e8</value>
         <object_component_ref idref="oc-16a"/>
      </symbol>
      <symbol id="sm-6a9">
         <name>_abort</name>
         <value>0x3f3a0d</value>
         <object_component_ref idref="oc-17e"/>
      </symbol>
      <symbol id="sm-6aa">
         <name>___TI_dtors_ptr</name>
         <value>0x88ec</value>
         <object_component_ref idref="oc-16a"/>
      </symbol>
      <symbol id="sm-6bf">
         <name>__unlock</name>
         <value>0x88f0</value>
         <object_component_ref idref="oc-1a2"/>
      </symbol>
      <symbol id="sm-6c0">
         <name>__lock</name>
         <value>0x88ee</value>
         <object_component_ref idref="oc-184"/>
      </symbol>
      <symbol id="sm-6c1">
         <name>__register_lock</name>
         <value>0x3f3b21</value>
         <object_component_ref idref="oc-190"/>
      </symbol>
      <symbol id="sm-6c2">
         <name>__nop</name>
         <value>0x3f3b25</value>
         <object_component_ref idref="oc-190"/>
      </symbol>
      <symbol id="sm-6c3">
         <name>__register_unlock</name>
         <value>0x3f3b1d</value>
         <object_component_ref idref="oc-190"/>
      </symbol>
      <symbol id="sm-6c5">
         <name>_log</name>
         <value>0x3fda88</value>
      </symbol>
      <symbol id="sm-6c7">
         <name>_pow</name>
         <value>0x3fdd64</value>
      </symbol>
      <symbol id="sm-6e3">
         <name>_sqrtf</name>
         <value>0x3f36e0</value>
         <object_component_ref idref="oc-193"/>
      </symbol>
      <symbol id="sm-6e4">
         <name>_sqrt</name>
         <value>0x3f36e0</value>
         <object_component_ref idref="oc-193"/>
      </symbol>
      <symbol id="sm-6e6">
         <name>_errno</name>
         <value>0x7fc</value>
      </symbol>
   </symbol_table>
   <title>Link successful</title>
</link_info>
